ARM Linker, 4.1 [Build 644] [Standard]

==============================================================================

Section Cross References

    kitronix320x240x16_ssd2119_8bit.o(i.InitGPIOLCDInterface) refers to sysctl.o(.emb_text) for SysCtlDelay
    kitronix320x240x16_ssd2119_8bit.o(i.Kitronix320x240x16_SSD2119Init) refers to kitronix320x240x16_ssd2119_8bit.o(i.InitGPIOLCDInterface) for InitGPIOLCDInterface
    kitronix320x240x16_ssd2119_8bit.o(i.Kitronix320x240x16_SSD2119Init) refers to sysctl.o(.emb_text) for SysCtlDelay
    kitronix320x240x16_ssd2119_8bit.o(i.Kitronix320x240x16_SSD2119Init) refers to set_pinout.o(.data) for g_eDaughterType
    kitronix320x240x16_ssd2119_8bit.o(i.Kitronix320x240x16_SSD2119Init) refers to kitronix320x240x16_ssd2119_8bit.o(.data) for .data
    kitronix320x240x16_ssd2119_8bit.o(i.Kitronix320x240x16_SSD2119Init) refers to kitronix320x240x16_ssd2119_8bit.o(i.WriteDataEPI) for WriteDataEPI
    kitronix320x240x16_ssd2119_8bit.o(i.Kitronix320x240x16_SSD2119Init) refers to kitronix320x240x16_ssd2119_8bit.o(i.WriteCommandEPI) for WriteCommandEPI
    kitronix320x240x16_ssd2119_8bit.o(i.Kitronix320x240x16_SSD2119Init) refers to kitronix320x240x16_ssd2119_8bit.o(i.WriteDataFPGA) for WriteDataFPGA
    kitronix320x240x16_ssd2119_8bit.o(i.Kitronix320x240x16_SSD2119Init) refers to kitronix320x240x16_ssd2119_8bit.o(i.WriteCommandFPGA) for WriteCommandFPGA
    kitronix320x240x16_ssd2119_8bit.o(i.Kitronix320x240x16_SSD2119LineDrawH) refers to kitronix320x240x16_ssd2119_8bit.o(.data) for .data
    kitronix320x240x16_ssd2119_8bit.o(i.Kitronix320x240x16_SSD2119LineDrawV) refers to kitronix320x240x16_ssd2119_8bit.o(.data) for .data
    kitronix320x240x16_ssd2119_8bit.o(i.Kitronix320x240x16_SSD2119PixelDraw) refers to kitronix320x240x16_ssd2119_8bit.o(.data) for .data
    kitronix320x240x16_ssd2119_8bit.o(i.Kitronix320x240x16_SSD2119PixelDrawMultiple) refers to kitronix320x240x16_ssd2119_8bit.o(.data) for .data
    kitronix320x240x16_ssd2119_8bit.o(i.Kitronix320x240x16_SSD2119RectFill) refers to kitronix320x240x16_ssd2119_8bit.o(.data) for .data
    kitronix320x240x16_ssd2119_8bit.o(i.WriteCommandFPGA) refers to sysctl.o(.emb_text) for SysCtlDelay
    kitronix320x240x16_ssd2119_8bit.o(i.WriteDataFPGA) refers to sysctl.o(.emb_text) for SysCtlDelay
    kitronix320x240x16_ssd2119_8bit.o(.constdata) refers to kitronix320x240x16_ssd2119_8bit.o(i.Kitronix320x240x16_SSD2119PixelDraw) for Kitronix320x240x16_SSD2119PixelDraw
    kitronix320x240x16_ssd2119_8bit.o(.constdata) refers to kitronix320x240x16_ssd2119_8bit.o(i.Kitronix320x240x16_SSD2119PixelDrawMultiple) for Kitronix320x240x16_SSD2119PixelDrawMultiple
    kitronix320x240x16_ssd2119_8bit.o(.constdata) refers to kitronix320x240x16_ssd2119_8bit.o(i.Kitronix320x240x16_SSD2119LineDrawH) for Kitronix320x240x16_SSD2119LineDrawH
    kitronix320x240x16_ssd2119_8bit.o(.constdata) refers to kitronix320x240x16_ssd2119_8bit.o(i.Kitronix320x240x16_SSD2119LineDrawV) for Kitronix320x240x16_SSD2119LineDrawV
    kitronix320x240x16_ssd2119_8bit.o(.constdata) refers to kitronix320x240x16_ssd2119_8bit.o(i.Kitronix320x240x16_SSD2119RectFill) for Kitronix320x240x16_SSD2119RectFill
    kitronix320x240x16_ssd2119_8bit.o(.constdata) refers to kitronix320x240x16_ssd2119_8bit.o(i.Kitronix320x240x16_SSD2119ColorTranslate) for Kitronix320x240x16_SSD2119ColorTranslate
    kitronix320x240x16_ssd2119_8bit.o(.constdata) refers to kitronix320x240x16_ssd2119_8bit.o(i.Kitronix320x240x16_SSD2119Flush) for Kitronix320x240x16_SSD2119Flush
    kitronix320x240x16_ssd2119_8bit.o(.data) refers to kitronix320x240x16_ssd2119_8bit.o(i.WriteDataGPIO) for WriteDataGPIO
    kitronix320x240x16_ssd2119_8bit.o(.data) refers to kitronix320x240x16_ssd2119_8bit.o(i.WriteCommandGPIO) for WriteCommandGPIO
    set_pinout.o(i.DaughterBoardTypeGet) refers to sysctl.o(.emb_text) for SysCtlDelay
    set_pinout.o(i.DaughterBoardTypeGet) refers to set_pinout.o(i.EEPROMReadPolled) for EEPROMReadPolled
    set_pinout.o(i.EEPROMReadPolled) refers to i2c.o(i.I2CMasterErr) for I2CMasterErr
    set_pinout.o(i.EEPROMReadPolled) refers to sysctl.o(.emb_text) for SysCtlDelay
    set_pinout.o(i.EPIPinConfigSet) refers to set_pinout.o(i.EPIDividerFromRate) for EPIDividerFromRate
    set_pinout.o(i.EPIPinConfigSet) refers to epi.o(i.EPIDividerSet) for EPIDividerSet
    set_pinout.o(i.EPIPinConfigSet) refers to epi.o(i.EPIModeSet) for EPIModeSet
    set_pinout.o(i.EPIPinConfigSet) refers to epi.o(i.EPIConfigSDRAMSet) for EPIConfigSDRAMSet
    set_pinout.o(i.EPIPinConfigSet) refers to set_pinout.o(i.HB8ConfigGet) for HB8ConfigGet
    set_pinout.o(i.EPIPinConfigSet) refers to epi.o(i.EPIConfigHB8Set) for EPIConfigHB8Set
    set_pinout.o(i.EPIPinConfigSet) refers to epi.o(i.EPIConfigGPModeSet) for EPIConfigGPModeSet
    set_pinout.o(i.EPIPinConfigSet) refers to epi.o(i.EPIAddressMapSet) for EPIAddressMapSet
[...]
    PortControlSet                           0x00002ba5   Thumb Code   182  set_pinout.o(i.PortControlSet)
    i.RectangularButtonMsgProc               0x00002c94   Section        0  pushbutton.o(i.RectangularButtonMsgProc)
    i.RectangularButtonPaint                 0x00002dc0   Section        0  pushbutton.o(i.RectangularButtonPaint)
    RectangularButtonPaint                   0x00002dc1   Thumb Code   522  pushbutton.o(i.RectangularButtonPaint)
    i.SELECT                                 0x00002fd0   Section        0  mmc-dk-lm3s9b96.o(i.SELECT)
    SELECT                                   0x00002fd1   Thumb Code    28  mmc-dk-lm3s9b96.o(i.SELECT)
    i.SSIConfigSetExpClk                     0x00002ff0   Section        0  ssi.o(i.SSIConfigSetExpClk)
    i.SSIDataGet                             0x0000303a   Section        0  ssi.o(i.SSIDataGet)
    i.SSIDataPut                             0x00003048   Section        0  ssi.o(i.SSIDataPut)
    i.SSIDisable                             0x00003054   Section        0  ssi.o(i.SSIDisable)
    i.SSIEnable                              0x0000305e   Section        0  ssi.o(i.SSIEnable)
    i.SliderClick                            0x00003068   Section        0  slider.o(i.SliderClick)
    SliderClick                              0x00003069   Thumb Code   204  slider.o(i.SliderClick)
    i.SliderMsgProc                          0x00003134   Section        0  slider.o(i.SliderMsgProc)
    i.SliderPaint                            0x00003162   Section        0  slider.o(i.SliderPaint)
    SliderPaint                              0x00003163   Thumb Code   728  slider.o(i.SliderPaint)
    i.SliderPositionToValue                  0x0000343a   Section        0  slider.o(i.SliderPositionToValue)
    SliderPositionToValue                    0x0000343b   Thumb Code    94  slider.o(i.SliderPositionToValue)
    i.SliderValueToPosition                  0x00003498   Section        0  slider.o(i.SliderValueToPosition)
    SliderValueToPosition                    0x00003499   Thumb Code   156  slider.o(i.SliderValueToPosition)
    i.SoundBufferPlay                        0x00003534   Section        0  sound.o(i.SoundBufferPlay)
    i.SoundInit                              0x000035d4   Section        0  sound.o(i.SoundInit)
    i.SoundIntHandler                        0x000036a8   Section        0  sound.o(i.SoundIntHandler)
    i.SoundSetFormat                         0x00003768   Section        0  sound.o(i.SoundSetFormat)
    i.SoundVolumeSet                         0x00003918   Section        0  sound.o(i.SoundVolumeSet)
    i.SysCtlClockGet                         0x00003924   Section        0  sysctl.o(i.SysCtlClockGet)
    i.SysCtlI2SMClkSet                       0x00003b54   Section        0  sysctl.o(i.SysCtlI2SMClkSet)
    i.SysCtlPWMClockSet                      0x00003c2c   Section        0  sysctl.o(i.SysCtlPWMClockSet)
    i.SysCtlPeripheralEnable                 0x00003c40   Section        0  sysctl.o(i.SysCtlPeripheralEnable)
    i.SysCtlPeripheralReset                  0x00003c90   Section        0  sysctl.o(i.SysCtlPeripheralReset)
    i.SysTickHandler                         0x00003d08   Section        0  rhythm.o(i.SysTickHandler)
    i.TLV320AIC23BHeadPhoneVolumeSet         0x00003d0c   Section        0  tlv320aic23b.o(i.TLV320AIC23BHeadPhoneVolumeSet)
    i.TLV320AIC23BInit                       0x00003d50   Section        0  tlv320aic23b.o(i.TLV320AIC23BInit)
    i.TLV320AIC23BLineInVolumeSet            0x00003e10   Section        0  tlv320aic23b.o(i.TLV320AIC23BLineInVolumeSet)
    i.TLV320AIC23BWriteRegister              0x00003e28   Section        0  tlv320aic23b.o(i.TLV320AIC23BWriteRegister)
    TLV320AIC23BWriteRegister                0x00003e29   Thumb Code   148  tlv320aic23b.o(i.TLV320AIC23BWriteRegister)
    i.Timer0A_ISR                            0x00003ec0   Section        0  rhythm.o(i.Timer0A_ISR)
    i.TimerConfigure                         0x00003eec   Section        0  timer.o(i.TimerConfigure)
    i.TimerDisable                           0x00003f10   Section        0  timer.o(i.TimerDisable)
    i.TimerEnable                            0x00003f20   Section        0  timer.o(i.TimerEnable)
    i.TimerInitial                           0x00003f30   Section        0  rhythm.o(i.TimerInitial)
    i.TimerIntClear                          0x00003f74   Section        0  timer.o(i.TimerIntClear)
    i.TimerIntEnable                         0x00003f78   Section        0  timer.o(i.TimerIntEnable)
    i.TimerIntStatus                         0x00003f80   Section        0  timer.o(i.TimerIntStatus)
    i.TimerLoadSet                           0x00003f8a   Section        0  timer.o(i.TimerLoadSet)
    i.TouchScreenCallbackSet                 0x00003f9c   Section        0  touch.o(i.TouchScreenCallbackSet)
    i.TouchScreenDebouncer                   0x00003fa8   Section        0  touch.o(i.TouchScreenDebouncer)
    TouchScreenDebouncer                     0x00003fa9   Thumb Code   260  touch.o(i.TouchScreenDebouncer)
    i.TouchScreenInit                        0x000040b4   Section        0  touch.o(i.TouchScreenInit)
    i.TouchScreenIntHandler                  0x00004218   Section        0  touch.o(i.TouchScreenIntHandler)
    i.UART0Initial                           0x00004390   Section        0  rhythm.o(i.UART0Initial)
    i.UARTCharPut                            0x000043d8   Section        0  uart.o(i.UARTCharPut)
    i.UARTConfigSetExpClk                    0x000043e2   Section        0  uart.o(i.UARTConfigSetExpClk)
    i.UARTDisable                            0x0000442a   Section        0  uart.o(i.UARTDisable)
    i.UARTEnable                             0x00004444   Section        0  uart.o(i.UARTEnable)
    i.UpdateContextCharMapping               0x00004458   Section        0  string.o(i.UpdateContextCharMapping)
    UpdateContextCharMapping                 0x00004459   Thumb Code   108  string.o(i.UpdateContextCharMapping)
    i.WaveOpen                               0x000044c4   Section        0  rhythm.o(i.WaveOpen)
    i.WaveRead                               0x000046bc   Section        0  rhythm.o(i.WaveRead)
    i.WidgetAdd                              0x00004704   Section        0  widget.o(i.WidgetAdd)
    i.WidgetDefaultMsgProc                   0x0000472a   Section        0  widget.o(i.WidgetDefaultMsgProc)
    i.WidgetMessageQueueAdd                  0x00004730   Section        0  widget.o(i.WidgetMessageQueueAdd)
    i.WidgetMessageQueueProcess              0x00004814   Section        0  widget.o(i.WidgetMessageQueueProcess)
    i.WidgetMessageSendPostOrder             0x000048c0   Section        0  widget.o(i.WidgetMessageSendPostOrder)
    i.WidgetPointerMessage                   0x0000499c   Section        0  widget.o(i.WidgetPointerMessage)
    i.WidgetRemove                           0x000049bc   Section        0  widget.o(i.WidgetRemove)
    i.WriteCommandEPI                        0x00004a58   Section        0  kitronix320x240x16_ssd2119_8bit.o(i.WriteCommandEPI)
    WriteCommandEPI                          0x00004a59   Thumb Code    12  kitronix320x240x16_ssd2119_8bit.o(i.WriteCommandEPI)
    i.WriteCommandFPGA                       0x00004a64   Section        0  kitronix320x240x16_ssd2119_8bit.o(i.WriteCommandFPGA)
    WriteCommandFPGA                         0x00004a65   Thumb Code    12  kitronix320x240x16_ssd2119_8bit.o(i.WriteCommandFPGA)
    i.WriteCommandGPIO                       0x00004a70   Section        0  kitronix320x240x16_ssd2119_8bit.o(i.WriteCommandGPIO)
    WriteCommandGPIO                         0x00004a71   Thumb Code    42  kitronix320x240x16_ssd2119_8bit.o(i.WriteCommandGPIO)
    i.WriteDataEPI                           0x00004aa4   Section        0  kitronix320x240x16_ssd2119_8bit.o(i.WriteDataEPI)
    WriteDataEPI                             0x00004aa5   Thumb Code    12  kitronix320x240x16_ssd2119_8bit.o(i.WriteDataEPI)
    i.WriteDataFPGA                          0x00004ab0   Section        0  kitronix320x240x16_ssd2119_8bit.o(i.WriteDataFPGA)
    WriteDataFPGA                            0x00004ab1   Thumb Code    12  kitronix320x240x16_ssd2119_8bit.o(i.WriteDataFPGA)
    i.WriteDataGPIO                          0x00004abc   Section        0  kitronix320x240x16_ssd2119_8bit.o(i.WriteDataGPIO)
    WriteDataGPIO                            0x00004abd   Thumb Code    34  kitronix320x240x16_ssd2119_8bit.o(i.WriteDataGPIO)
    i.__0sprintf$1                           0x00004ae8   Section        0  printf1.o(i.__0sprintf$1)
    i.__scatterload_copy                     0x00004b10   Section       14  handlers.o(i.__scatterload_copy)
    i.__scatterload_null                     0x00004b1e   Section        2  handlers.o(i.__scatterload_null)
    i.__scatterload_zeroinit                 0x00004b20   Section       14  handlers.o(i.__scatterload_zeroinit)
    i._printf_core                           0x00004b30   Section        0  printf1.o(i._printf_core)
    _printf_core                             0x00004b31   Thumb Code   338  printf1.o(i._printf_core)
    i._sputc                                 0x00004c88   Section        0  printf1.o(i._sputc)
    _sputc                                   0x00004c89   Thumb Code    10  printf1.o(i._sputc)
    i.auto_mount                             0x00004c94   Section        0  ff.o(i.auto_mount)
    auto_mount                               0x00004c95   Thumb Code   324  ff.o(i.auto_mount)
    i.check_fs                               0x00004ddc   Section        0  ff.o(i.check_fs)
    check_fs                                 0x00004ddd   Thumb Code    84  ff.o(i.check_fs)
    i.clr                                    0x00004e3c   Section        0  rhythm.o(i.clr)
    i.clust2sect                             0x00004e74   Section        0  ff.o(i.clust2sect)
    clust2sect                               0x00004e75   Thumb Code    26  ff.o(i.clust2sect)
    i.create_chain                           0x00004e8e   Section        0  ff.o(i.create_chain)
    create_chain                             0x00004e8f   Thumb Code   134  ff.o(i.create_chain)
    i.destroyrec                             0x00004f14   Section        0  rhythm.o(i.destroyrec)
    i.destroyrec1                            0x00004f58   Section        0  rhythm.o(i.destroyrec1)
    i.disk_initialize                        0x00004fe8   Section        0  mmc-dk-lm3s9b96.o(i.disk_initialize)
    i.disk_ioctl                             0x00005148   Section        0  mmc-dk-lm3s9b96.o(i.disk_ioctl)
    i.disk_read                              0x00005288   Section        0  mmc-dk-lm3s9b96.o(i.disk_read)
    i.disk_status                            0x00005340   Section        0  mmc-dk-lm3s9b96.o(i.disk_status)
    i.disk_timerproc                         0x00005350   Section        0  mmc-dk-lm3s9b96.o(i.disk_timerproc)
    i.disk_write                             0x0000536c   Section        0  mmc-dk-lm3s9b96.o(i.disk_write)
    i.f_close                                0x00005418   Section        0  ff.o(i.f_close)
    i.f_mount                                0x0000542c   Section        0  ff.o(i.f_mount)
    i.f_open                                 0x00005464   Section        0  ff.o(i.f_open)
    i.f_opendir                              0x00005596   Section        0  ff.o(i.f_opendir)
    i.f_read                                 0x000055ee   Section        0  ff.o(i.f_read)
    i.f_readdir                              0x0000572c   Section        0  ff.o(i.f_readdir)
    i.f_sync                                 0x00005790   Section        0  ff.o(i.f_sync)
    i.get_cluster                            0x00005806   Section        0  ff.o(i.get_cluster)
    get_cluster                              0x00005807   Thumb Code   172  ff.o(i.get_cluster)
    i.get_fattime                            0x000058b4   Section        0  mmc-dk-lm3s9b96.o(i.get_fattime)
    i.get_fileinfo                           0x000058bc   Section        0  ff.o(i.get_fileinfo)
    get_fileinfo                             0x000058bd   Thumb Code   120  ff.o(i.get_fileinfo)
    i.getdata                                0x00005934   Section        0  rhythm.o(i.getdata)
    i.initialarray                           0x000059f4   Section        0  rhythm.o(i.initialarray)
    i.main                                   0x00005a4c   Section        0  rhythm.o(i.main)
    i.make_dirfile                           0x00006830   Section        0  ff.o(i.make_dirfile)
    make_dirfile                             0x00006831   Thumb Code   212  ff.o(i.make_dirfile)
    i.max                                    0x00006904   Section        0  rhythm.o(i.max)
    i.missorperfect                          0x00006910   Section        0  rhythm.o(i.missorperfect)
    i.move_window                            0x000069a4   Section        0  ff.o(i.move_window)
    move_window                              0x000069a5   Thumb Code   120  ff.o(i.move_window)
    i.moverec                                0x00006a1c   Section        0  rhythm.o(i.moverec)
    i.moverec1                               0x00006a6c   Section        0  rhythm.o(i.moverec1)
    i.next_dir_entry                         0x00006b80   Section        0  ff.o(i.next_dir_entry)
    next_dir_entry                           0x00006b81   Thumb Code    86  ff.o(i.next_dir_entry)
    i.onpress1                               0x00006bd8   Section        0  rhythm.o(i.onpress1)
    i.onpress2                               0x00006d20   Section        0  rhythm.o(i.onpress2)
    i.onpress3                               0x00006e68   Section        0  rhythm.o(i.onpress3)
    i.onpress4                               0x00006fb0   Section        0  rhythm.o(i.onpress4)
    i.onpresschooseok                        0x000070f8   Section        0  rhythm.o(i.onpresschooseok)
    i.onpresseasy                            0x00007114   Section        0  rhythm.o(i.onpresseasy)
    i.onpresshard                            0x00007124   Section        0  rhythm.o(i.onpresshard)
    i.onpressnormal                          0x00007134   Section        0  rhythm.o(i.onpressnormal)
    i.onpressok                              0x00007144   Section        0  rhythm.o(i.onpressok)
    i.onpressreturn                          0x00007154   Section        0  rhythm.o(i.onpressreturn)
    i.onpressstart                           0x00007164   Section        0  rhythm.o(i.onpressstart)
    i.populate                               0x00007174   Section        0  rhythm.o(i.populate)
    i.power_on                               0x00007228   Section        0  mmc-dk-lm3s9b96.o(i.power_on)
    power_on                                 0x00007229   Thumb Code   160  mmc-dk-lm3s9b96.o(i.power_on)
    i.printlevel                             0x000072e0   Section        0  rhythm.o(i.printlevel)
    i.put_cluster                            0x00007420   Section        0  ff.o(i.put_cluster)
    put_cluster                              0x00007421   Thumb Code   210  ff.o(i.put_cluster)
    i.rcvr_datablock                         0x000074f4   Section        0  mmc-dk-lm3s9b96.o(i.rcvr_datablock)
    rcvr_datablock                           0x000074f5   Thumb Code    76  mmc-dk-lm3s9b96.o(i.rcvr_datablock)
    i.rcvr_spi                               0x00007544   Section        0  mmc-dk-lm3s9b96.o(i.rcvr_spi)
    rcvr_spi                                 0x00007545   Thumb Code    26  mmc-dk-lm3s9b96.o(i.rcvr_spi)
    i.remove_chain                           0x00007564   Section        0  ff.o(i.remove_chain)
    remove_chain                             0x00007565   Thumb Code    66  ff.o(i.remove_chain)
    i.reserve_direntry                       0x000075a6   Section        0  ff.o(i.reserve_direntry)
    reserve_direntry                         0x000075a7   Thumb Code   190  ff.o(i.reserve_direntry)
    i.send_cmd                               0x00007664   Section        0  mmc-dk-lm3s9b96.o(i.send_cmd)
    send_cmd                                 0x00007665   Thumb Code   102  mmc-dk-lm3s9b96.o(i.send_cmd)
    i.send_initial_clock_train               0x000076cc   Section        0  mmc-dk-lm3s9b96.o(i.send_initial_clock_train)
    send_initial_clock_train                 0x000076cd   Thumb Code    64  mmc-dk-lm3s9b96.o(i.send_initial_clock_train)
    i.setvolume                              0x00007710   Section        0  rhythm.o(i.setvolume)
    i.sync                                   0x00007724   Section        0  ff.o(i.sync)
    sync                                     0x00007725   Thumb Code    40  ff.o(i.sync)
    i.trace_path                             0x0000774c   Section        0  ff.o(i.trace_path)
    trace_path                               0x0000774d   Thumb Code   196  ff.o(i.trace_path)
    i.uDMAChannelAttributeDisable            0x00007810   Section        0  udma.o(i.uDMAChannelAttributeDisable)
    i.uDMAChannelAttributeEnable             0x00007858   Section        0  udma.o(i.uDMAChannelAttributeEnable)
    i.uDMAChannelControlSet                  0x000078a0   Section        0  udma.o(i.uDMAChannelControlSet)
    i.uDMAChannelEnable                      0x000078c0   Section        0  udma.o(i.uDMAChannelEnable)
    i.uDMAChannelModeGet                     0x000078d4   Section        0  udma.o(i.uDMAChannelModeGet)
    i.uDMAChannelTransferSet                 0x000078fc   Section        0  udma.o(i.uDMAChannelTransferSet)
    i.uartstringput                          0x0000797c   Section        0  rhythm.o(i.uartstringput)
    i.validate                               0x0000799e   Section        0  ff.o(i.validate)
    validate                                 0x0000799f   Thumb Code    30  ff.o(i.validate)
    i.wait_ready                             0x000079bc   Section        0  mmc-dk-lm3s9b96.o(i.wait_ready)
    wait_ready                               0x000079bd   Thumb Code    28  mmc-dk-lm3s9b96.o(i.wait_ready)
    i.xmit_datablock                         0x000079dc   Section        0  mmc-dk-lm3s9b96.o(i.xmit_datablock)
    xmit_datablock                           0x000079dd   Thumb Code    80  mmc-dk-lm3s9b96.o(i.xmit_datablock)
    i.xmit_spi                               0x00007a2c   Section        0  mmc-dk-lm3s9b96.o(i.xmit_spi)
    xmit_spi                                 0x00007a2d   Thumb Code    22  mmc-dk-lm3s9b96.o(i.xmit_spi)
    .constdata                               0x00007a48   Section       40  kitronix320x240x16_ssd2119_8bit.o(.constdata)
    .constdata                               0x00007a70   Section      292  set_pinout.o(.constdata)
    g_psEPIPinInfo                           0x00007a94   Data         256  set_pinout.o(.constdata)
    .constdata                               0x00007b94   Section       84  touch.o(.constdata)
    .constdata                               0x00007be8   Section      120  gpio.o(.constdata)
    g_pulGPIOBaseAddrs                       0x00007be8   Data         120  gpio.o(.constdata)
    .constdata                               0x00007c60   Section       13  tlv320aic23b.o(.constdata)
    pucVolumeTable                           0x00007c60   Data          13  tlv320aic23b.o(.constdata)
    .constdata                               0x00007c70   Section      268  interrupt.o(.constdata)
    g_pulPriority                            0x00007c70   Data          32  interrupt.o(.constdata)
    g_pulRegs                                0x00007c90   Data         156  interrupt.o(.constdata)
    g_pulEnRegs                              0x00007d2c   Data          20  interrupt.o(.constdata)
    g_pulDisRegs                             0x00007d40   Data          20  interrupt.o(.constdata)
    g_pulPendRegs                            0x00007d54   Data          20  interrupt.o(.constdata)
    g_pulUnpendRegs                          0x00007d68   Data          20  interrupt.o(.constdata)
    .constdata                               0x00007d7c   Section      460  sysctl.o(.constdata)
    g_pulDCRegs                              0x00007d7c   Data          16  sysctl.o(.constdata)
    g_pulSRCRRegs                            0x00007d8c   Data          12  sysctl.o(.constdata)
    g_pulRCGCRegs                            0x00007d98   Data          12  sysctl.o(.constdata)
    g_pulSCGCRegs                            0x00007da4   Data          12  sysctl.o(.constdata)
    g_pulDCGCRegs                            0x00007db0   Data          12  sysctl.o(.constdata)
    g_pulXtals                               0x00007dbc   Data         108  sysctl.o(.constdata)
    g_ppulPeripheralMap                      0x00007e28   Data         288  sysctl.o(.constdata)
    .constdata                               0x00007f48   Section       16  context.o(.constdata)
    .constdata                               0x00007f58   Section     2398  fontcm20.o(.constdata)
    g_pucCm20Data                            0x00007f58   Data        2398  fontcm20.o(.constdata)
    .constdata                               0x000088b8   Section      200  fontcm20.o(.constdata)
    .constdata                               0x00008980   Section     2241  fontcmss20.o(.constdata)
    g_pucCmss20Data                          0x00008980   Data        2241  fontcmss20.o(.constdata)
    .constdata                               0x00009244   Section      200  fontcmss20.o(.constdata)
    .constdata                               0x0000930c   Section     2334  fontcmss22b.o(.constdata)
    g_pucCmss22bData                         0x0000930c   Data        2334  fontcmss22b.o(.constdata)
    .constdata                               0x00009c2c   Section      200  fontcmss22b.o(.constdata)
    .constdata                               0x00009cf4   Section     5849  fontcmss48b.o(.constdata)
    g_pucCmss48bData                         0x00009cf4   Data        5849  fontcmss48b.o(.constdata)
    .constdata                               0x0000b3d0   Section      200  fontcmss48b.o(.constdata)
    .conststring                             0x0000b498   Section       37  rhythm.o(.conststring)
    .data                                    0x20000000   Section        8  kitronix320x240x16_ssd2119_8bit.o(.data)
    .data                                    0x20000008   Section        2  set_pinout.o(.data)
    .data                                    0x2000000c   Section       20  touch.o(.data)
    g_cState                                 0x2000000c   Data           1  touch.o(.data)
    g_cIndex                                 0x2000000d   Data           1  touch.o(.data)
    g_ulTSState                              0x20000018   Data           4  touch.o(.data)
    g_pfnTSHandler                           0x2000001c   Data           4  touch.o(.data)
    .data                                    0x20000020   Section       12  ff.o(.data)
    fsid                                     0x20000020   Data           2  ff.o(.data)
    FatFs                                    0x20000024   Data           8  ff.o(.data)
    .data                                    0x2000002c   Section        5  mmc-dk-lm3s9b96.o(.data)
    Stat                                     0x2000002c   Data           1  mmc-dk-lm3s9b96.o(.data)
    PowerFlag                                0x2000002d   Data           1  mmc-dk-lm3s9b96.o(.data)
    Timer1                                   0x2000002e   Data           1  mmc-dk-lm3s9b96.o(.data)
    Timer2                                   0x2000002f   Data           1  mmc-dk-lm3s9b96.o(.data)
    CardType                                 0x20000030   Data           1  mmc-dk-lm3s9b96.o(.data)
    .data                                    0x20000031   Section        2  tlv320aic23b.o(.data)
    g_ucHPVolume                             0x20000031   Data           1  tlv320aic23b.o(.data)
    g_ucEnabled                              0x20000032   Data           1  tlv320aic23b.o(.data)
    .data                                    0x20000034   Section       60  sound.o(.data)
    g_ucVolume                               0x20000034   Data           1  sound.o(.data)
    g_ulMusicCount                           0x20000036   Data           2  sound.o(.data)
    g_ulMusicSize                            0x20000038   Data           2  sound.o(.data)
    g_usChannels                             0x2000003a   Data           2  sound.o(.data)
    g_usBitsPerSample                        0x2000003c   Data           2  sound.o(.data)
    g_pusMusic                               0x20000040   Data           4  sound.o(.data)
    g_ulFrequency                            0x20000044   Data           4  sound.o(.data)
    g_ulDACStep                              0x20000048   Data           4  sound.o(.data)
    g_ulSize                                 0x2000004c   Data           4  sound.o(.data)
    g_ulTicks                                0x20000050   Data           4  sound.o(.data)
    g_pvFIFORecord                           0x20000054   Data           4  sound.o(.data)
    g_ulDMAFlags                             0x20000058   Data           4  sound.o(.data)
    g_ulPlaying                              0x2000005c   Data           4  sound.o(.data)
    g_ulRecording                            0x20000060   Data           4  sound.o(.data)
    g_ulSampleRate                           0x20000064   Data           4  sound.o(.data)
    .data                                    0x20000070   Section     1272  rhythm.o(.data)
    g_ulFlags                                0x200000c0   Data           4  rhythm.o(.data)
    g_ulBytesPlayed                          0x200000c4   Data           4  rhythm.o(.data)
    g_ulBytesRemaining                       0x200000c8   Data           4  rhythm.o(.data)
    .data                                    0x20000568   Section        4  context.o(.data)
    g_psGrLibDefaults                        0x20000568   Data           4  context.o(.data)
    .data                                    0x2000056c   Section       52  widget.o(.data)
    g_ucMQMutex                              0x2000056c   Data           1  widget.o(.data)
    g_pPointerWidget                         0x20000570   Data           4  widget.o(.data)
    g_ulMQRead                               0x20000574   Data           4  widget.o(.data)
    g_ulMQWrite                              0x20000578   Data           4  widget.o(.data)
    .bss                                     0x200005a0   Section       16  touch.o(.bss)
    g_psSamples                              0x200005a0   Data          16  touch.o(.bss)
    .bss                                     0x200005b0   Section     2096  sound.o(.bss)
    g_pulTxBuf                               0x200005b0   Data        2048  sound.o(.bss)
    g_sOutBuffers                            0x20000db0   Data          24  sound.o(.bss)
    g_sInBuffers                             0x20000dc8   Data          24  sound.o(.bss)
    .bss                                     0x20001000   Section    36760  rhythm.o(.bss)
    pFile                                    0x20001800   Data         548  rhythm.o(.bss)
    g_sFatFs                                 0x20001a24   Data         556  rhythm.o(.bss)
    g_sDirObject                             0x20001c50   Data          20  rhythm.o(.bss)
    g_sFileInfo                              0x20001c64   Data          24  rhythm.o(.bss)
    g_pucBuffer                              0x20009366   Data        3100  rhythm.o(.bss)
    g_sWaveHeader                            0x20009f84   Data          20  rhythm.o(.bss)
    .bss                                     0x20009f98   Section       32  rhythm.o(.bss)
    .bss                                     0x20009fb8   Section       32  image.o(.bss)
    g_pucDictionary                          0x20009fb8   Data          32  image.o(.bss)
    .bss                                     0x20009fd8   Section      320  widget.o(.bss)
    g_pMQ                                    0x20009fd8   Data         320  widget.o(.bss)
    STACK                                    0x2000a118   Section      512  startup_rvmdk.o(STACK)
    StackMem                                 0x2000a118   Data           0  startup_rvmdk.o(STACK)

    Global Symbols

    Symbol Name                              Value     Ov Type        Size  Object(Section)

    BuildAttributes$$THM_ISAv4$P$D$K$B$S$PE$A:L22UL41UL21$X:L11$S22US41US21$IEEE1$IW$USESV6$~STKCKD$USESV7$~SHL$OTIME$ROPI$EBA8$MICROLIB$REQ8$PRES8$EABIv2 0x00000000   Number         0  anon$$obj.o ABSOLUTE
    __ARM_use_no_argv                        0x00000000   Number         0  rhythm.o ABSOLUTE
    __Vectors                                0x00000000   Data           0  startup_rvmdk.o(RESET)
    _printf_a                                0x00000000   Number         0  stubs.o ABSOLUTE
    _printf_c                                0x00000000   Number         0  stubs.o ABSOLUTE
    _printf_charcount                        0x00000000   Number         0  stubs.o ABSOLUTE
    _printf_d                                0x00000000   Number         0  stubs.o ABSOLUTE
    _printf_e                                0x00000000   Number         0  stubs.o ABSOLUTE
    _printf_f                                0x00000000   Number         0  stubs.o ABSOLUTE
    _printf_flags                            0x00000000   Number         0  stubs.o ABSOLUTE
    _printf_fp_dec                           0x00000000   Number         0  stubs.o ABSOLUTE
    _printf_fp_hex                           0x00000000   Number         0  stubs.o ABSOLUTE
    _printf_g                                0x00000000   Number         0  stubs.o ABSOLUTE
    _printf_i                                0x00000000   Number         0  stubs.o ABSOLUTE
    _printf_int_dec                          0x00000000   Number         0  stubs.o ABSOLUTE
    _printf_l                                0x00000000   Number         0  stubs.o ABSOLUTE
    _printf_lc                               0x00000000   Number         0  stubs.o ABSOLUTE
    _printf_ll                               0x00000000   Number         0  stubs.o ABSOLUTE
    _printf_lld                              0x00000000   Number         0  stubs.o ABSOLUTE
    _printf_lli                              0x00000000   Number         0  stubs.o ABSOLUTE
    _printf_llo                              0x00000000   Number         0  stubs.o ABSOLUTE
    _printf_llu                              0x00000000   Number         0  stubs.o ABSOLUTE
    _printf_llx                              0x00000000   Number         0  stubs.o ABSOLUTE
    _printf_longlong_dec                     0x00000000   Number         0  stubs.o ABSOLUTE
    _printf_longlong_hex                     0x00000000   Number         0  stubs.o ABSOLUTE
    _printf_longlong_oct                     0x00000000   Number         0  stubs.o ABSOLUTE
    _printf_ls                               0x00000000   Number         0  stubs.o ABSOLUTE
    _printf_mbtowc                           0x00000000   Number         0  stubs.o ABSOLUTE
    _printf_n                                0x00000000   Number         0  stubs.o ABSOLUTE
    _printf_o                                0x00000000   Number         0  stubs.o ABSOLUTE
    _printf_p                                0x00000000   Number         0  stubs.o ABSOLUTE
    _printf_percent                          0x00000000   Number         0  stubs.o ABSOLUTE
    _printf_pre_padding                      0x00000000   Number         0  stubs.o ABSOLUTE
    _printf_return_value                     0x00000000   Number         0  stubs.o ABSOLUTE
    _printf_s                                0x00000000   Number         0  stubs.o ABSOLUTE
    _printf_sizespec                         0x00000000   Number         0  stubs.o ABSOLUTE
    _printf_str                              0x00000000   Number         0  stubs.o ABSOLUTE
    _printf_truncate_signed                  0x00000000   Number         0  stubs.o ABSOLUTE
    _printf_truncate_unsigned                0x00000000   Number         0  stubs.o ABSOLUTE
    _printf_u                                0x00000000   Number         0  stubs.o ABSOLUTE
    _printf_wc                               0x00000000   Number         0  stubs.o ABSOLUTE
    _printf_wctomb                           0x00000000   Number         0  stubs.o ABSOLUTE
    _printf_widthprec                        0x00000000   Number         0  stubs.o ABSOLUTE
    _printf_x                                0x00000000   Number         0  stubs.o ABSOLUTE
    Reset_Handler                            0x0000011d   Thumb Code     0  startup_rvmdk.o(RESET)
    __main                                   0x00000129   Thumb Code     0  entry.o(.ARM.Collect$$$$00000000)
    _main_stk                                0x00000129   Thumb Code     0  entry2.o(.ARM.Collect$$$$00000001)
    _main_scatterload                        0x0000012d   Thumb Code     0  entry5.o(.ARM.Collect$$$$00000004)
    __main_after_scatterload                 0x00000131   Thumb Code     0  entry5.o(.ARM.Collect$$$$00000004)
    _main_init                               0x00000131   Thumb Code     0  entry7.o(.ARM.Collect$$$$00000007)
    SysCtlDelay                              0x0000013d   Thumb Code     6  sysctl.o(.emb_text)
    WidgetMutexGet                           0x00000145   Thumb Code    20  widget.o(.emb_text)
    __aeabi_memcpy                           0x00000159   Thumb Code    36  memcpya.o(.text)
    __aeabi_memcpy4                          0x00000159   Thumb Code     0  memcpya.o(.text)
    __aeabi_memcpy8                          0x00000159   Thumb Code     0  memcpya.o(.text)
    __aeabi_memset                           0x0000017d   Thumb Code    14  memseta.o(.text)
    __aeabi_memset4                          0x0000017d   Thumb Code     0  memseta.o(.text)
    __aeabi_memset8                          0x0000017d   Thumb Code     0  memseta.o(.text)
    __aeabi_memclr                           0x0000018b   Thumb Code     4  memseta.o(.text)
    __aeabi_memclr4                          0x0000018b   Thumb Code     0  memseta.o(.text)
    __aeabi_memclr8                          0x0000018b   Thumb Code     0  memseta.o(.text)
    _memset$wrapper                          0x0000018f   Thumb Code    20  memseta.o(.text)
    strcat                                   0x000001a3   Thumb Code    28  strcat.o(.text)
    strncpy                                  0x000001bf   Thumb Code    24  strncpy.o(.text)
    memcmp                                   0x000001d7   Thumb Code    26  memcmp.o(.text)
    __aeabi_uidiv                            0x000001f1   Thumb Code     0  uidiv.o(.text)
    __aeabi_uidivmod                         0x000001f1   Thumb Code    44  uidiv.o(.text)
    __scatterload                            0x0000021d   Thumb Code    28  init.o(.text)
    __scatterload_rt2                        0x0000021d   Thumb Code     0  init.o(.text)
    __decompress                             0x00000241   Thumb Code     0  __dczerorl2.o(.text)
    __decompress1                            0x00000241   Thumb Code    92  __dczerorl2.o(.text)
    BufferCallback                           0x0000029d   Thumb Code    36  rhythm.o(i.BufferCallback)
    BuzzerBeep                               0x000002c9   Thumb Code    38  rhythm.o(i.BuzzerBeep)
    Convert8Bit                              0x000002f9   Thumb Code    20  rhythm.o(i.Convert8Bit)
    EPIAddressMapSet                         0x000004cd   Thumb Code     4  epi.o(i.EPIAddressMapSet)
    EPIConfigGPModeSet                       0x000004d1   Thumb Code    34  epi.o(i.EPIConfigGPModeSet)
    EPIConfigHB8Set                          0x000004f3   Thumb Code    46  epi.o(i.EPIConfigHB8Set)
    EPIConfigSDRAMSet                        0x00000521   Thumb Code    12  epi.o(i.EPIConfigSDRAMSet)
    EPIDividerSet                            0x00000555   Thumb Code     4  epi.o(i.EPIDividerSet)
    EPIModeSet                               0x00000559   Thumb Code     4  epi.o(i.EPIModeSet)
    GPIODirModeSet                           0x000006c5   Thumb Code    38  gpio.o(i.GPIODirModeSet)
    GPIOPadConfigSet                         0x000006eb   Thumb Code   164  gpio.o(i.GPIOPadConfigSet)
    GPIOPinConfigure                         0x00000791   Thumb Code    60  gpio.o(i.GPIOPinConfigure)
    GPIOPinRead                              0x000007d5   Thumb Code     6  gpio.o(i.GPIOPinRead)
    GPIOPinTypeGPIOInput                     0x000007db   Thumb Code    28  gpio.o(i.GPIOPinTypeGPIOInput)
    GPIOPinTypeGPIOOutput                    0x000007f7   Thumb Code    28  gpio.o(i.GPIOPinTypeGPIOOutput)
    GPIOPinTypeI2C                           0x00000813   Thumb Code    28  gpio.o(i.GPIOPinTypeI2C)
    GPIOPinTypeI2S                           0x0000082f   Thumb Code    28  gpio.o(i.GPIOPinTypeI2S)
    GPIOPinTypePWM                           0x0000084b   Thumb Code    28  gpio.o(i.GPIOPinTypePWM)
    GPIOPinTypeSSI                           0x00000867   Thumb Code    28  gpio.o(i.GPIOPinTypeSSI)
    GPIOPinTypeUART                          0x00000883   Thumb Code    28  gpio.o(i.GPIOPinTypeUART)
    GPIOPinWrite                             0x0000089f   Thumb Code     6  gpio.o(i.GPIOPinWrite)
    GrCircleDraw                             0x000008a5   Thumb Code   510  circle.o(i.GrCircleDraw)
    GrCircleFill                             0x00000aa3   Thumb Code   294  circle.o(i.GrCircleFill)
    GrContextClipRegionSet                   0x00000bc9   Thumb Code   112  context.o(i.GrContextClipRegionSet)
    GrContextFontSet                         0x00000c39   Thumb Code     6  string.o(i.GrContextFontSet)
    GrContextInit                            0x00000c41   Thumb Code    88  context.o(i.GrContextInit)
    GrDefaultStringRenderer                  0x00000ca5   Thumb Code   280  string.o(i.GrDefaultStringRenderer)
    GrFontBaselineGet                        0x00000dbd   Thumb Code    44  string.o(i.GrFontBaselineGet)
    GrFontGlyphDataGet                       0x00000de9   Thumb Code   164  string.o(i.GrFontGlyphDataGet)
    GrFontGlyphRender                        0x00000e8d   Thumb Code   646  string.o(i.GrFontGlyphRender)
    GrFontHeightGet                          0x00001113   Thumb Code    44  string.o(i.GrFontHeightGet)
    GrImageDraw                              0x0000113f   Thumb Code    24  image.o(i.GrImageDraw)
    GrLineDraw                               0x00001157   Thumb Code   636  line.o(i.GrLineDraw)
    GrLineDrawH                              0x000013d3   Thumb Code    76  line.o(i.GrLineDrawH)
    GrLineDrawV                              0x0000141f   Thumb Code    76  line.o(i.GrLineDrawV)
    GrMapISO8859_1_Unicode                   0x0000146b   Thumb Code     8  charmap.o(i.GrMapISO8859_1_Unicode)
    GrRectDraw                               0x00001473   Thumb Code   108  rectangle.o(i.GrRectDraw)
    GrRectFill                               0x000014df   Thumb Code   180  rectangle.o(i.GrRectFill)
    GrRectIntersectGet                       0x00001593   Thumb Code   138  rectangle.o(i.GrRectIntersectGet)
    GrStringDraw                             0x0000161d   Thumb Code    22  string.o(i.GrStringDraw)
    GrStringWidthGet                         0x00001633   Thumb Code   192  string.o(i.GrStringWidthGet)
    I2CMasterControl                         0x00001767   Thumb Code     4  i2c.o(i.I2CMasterControl)
    I2CMasterDataPut                         0x0000176b   Thumb Code     4  i2c.o(i.I2CMasterDataPut)
    I2CMasterErr                             0x0000176f   Thumb Code    24  i2c.o(i.I2CMasterErr)
    I2CMasterInitExpClk                      0x00001789   Thumb Code    72  i2c.o(i.I2CMasterInitExpClk)
    I2CMasterIntClear                        0x000017dd   Thumb Code     8  i2c.o(i.I2CMasterIntClear)
    I2CMasterIntStatus                       0x000017e5   Thumb Code    24  i2c.o(i.I2CMasterIntStatus)
    I2CMasterSlaveAddrSet                    0x000017fd   Thumb Code     8  i2c.o(i.I2CMasterSlaveAddrSet)
    I2SIntClear                              0x00001805   Thumb Code     6  i2s.o(i.I2SIntClear)
    I2SIntStatus                             0x0000180b   Thumb Code    14  i2s.o(i.I2SIntStatus)
    I2SMasterClockSelect                     0x00001819   Thumb Code    18  i2s.o(i.I2SMasterClockSelect)
    I2SRxConfigSet                           0x0000182b   Thumb Code    60  i2s.o(i.I2SRxConfigSet)
    I2SRxFIFOLimitSet                        0x00001867   Thumb Code     6  i2s.o(i.I2SRxFIFOLimitSet)
    I2STxConfigSet                           0x0000186d   Thumb Code    22  i2s.o(i.I2STxConfigSet)
    I2STxEnable                              0x00001883   Thumb Code    20  i2s.o(i.I2STxEnable)
    I2STxFIFOLimitSet                        0x00001897   Thumb Code     4  i2s.o(i.I2STxFIFOLimitSet)
    I2STxRxEnable                            0x0000189b   Thumb Code    24  i2s.o(i.I2STxRxEnable)
    IntDisable                               0x000019e1   Thumb Code    92  interrupt.o(i.IntDisable)
    IntEnable                                0x00001a45   Thumb Code    92  interrupt.o(i.IntEnable)
    Kitronix320x240x16_SSD2119Init           0x00001e19   Thumb Code   562  kitronix320x240x16_ssd2119_8bit.o(i.Kitronix320x240x16_SSD2119Init)
    ListBoxMsgProc                           0x00002359   Thumb Code   886  listbox.o(i.ListBoxMsgProc)
    ListBoxTextAdd                           0x000026cf   Thumb Code   104  listbox.o(i.ListBoxTextAdd)
    PWMGenConfigure                          0x00002737   Thumb Code    38  pwm.o(i.PWMGenConfigure)
    PWMGenDisable                            0x0000275d   Thumb Code    10  pwm.o(i.PWMGenDisable)
    PWMGenEnable                             0x00002767   Thumb Code    10  pwm.o(i.PWMGenEnable)
    PWMGenPeriodSet                          0x00002771   Thumb Code    18  pwm.o(i.PWMGenPeriodSet)
    PWMInitial                               0x00002785   Thumb Code   122  rhythm.o(i.PWMInitial)
    PWMOutputState                           0x00002811   Thumb Code    16  pwm.o(i.PWMOutputState)
    PWMPulseWidthSet                         0x00002821   Thumb Code    32  pwm.o(i.PWMPulseWidthSet)
    PinoutSet                                0x00002841   Thumb Code   204  set_pinout.o(i.PinoutSet)
    RectangularButtonMsgProc                 0x00002c95   Thumb Code   300  pushbutton.o(i.RectangularButtonMsgProc)
    SSIConfigSetExpClk                       0x00002ff1   Thumb Code    74  ssi.o(i.SSIConfigSetExpClk)
    SSIDataGet                               0x0000303b   Thumb Code    14  ssi.o(i.SSIDataGet)
    SSIDataPut                               0x00003049   Thumb Code    12  ssi.o(i.SSIDataPut)
    SSIDisable                               0x00003055   Thumb Code    10  ssi.o(i.SSIDisable)
    SSIEnable                                0x0000305f   Thumb Code    10  ssi.o(i.SSIEnable)
    SliderMsgProc                            0x00003135   Thumb Code    46  slider.o(i.SliderMsgProc)
    SoundBufferPlay                          0x00003535   Thumb Code   144  sound.o(i.SoundBufferPlay)
    SoundInit                                0x000035d5   Thumb Code   178  sound.o(i.SoundInit)
    SoundIntHandler                          0x000036a9   Thumb Code   176  sound.o(i.SoundIntHandler)
    SoundSetFormat                           0x00003769   Thumb Code   334  sound.o(i.SoundSetFormat)
    SoundVolumeSet                           0x00003919   Thumb Code     8  sound.o(i.SoundVolumeSet)
    SysCtlClockGet                           0x00003925   Thumb Code   514  sysctl.o(i.SysCtlClockGet)
    SysCtlI2SMClkSet                         0x00003b55   Thumb Code   204  sysctl.o(i.SysCtlI2SMClkSet)
    SysCtlPWMClockSet                        0x00003c2d   Thumb Code    14  sysctl.o(i.SysCtlPWMClockSet)
    SysCtlPeripheralEnable                   0x00003c41   Thumb Code    70  sysctl.o(i.SysCtlPeripheralEnable)
    SysCtlPeripheralReset                    0x00003c91   Thumb Code   110  sysctl.o(i.SysCtlPeripheralReset)
    SysTickHandler                           0x00003d09   Thumb Code     4  rhythm.o(i.SysTickHandler)
    TLV320AIC23BHeadPhoneVolumeSet           0x00003d0d   Thumb Code    58  tlv320aic23b.o(i.TLV320AIC23BHeadPhoneVolumeSet)
    TLV320AIC23BInit                         0x00003d51   Thumb Code   174  tlv320aic23b.o(i.TLV320AIC23BInit)
    TLV320AIC23BLineInVolumeSet              0x00003e11   Thumb Code    24  tlv320aic23b.o(i.TLV320AIC23BLineInVolumeSet)
    Timer0A_ISR                              0x00003ec1   Thumb Code    34  rhythm.o(i.Timer0A_ISR)
    TimerConfigure                           0x00003eed   Thumb Code    36  timer.o(i.TimerConfigure)
    TimerDisable                             0x00003f11   Thumb Code    16  timer.o(i.TimerDisable)
    TimerEnable                              0x00003f21   Thumb Code    14  timer.o(i.TimerEnable)
    TimerInitial                             0x00003f31   Thumb Code    54  rhythm.o(i.TimerInitial)
    TimerIntClear                            0x00003f75   Thumb Code     4  timer.o(i.TimerIntClear)
    TimerIntEnable                           0x00003f79   Thumb Code     8  timer.o(i.TimerIntEnable)
    TimerIntStatus                           0x00003f81   Thumb Code    10  timer.o(i.TimerIntStatus)
    TimerLoadSet                             0x00003f8b   Thumb Code    18  timer.o(i.TimerLoadSet)
    TouchScreenCallbackSet                   0x00003f9d   Thumb Code     6  touch.o(i.TouchScreenCallbackSet)
    TouchScreenInit                          0x000040b5   Thumb Code   314  touch.o(i.TouchScreenInit)
    TouchScreenIntHandler                    0x00004219   Thumb Code   360  touch.o(i.TouchScreenIntHandler)
    UART0Initial                             0x00004391   Thumb Code    62  rhythm.o(i.UART0Initial)
    UARTCharPut                              0x000043d9   Thumb Code    10  uart.o(i.UARTCharPut)
    UARTConfigSetExpClk                      0x000043e3   Thumb Code    72  uart.o(i.UARTConfigSetExpClk)
    UARTDisable                              0x0000442b   Thumb Code    26  uart.o(i.UARTDisable)
    UARTEnable                               0x00004445   Thumb Code    20  uart.o(i.UARTEnable)
    WaveOpen                                 0x000044c5   Thumb Code   450  rhythm.o(i.WaveOpen)
    WaveRead                                 0x000046bd   Thumb Code    64  rhythm.o(i.WaveRead)
    WidgetAdd                                0x00004705   Thumb Code    38  widget.o(i.WidgetAdd)
    WidgetDefaultMsgProc                     0x0000472b   Thumb Code     4  widget.o(i.WidgetDefaultMsgProc)
    WidgetMessageQueueAdd                    0x00004731   Thumb Code   218  widget.o(i.WidgetMessageQueueAdd)
    WidgetMessageQueueProcess                0x00004815   Thumb Code   164  widget.o(i.WidgetMessageQueueProcess)
    WidgetMessageSendPostOrder               0x000048c1   Thumb Code   212  widget.o(i.WidgetMessageSendPostOrder)
    WidgetPointerMessage                     0x0000499d   Thumb Code    28  widget.o(i.WidgetPointerMessage)
    WidgetRemove                             0x000049bd   Thumb Code   150  widget.o(i.WidgetRemove)
    __0sprintf$1                             0x00004ae9   Thumb Code    34  printf1.o(i.__0sprintf$1)
    __1sprintf$1                             0x00004ae9   Thumb Code     0  printf1.o(i.__0sprintf$1)
    __2sprintf                               0x00004ae9   Thumb Code     0  printf1.o(i.__0sprintf$1)
    __scatterload_copy                       0x00004b11   Thumb Code    14  handlers.o(i.__scatterload_copy)
    __scatterload_null                       0x00004b1f   Thumb Code     2  handlers.o(i.__scatterload_null)
    __scatterload_zeroinit                   0x00004b21   Thumb Code    14  handlers.o(i.__scatterload_zeroinit)
    clr                                      0x00004e3d   Thumb Code    46  rhythm.o(i.clr)
    destroyrec                               0x00004f15   Thumb Code    64  rhythm.o(i.destroyrec)
    destroyrec1                              0x00004f59   Thumb Code   136  rhythm.o(i.destroyrec1)
    disk_initialize                          0x00004fe9   Thumb Code   338  mmc-dk-lm3s9b96.o(i.disk_initialize)
    disk_ioctl                               0x00005149   Thumb Code   316  mmc-dk-lm3s9b96.o(i.disk_ioctl)
    disk_read                                0x00005289   Thumb Code   178  mmc-dk-lm3s9b96.o(i.disk_read)
    disk_status                              0x00005341   Thumb Code    12  mmc-dk-lm3s9b96.o(i.disk_status)
    disk_timerproc                           0x00005351   Thumb Code    22  mmc-dk-lm3s9b96.o(i.disk_timerproc)
    disk_write                               0x0000536d   Thumb Code   168  mmc-dk-lm3s9b96.o(i.disk_write)
    f_close                                  0x00005419   Thumb Code    18  ff.o(i.f_close)
    f_mount                                  0x0000542d   Thumb Code    50  ff.o(i.f_mount)
    f_open                                   0x00005465   Thumb Code   306  ff.o(i.f_open)
    f_opendir                                0x00005597   Thumb Code    88  ff.o(i.f_opendir)
    f_read                                   0x000055ef   Thumb Code   318  ff.o(i.f_read)
    f_readdir                                0x0000572d   Thumb Code   100  ff.o(i.f_readdir)
    f_sync                                   0x00005791   Thumb Code   118  ff.o(i.f_sync)
    get_fattime                              0x000058b5   Thumb Code     4  mmc-dk-lm3s9b96.o(i.get_fattime)
    getdata                                  0x00005935   Thumb Code   170  rhythm.o(i.getdata)
    initialarray                             0x000059f5   Thumb Code    78  rhythm.o(i.initialarray)
    main                                     0x00005a4d   Thumb Code  3550  rhythm.o(i.main)
    max                                      0x00006905   Thumb Code    12  rhythm.o(i.max)
    missorperfect                            0x00006911   Thumb Code   134  rhythm.o(i.missorperfect)
    moverec                                  0x00006a1d   Thumb Code    80  rhythm.o(i.moverec)
    moverec1                                 0x00006a6d   Thumb Code   262  rhythm.o(i.moverec1)
    onpress1                                 0x00006bd9   Thumb Code   312  rhythm.o(i.onpress1)
    onpress2                                 0x00006d21   Thumb Code   310  rhythm.o(i.onpress2)
    onpress3                                 0x00006e69   Thumb Code   310  rhythm.o(i.onpress3)
    onpress4                                 0x00006fb1   Thumb Code   312  rhythm.o(i.onpress4)
    onpresschooseok                          0x000070f9   Thumb Code    20  rhythm.o(i.onpresschooseok)
    onpresseasy                              0x00007115   Thumb Code    10  rhythm.o(i.onpresseasy)
    onpresshard                              0x00007125   Thumb Code    10  rhythm.o(i.onpresshard)
    onpressnormal                            0x00007135   Thumb Code    10  rhythm.o(i.onpressnormal)
    onpressok                                0x00007145   Thumb Code    10  rhythm.o(i.onpressok)
    onpressreturn                            0x00007155   Thumb Code    10  rhythm.o(i.onpressreturn)
    onpressstart                             0x00007165   Thumb Code    10  rhythm.o(i.onpressstart)
    populate                                 0x00007175   Thumb Code   166  rhythm.o(i.populate)
    printlevel                               0x000072e1   Thumb Code   286  rhythm.o(i.printlevel)
    setvolume                                0x00007711   Thumb Code    16  rhythm.o(i.setvolume)
    uDMAChannelAttributeDisable              0x00007811   Thumb Code    66  udma.o(i.uDMAChannelAttributeDisable)
    uDMAChannelAttributeEnable               0x00007859   Thumb Code    66  udma.o(i.uDMAChannelAttributeEnable)
    uDMAChannelControlSet                    0x000078a1   Thumb Code    24  udma.o(i.uDMAChannelControlSet)
    uDMAChannelEnable                        0x000078c1   Thumb Code    16  udma.o(i.uDMAChannelEnable)
    uDMAChannelModeGet                       0x000078d5   Thumb Code    34  udma.o(i.uDMAChannelModeGet)
    uDMAChannelTransferSet                   0x000078fd   Thumb Code   124  udma.o(i.uDMAChannelTransferSet)
    uartstringput                            0x0000797d   Thumb Code    34  rhythm.o(i.uartstringput)
    g_sKitronix320x240x16_SSD2119            0x00007a48   Data          40  kitronix320x240x16_ssd2119_8bit.o(.constdata)
    g_pulGPIOBase                            0x00007a70   Data          36  set_pinout.o(.constdata)
    g_lTouchParameters                       0x00007b94   Data          84  touch.o(.constdata)
    g_psDefaultCodePointMapTable             0x00007f48   Data          16  context.o(.constdata)
    g_sFontCm20                              0x000088b8   Data         200  fontcm20.o(.constdata)
    g_sFontCmss20                            0x00009244   Data         200  fontcmss20.o(.constdata)
    g_sFontCmss22b                           0x00009c2c   Data         200  fontcmss22b.o(.constdata)
    g_sFontCmss48b                           0x0000b3d0   Data         200  fontcmss48b.o(.constdata)
    Region$$Table$$Base                      0x0000b4c0   Number         0  anon$$obj.o(Region$$Table)
    Region$$Table$$Limit                     0x0000b4e0   Number         0  anon$$obj.o(Region$$Table)
    WriteData                                0x20000000   Data           4  kitronix320x240x16_ssd2119_8bit.o(.data)
    WriteCommand                             0x20000004   Data           4  kitronix320x240x16_ssd2119_8bit.o(.data)
    g_eDaughterType                          0x20000008   Data           2  set_pinout.o(.data)
    g_sTouchMin                              0x2000000e   Data           2  touch.o(.data)
    g_sTouchX                                0x20000010   Data           2  touch.o(.data)
    g_sTouchY                                0x20000012   Data           2  touch.o(.data)
    g_plParmSet                              0x20000014   Data           4  touch.o(.data)
    g_sSample                                0x20000068   Data           8  sound.o(.data)
    flag                                     0x20000070   Data           1  rhythm.o(.data)
    flagstart                                0x20000071   Data           1  rhythm.o(.data)
    flagok                                   0x20000072   Data           1  rhythm.o(.data)
    flagchooseok                             0x20000073   Data           1  rhythm.o(.data)
    flagreturn                               0x20000074   Data           1  rhythm.o(.data)
    fresult                                  0x20000075   Data           1  rhythm.o(.data)
    selected                                 0x20000076   Data           2  rhythm.o(.data)
    usCount                                  0x20000078   Data           2  rhythm.o(.data)
    TheSysClock                              0x2000007c   Data           4  rhythm.o(.data)
    flaglevel                                0x20000080   Data           4  rhythm.o(.data)
    testflag                                 0x20000084   Data           4  rhythm.o(.data)
    j                                        0x20000088   Data           4  rhythm.o(.data)
    k                                        0x2000008c   Data           4  rhythm.o(.data)
    totaltime                                0x20000090   Data           4  rhythm.o(.data)
    notenumber                               0x20000094   Data           4  rhythm.o(.data)
    flagpos                                  0x20000098   Data           4  rhythm.o(.data)
    flagholded                               0x2000009c   Data           4  rhythm.o(.data)
    notehasgone                              0x200000a0   Data           4  rhythm.o(.data)
    timepoint                                0x200000a4   Data           4  rhythm.o(.data)
    missnum                                  0x200000a8   Data           4  rhythm.o(.data)
    greatnum                                 0x200000ac   Data           4  rhythm.o(.data)
    perfectnum                               0x200000b0   Data           4  rhythm.o(.data)
    combo                                    0x200000b4   Data           4  rhythm.o(.data)
    maxcombo                                 0x200000b8   Data           4  rhythm.o(.data)
    totalpoint                               0x200000bc   Data           4  rhythm.o(.data)
    g_ulMaxBufferSize                        0x200000cc   Data           4  rhythm.o(.data)
    tRect1                                   0x200000d0   Data           8  rhythm.o(.data)
    tRect2                                   0x200000d8   Data           8  rhythm.o(.data)
    tRect                                    0x200000e0   Data           8  rhythm.o(.data)
    pushbuttonstart                          0x200000e8   Data          88  rhythm.o(.data)
    pushbuttoneasy                           0x20000140   Data          88  rhythm.o(.data)
    pushbuttonnormal                         0x20000198   Data          88  rhythm.o(.data)
    pushbuttonhard                           0x200001f0   Data          88  rhythm.o(.data)
    pushbuttonchoosestart                    0x20000248   Data          88  rhythm.o(.data)
    pushbuttonreturn                         0x200002a0   Data          88  rhythm.o(.data)
    volumebar                                0x200002f8   Data          96  rhythm.o(.data)
    songlist                                 0x20000358   Data          88  rhythm.o(.data)
    pushbutton1                              0x200003b0   Data          88  rhythm.o(.data)
    pushbutton2                              0x20000408   Data          88  rhythm.o(.data)
    pushbutton3                              0x20000460   Data          88  rhythm.o(.data)
    pushbutton4                              0x200004b8   Data          88  rhythm.o(.data)
    pushbuttonok                             0x20000510   Data          88  rhythm.o(.data)
    g_sRoot                                  0x2000057c   Data          36  widget.o(.data)
    filenameopen                             0x20001000   Data          16  rhythm.o(.bss)
    wavenameopen                             0x20001010   Data          16  rhythm.o(.bss)
    sDMAControlTable                         0x20001400   Data        1024  rhythm.o(.bss)
    filename                                 0x20001c7c   Data         104  rhythm.o(.bss)
    filenamedisplay                          0x20001ce4   Data         100  rhythm.o(.bss)
    databuffer                               0x20001d48   Data       10000  rhythm.o(.bss)
    timestamp                                0x20004458   Data        4000  rhythm.o(.bss)
    position                                 0x200053f8   Data        4000  rhythm.o(.bss)
    type                                     0x20006398   Data        4000  rhythm.o(.bss)
    sRect                                    0x20007338   Data        8000  rhythm.o(.bss)
    sContext                                 0x20009278   Data          44  rhythm.o(.bss)
    sContext1                                0x200092a4   Data          44  rhythm.o(.bss)
    greats                                   0x200092d0   Data          30  rhythm.o(.bss)
    perfects                                 0x200092ee   Data          30  rhythm.o(.bss)
    misss                                    0x2000930c   Data          30  rhythm.o(.bss)
    maxcombos                                0x2000932a   Data          30  rhythm.o(.bss)
    totalpoints                              0x20009348   Data          30  rhythm.o(.bss)
    g_ppcDirListStrings                      0x20009f98   Data          32  rhythm.o(.bss)
    __initial_sp                             0x2000a318   Data           0  startup_rvmdk.o(STACK)



==============================================================================

Memory Map of the image

  Image Entry point : 0x0000011d

  Load Region LR_IROM (Base: 0x00000000, Size: 0x0000ba80, Max: 0x00040000, ABSOLUTE, COMPRESSED[0x0000b644])

    Execution Region ER_IROM (Base: 0x00000000, Size: 0x0000b4e0, Max: 0x00040000, ABSOLUTE)

    Base Addr    Size         Type   Attr      Idx    E Section Name        Object

    0x00000000   0x00000128   Code   RO          199  * RESET               startup_rvmdk.o
    0x00000128   0x00000000   Code   RO         4070  * .ARM.Collect$$$$00000000  mc_w.l(entry.o)
    0x00000128   0x00000004   Code   RO         4346    .ARM.Collect$$$$00000001  mc_w.l(entry2.o)
    0x0000012c   0x00000004   Code   RO         4349    .ARM.Collect$$$$00000004  mc_w.l(entry5.o)
    0x00000130   0x00000008   Code   RO         4350    .ARM.Collect$$$$00000007  mc_w.l(entry7.o)
    0x00000138   0x00000004   Code   RO         4347    .ARM.Collect$$$$00002712  mc_w.l(entry2.o)
    0x0000013c   0x00000006   Code   RO         2758    .emb_text           driverlib-cm3.lib(sysctl.o)
    0x00000142   0x00000002   PAD
    0x00000144   0x00000014   Code   RO         3826    .emb_text           grlib-cm3.5.1.lib(widget.o)
    0x00000158   0x00000024   Code   RO         4073    .text               mc_w.l(memcpya.o)
    0x0000017c   0x00000026   Code   RO         4075    .text               mc_w.l(memseta.o)
    0x000001a2   0x0000001c   Code   RO         4077    .text               mc_w.l(strcat.o)
    0x000001be   0x00000018   Code   RO         4079    .text               mc_w.l(strncpy.o)
    0x000001d6   0x0000001a   Code   RO         4081    .text               mc_w.l(memcmp.o)
    0x000001f0   0x0000002c   Code   RO         4354    .text               mc_w.l(uidiv.o)
    0x0000021c   0x00000024   Code   RO         4369    .text               mc_w.l(init.o)
    0x00000240   0x0000005c   Code   RO         4388    .text               mc_w.l(__dczerorl2.o)
    0x0000029c   0x0000002c   Code   RO         1388    i.BufferCallback    rhythm.o
    0x000002c8   0x00000030   Code   RO         1389    i.BuzzerBeep        rhythm.o
    0x000002f8   0x00000014   Code   RO         1390    i.Convert8Bit       rhythm.o
    0x0000030c   0x0000000c   Code   RO          448    i.DESELECT          mmc-dk-lm3s9b96.o
    0x00000318   0x000000a8   Code   RO          133    i.DaughterBoardTypeGet  set_pinout.o
    0x000003c0   0x0000010c   Code   RO          134    i.EEPROMReadPolled  set_pinout.o
    0x000004cc   0x00000004   Code   RO         1724    i.EPIAddressMapSet  driverlib-cm3.lib(epi.o)
    0x000004d0   0x00000022   Code   RO         1725    i.EPIConfigGPModeSet  driverlib-cm3.lib(epi.o)
    0x000004f2   0x0000002e   Code   RO         1727    i.EPIConfigHB8Set   driverlib-cm3.lib(epi.o)
    0x00000520   0x0000000c   Code   RO         1728    i.EPIConfigSDRAMSet  driverlib-cm3.lib(epi.o)
    0x0000052c   0x00000028   Code   RO          135    i.EPIDividerFromRate  set_pinout.o
    0x00000554   0x00000004   Code   RO         1729    i.EPIDividerSet     driverlib-cm3.lib(epi.o)
    0x00000558   0x00000004   Code   RO         1738    i.EPIModeSet        driverlib-cm3.lib(epi.o)
    0x0000055c   0x00000168   Code   RO          136    i.EPIPinConfigSet   set_pinout.o
    0x000006c4   0x00000026   Code   RO          868    i.GPIODirModeSet    gpio.o
    0x000006ea   0x000000a4   Code   RO          873    i.GPIOPadConfigSet  gpio.o
    0x0000078e   0x00000002   PAD
    0x00000790   0x00000044   Code   RO          874    i.GPIOPinConfigure  gpio.o
    0x000007d4   0x00000006   Code   RO          879    i.GPIOPinRead       gpio.o
    0x000007da   0x0000001c   Code   RO          887    i.GPIOPinTypeGPIOInput  gpio.o
    0x000007f6   0x0000001c   Code   RO          888    i.GPIOPinTypeGPIOOutput  gpio.o
    0x00000812   0x0000001c   Code   RO          890    i.GPIOPinTypeI2C    gpio.o
    0x0000082e   0x0000001c   Code   RO          892    i.GPIOPinTypeI2S    gpio.o
    0x0000084a   0x0000001c   Code   RO          896    i.GPIOPinTypePWM    gpio.o
    0x00000866   0x0000001c   Code   RO          898    i.GPIOPinTypeSSI    gpio.o
    0x00000882   0x0000001c   Code   RO          900    i.GPIOPinTypeUART   gpio.o
    0x0000089e   0x00000006   Code   RO          903    i.GPIOPinWrite      gpio.o
    0x000008a4   0x000001fe   Code   RO         3432    i.GrCircleDraw      grlib-cm3.5.1.lib(circle.o)
    0x00000aa2   0x00000126   Code   RO         3433    i.GrCircleFill      grlib-cm3.5.1.lib(circle.o)
    0x00000bc8   0x00000070   Code   RO         3457    i.GrContextClipRegionSet  grlib-cm3.5.1.lib(context.o)
    0x00000c38   0x00000006   Code   RO         3702    i.GrContextFontSet  grlib-cm3.5.1.lib(string.o)
    0x00000c3e   0x00000002   PAD
    0x00000c40   0x00000064   Code   RO         3458    i.GrContextInit     grlib-cm3.5.1.lib(context.o)
    0x00000ca4   0x00000118   Code   RO         3703    i.GrDefaultStringRenderer  grlib-cm3.5.1.lib(string.o)
    0x00000dbc   0x0000002c   Code   RO         3704    i.GrFontBaselineGet  grlib-cm3.5.1.lib(string.o)
    0x00000de8   0x000000a4   Code   RO         3707    i.GrFontGlyphDataGet  grlib-cm3.5.1.lib(string.o)
    0x00000e8c   0x00000286   Code   RO         3708    i.GrFontGlyphRender  grlib-cm3.5.1.lib(string.o)
    0x00001112   0x0000002c   Code   RO         3709    i.GrFontHeightGet   grlib-cm3.5.1.lib(string.o)
    0x0000113e   0x00000018   Code   RO         3541    i.GrImageDraw       grlib-cm3.5.1.lib(image.o)
    0x00001156   0x0000027c   Code   RO         3574    i.GrLineDraw        grlib-cm3.5.1.lib(line.o)
    0x000013d2   0x0000004c   Code   RO         3575    i.GrLineDrawH       grlib-cm3.5.1.lib(line.o)
    0x0000141e   0x0000004c   Code   RO         3576    i.GrLineDrawV       grlib-cm3.5.1.lib(line.o)
    0x0000146a   0x00000008   Code   RO         3918    i.GrMapISO8859_1_Unicode  grlib-cm3.5.1.lib(charmap.o)
    0x00001472   0x0000006c   Code   RO         3671    i.GrRectDraw        grlib-cm3.5.1.lib(rectangle.o)
    0x000014de   0x000000b4   Code   RO         3672    i.GrRectFill        grlib-cm3.5.1.lib(rectangle.o)
    0x00001592   0x0000008a   Code   RO         3673    i.GrRectIntersectGet  grlib-cm3.5.1.lib(rectangle.o)
    0x0000161c   0x00000016   Code   RO         3714    i.GrStringDraw      grlib-cm3.5.1.lib(string.o)
    0x00001632   0x000000c0   Code   RO         3719    i.GrStringWidthGet  grlib-cm3.5.1.lib(string.o)
    0x000016f2   0x00000074   Code   RO          137    i.HB8ConfigGet      set_pinout.o
    0x00001766   0x00000004   Code   RO         1899    i.I2CMasterControl  driverlib-cm3.lib(i2c.o)
    0x0000176a   0x00000004   Code   RO         1901    i.I2CMasterDataPut  driverlib-cm3.lib(i2c.o)
    0x0000176e   0x00000018   Code   RO         1904    i.I2CMasterErr      driverlib-cm3.lib(i2c.o)
    0x00001786   0x00000002   PAD
    0x00001788   0x00000054   Code   RO         1905    i.I2CMasterInitExpClk  driverlib-cm3.lib(i2c.o)
    0x000017dc   0x00000008   Code   RO         1906    i.I2CMasterIntClear  driverlib-cm3.lib(i2c.o)
    0x000017e4   0x00000018   Code   RO         1912    i.I2CMasterIntStatus  driverlib-cm3.lib(i2c.o)
    0x000017fc   0x00000008   Code   RO         1915    i.I2CMasterSlaveAddrSet  driverlib-cm3.lib(i2c.o)
    0x00001804   0x00000006   Code   RO         2148    i.I2SIntClear       driverlib-cm3.lib(i2s.o)
    0x0000180a   0x0000000e   Code   RO         2152    i.I2SIntStatus      driverlib-cm3.lib(i2s.o)
    0x00001818   0x00000012   Code   RO         2154    i.I2SMasterClockSelect  driverlib-cm3.lib(i2s.o)
    0x0000182a   0x0000003c   Code   RO         2155    i.I2SRxConfigSet    driverlib-cm3.lib(i2s.o)
    0x00001866   0x00000006   Code   RO         2162    i.I2SRxFIFOLimitSet  driverlib-cm3.lib(i2s.o)
    0x0000186c   0x00000016   Code   RO         2163    i.I2STxConfigSet    driverlib-cm3.lib(i2s.o)
    0x00001882   0x00000014   Code   RO         2167    i.I2STxEnable       driverlib-cm3.lib(i2s.o)
    0x00001896   0x00000004   Code   RO         2170    i.I2STxFIFOLimitSet  driverlib-cm3.lib(i2s.o)
    0x0000189a   0x00000018   Code   RO         2173    i.I2STxRxEnable     driverlib-cm3.lib(i2s.o)
    0x000018b2   0x00000002   PAD
    0x000018b4   0x0000012c   Code   RO            1    i.InitGPIOLCDInterface  kitronix320x240x16_ssd2119_8bit.o
    0x000019e0   0x00000064   Code   RO         2317    i.IntDisable        driverlib-cm3.lib(interrupt.o)
    0x00001a44   0x00000064   Code   RO         2318    i.IntEnable         driverlib-cm3.lib(interrupt.o)
    0x00001aa8   0x00000358   Code   RO         3543    i.InternalImageDraw  grlib-cm3.5.1.lib(image.o)
    0x00001e00   0x00000016   Code   RO            2    i.Kitronix320x240x16_SSD2119ColorTranslate  kitronix320x240x16_ssd2119_8bit.o
    0x00001e16   0x00000002   Code   RO            3    i.Kitronix320x240x16_SSD2119Flush  kitronix320x240x16_ssd2119_8bit.o
    0x00001e18   0x00000250   Code   RO            4    i.Kitronix320x240x16_SSD2119Init  kitronix320x240x16_ssd2119_8bit.o
    0x00002068   0x00000058   Code   RO            5    i.Kitronix320x240x16_SSD2119LineDrawH  kitronix320x240x16_ssd2119_8bit.o
    0x000020c0   0x00000058   Code   RO            6    i.Kitronix320x240x16_SSD2119LineDrawV  kitronix320x240x16_ssd2119_8bit.o
    0x00002118   0x00000038   Code   RO            7    i.Kitronix320x240x16_SSD2119PixelDraw  kitronix320x240x16_ssd2119_8bit.o
    0x00002150   0x0000014c   Code   RO            8    i.Kitronix320x240x16_SSD2119PixelDrawMultiple  kitronix320x240x16_ssd2119_8bit.o
    0x0000229c   0x000000bc   Code   RO            9    i.Kitronix320x240x16_SSD2119RectFill  kitronix320x240x16_ssd2119_8bit.o
    0x00002358   0x00000376   Code   RO         3598    i.ListBoxMsgProc    grlib-cm3.5.1.lib(listbox.o)
    0x000026ce   0x00000068   Code   RO         3599    i.ListBoxTextAdd    grlib-cm3.5.1.lib(listbox.o)
    0x00002736   0x00000026   Code   RO         2432    i.PWMGenConfigure   driverlib-cm3.lib(pwm.o)
    0x0000275c   0x0000000a   Code   RO         2433    i.PWMGenDisable     driverlib-cm3.lib(pwm.o)
    0x00002766   0x0000000a   Code   RO         2434    i.PWMGenEnable      driverlib-cm3.lib(pwm.o)
    0x00002770   0x00000012   Code   RO         2447    i.PWMGenPeriodSet   driverlib-cm3.lib(pwm.o)
    0x00002782   0x00000002   PAD
    0x00002784   0x0000008c   Code   RO         1391    i.PWMInitial        rhythm.o
    0x00002810   0x00000010   Code   RO         2454    i.PWMOutputState    driverlib-cm3.lib(pwm.o)
    0x00002820   0x00000020   Code   RO         2456    i.PWMPulseWidthSet  driverlib-cm3.lib(pwm.o)
    0x00002840   0x000000dc   Code   RO          138    i.PinoutSet         set_pinout.o
    0x0000291c   0x00000288   Code   RO         3544    i.PixelTransparentDraw  grlib-cm3.5.1.lib(image.o)
    0x00002ba4   0x000000f0   Code   RO          139    i.PortControlSet    set_pinout.o
    0x00002c94   0x0000012c   Code   RO         3632    i.RectangularButtonMsgProc  grlib-cm3.5.1.lib(pushbutton.o)
    0x00002dc0   0x00000210   Code   RO         3633    i.RectangularButtonPaint  grlib-cm3.5.1.lib(pushbutton.o)
    0x00002fd0   0x00000020   Code   RO          449    i.SELECT            mmc-dk-lm3s9b96.o
    0x00002ff0   0x0000004a   Code   RO         2639    i.SSIConfigSetExpClk  driverlib-cm3.lib(ssi.o)
    0x0000303a   0x0000000e   Code   RO         2642    i.SSIDataGet        driverlib-cm3.lib(ssi.o)
    0x00003048   0x0000000c   Code   RO         2644    i.SSIDataPut        driverlib-cm3.lib(ssi.o)
    0x00003054   0x0000000a   Code   RO         2646    i.SSIDisable        driverlib-cm3.lib(ssi.o)
    0x0000305e   0x0000000a   Code   RO         2647    i.SSIEnable         driverlib-cm3.lib(ssi.o)
    0x00003068   0x000000cc   Code   RO         1675    i.SliderClick       slider.o
    0x00003134   0x0000002e   Code   RO         1677    i.SliderMsgProc     slider.o
    0x00003162   0x000002d8   Code   RO         1678    i.SliderPaint       slider.o
    0x0000343a   0x0000005e   Code   RO         1679    i.SliderPositionToValue  slider.o
    0x00003498   0x0000009c   Code   RO         1680    i.SliderValueToPosition  slider.o
    0x00003534   0x000000a0   Code   RO         1281    i.SoundBufferPlay   sound.o
    0x000035d4   0x000000d4   Code   RO         1283    i.SoundInit         sound.o
    0x000036a8   0x000000c0   Code   RO         1284    i.SoundIntHandler   sound.o
    0x00003768   0x000001b0   Code   RO         1288    i.SoundSetFormat    sound.o
    0x00003918   0x0000000c   Code   RO         1291    i.SoundVolumeSet    sound.o
    0x00003924   0x00000230   Code   RO         2763    i.SysCtlClockGet    driverlib-cm3.lib(sysctl.o)
    0x00003b54   0x000000d8   Code   RO         2770    i.SysCtlI2SMClkSet  driverlib-cm3.lib(sysctl.o)
    0x00003c2c   0x00000014   Code   RO         2786    i.SysCtlPWMClockSet  driverlib-cm3.lib(sysctl.o)
    0x00003c40   0x00000050   Code   RO         2791    i.SysCtlPeripheralEnable  driverlib-cm3.lib(sysctl.o)
    0x00003c90   0x00000078   Code   RO         2796    i.SysCtlPeripheralReset  driverlib-cm3.lib(sysctl.o)
    0x00003d08   0x00000004   Code   RO         1392    i.SysTickHandler    rhythm.o
    0x00003d0c   0x00000044   Code   RO         1239    i.TLV320AIC23BHeadPhoneVolumeSet  tlv320aic23b.o
    0x00003d50   0x000000c0   Code   RO         1240    i.TLV320AIC23BInit  tlv320aic23b.o
    0x00003e10   0x00000018   Code   RO         1241    i.TLV320AIC23BLineInVolumeSet  tlv320aic23b.o
    0x00003e28   0x00000098   Code   RO         1242    i.TLV320AIC23BWriteRegister  tlv320aic23b.o
    0x00003ec0   0x0000002c   Code   RO         1393    i.Timer0A_ISR       rhythm.o
    0x00003eec   0x00000024   Code   RO         3058    i.TimerConfigure    driverlib-cm3.lib(timer.o)
    0x00003f10   0x00000010   Code   RO         3064    i.TimerDisable      driverlib-cm3.lib(timer.o)
    0x00003f20   0x0000000e   Code   RO         3065    i.TimerEnable       driverlib-cm3.lib(timer.o)
    0x00003f2e   0x00000002   PAD
    0x00003f30   0x00000044   Code   RO         1394    i.TimerInitial      rhythm.o
    0x00003f74   0x00000004   Code   RO         3066    i.TimerIntClear     driverlib-cm3.lib(timer.o)
    0x00003f78   0x00000008   Code   RO         3068    i.TimerIntEnable    driverlib-cm3.lib(timer.o)
    0x00003f80   0x0000000a   Code   RO         3070    i.TimerIntStatus    driverlib-cm3.lib(timer.o)
    0x00003f8a   0x00000012   Code   RO         3074    i.TimerLoadSet      driverlib-cm3.lib(timer.o)
    0x00003f9c   0x0000000c   Code   RO          206    i.TouchScreenCallbackSet  touch.o
    0x00003fa8   0x0000010c   Code   RO          207    i.TouchScreenDebouncer  touch.o
    0x000040b4   0x00000164   Code   RO          208    i.TouchScreenInit   touch.o
    0x00004218   0x00000178   Code   RO          209    i.TouchScreenIntHandler  touch.o
    0x00004390   0x00000048   Code   RO         1395    i.UART0Initial      rhythm.o
    0x000043d8   0x0000000a   Code   RO          568    i.UARTCharPut       uart.o
    0x000043e2   0x00000048   Code   RO          574    i.UARTConfigSetExpClk  uart.o
    0x0000442a   0x0000001a   Code   RO          577    i.UARTDisable       uart.o
    0x00004444   0x00000014   Code   RO          579    i.UARTEnable        uart.o
    0x00004458   0x0000006c   Code   RO         3720    i.UpdateContextCharMapping  grlib-cm3.5.1.lib(string.o)
    0x000044c4   0x000001f8   Code   RO         1397    i.WaveOpen          rhythm.o
    0x000046bc   0x00000048   Code   RO         1398    i.WaveRead          rhythm.o
    0x00004704   0x00000026   Code   RO         3827    i.WidgetAdd         grlib-cm3.5.1.lib(widget.o)
    0x0000472a   0x00000004   Code   RO         3828    i.WidgetDefaultMsgProc  grlib-cm3.5.1.lib(widget.o)
    0x0000472e   0x00000002   PAD
    0x00004730   0x000000e4   Code   RO         3829    i.WidgetMessageQueueAdd  grlib-cm3.5.1.lib(widget.o)
    0x00004814   0x000000ac   Code   RO         3830    i.WidgetMessageQueueProcess  grlib-cm3.5.1.lib(widget.o)
    0x000048c0   0x000000dc   Code   RO         3831    i.WidgetMessageSendPostOrder  grlib-cm3.5.1.lib(widget.o)
    0x0000499c   0x00000020   Code   RO         3835    i.WidgetPointerMessage  grlib-cm3.5.1.lib(widget.o)
    0x000049bc   0x0000009c   Code   RO         3836    i.WidgetRemove      grlib-cm3.5.1.lib(widget.o)
    0x00004a58   0x0000000c   Code   RO           10    i.WriteCommandEPI   kitronix320x240x16_ssd2119_8bit.o
    0x00004a64   0x0000000c   Code   RO           11    i.WriteCommandFPGA  kitronix320x240x16_ssd2119_8bit.o
    0x00004a70   0x00000034   Code   RO           12    i.WriteCommandGPIO  kitronix320x240x16_ssd2119_8bit.o
    0x00004aa4   0x0000000c   Code   RO           13    i.WriteDataEPI      kitronix320x240x16_ssd2119_8bit.o
    0x00004ab0   0x0000000c   Code   RO           14    i.WriteDataFPGA     kitronix320x240x16_ssd2119_8bit.o
    0x00004abc   0x0000002c   Code   RO           15    i.WriteDataGPIO     kitronix320x240x16_ssd2119_8bit.o
    0x00004ae8   0x00000028   Code   RO         4132    i.__0sprintf$1      mc_w.l(printf1.o)
    0x00004b10   0x0000000e   Code   RO         4382    i.__scatterload_copy  mc_w.l(handlers.o)
    0x00004b1e   0x00000002   Code   RO         4383    i.__scatterload_null  mc_w.l(handlers.o)
    0x00004b20   0x0000000e   Code   RO         4384    i.__scatterload_zeroinit  mc_w.l(handlers.o)
    0x00004b2e   0x00000002   PAD
    0x00004b30   0x00000158   Code   RO         4137    i._printf_core      mc_w.l(printf1.o)
    0x00004c88   0x0000000a   Code   RO         4139    i._sputc            mc_w.l(printf1.o)
    0x00004c92   0x00000002   PAD
    0x00004c94   0x00000148   Code   RO          263    i.auto_mount        ff.o
    0x00004ddc   0x00000060   Code   RO          264    i.check_fs          ff.o
    0x00004e3c   0x00000038   Code   RO         1399    i.clr               rhythm.o
    0x00004e74   0x0000001a   Code   RO          265    i.clust2sect        ff.o
    0x00004e8e   0x00000086   Code   RO          266    i.create_chain      ff.o
    0x00004f14   0x00000044   Code   RO         1400    i.destroyrec        rhythm.o
    0x00004f58   0x00000090   Code   RO         1401    i.destroyrec1       rhythm.o
    0x00004fe8   0x00000160   Code   RO          450    i.disk_initialize   mmc-dk-lm3s9b96.o
    0x00005148   0x00000140   Code   RO          451    i.disk_ioctl        mmc-dk-lm3s9b96.o
    0x00005288   0x000000b8   Code   RO          452    i.disk_read         mmc-dk-lm3s9b96.o
    0x00005340   0x00000010   Code   RO          453    i.disk_status       mmc-dk-lm3s9b96.o
    0x00005350   0x0000001c   Code   RO          454    i.disk_timerproc    mmc-dk-lm3s9b96.o
    0x0000536c   0x000000ac   Code   RO          455    i.disk_write        mmc-dk-lm3s9b96.o
    0x00005418   0x00000012   Code   RO          268    i.f_close           ff.o
    0x0000542a   0x00000002   PAD
    0x0000542c   0x00000038   Code   RO          272    i.f_mount           ff.o
    0x00005464   0x00000132   Code   RO          273    i.f_open            ff.o
    0x00005596   0x00000058   Code   RO          274    i.f_opendir         ff.o
    0x000055ee   0x0000013e   Code   RO          275    i.f_read            ff.o
    0x0000572c   0x00000064   Code   RO          276    i.f_readdir         ff.o
    0x00005790   0x00000076   Code   RO          279    i.f_sync            ff.o
    0x00005806   0x000000ac   Code   RO          282    i.get_cluster       ff.o
    0x000058b2   0x00000002   PAD
    0x000058b4   0x00000008   Code   RO          456    i.get_fattime       mmc-dk-lm3s9b96.o
    0x000058bc   0x00000078   Code   RO          283    i.get_fileinfo      ff.o
    0x00005934   0x000000c0   Code   RO         1402    i.getdata           rhythm.o
    0x000059f4   0x00000058   Code   RO         1403    i.initialarray      rhythm.o
    0x00005a4c   0x00000de4   Code   RO         1404    i.main              rhythm.o
    0x00006830   0x000000d4   Code   RO          284    i.make_dirfile      ff.o
    0x00006904   0x0000000c   Code   RO         1405    i.max               rhythm.o
    0x00006910   0x00000094   Code   RO         1406    i.missorperfect     rhythm.o
    0x000069a4   0x00000078   Code   RO          285    i.move_window       ff.o
    0x00006a1c   0x00000050   Code   RO         1407    i.moverec           rhythm.o
    0x00006a6c   0x00000114   Code   RO         1408    i.moverec1          rhythm.o
    0x00006b80   0x00000056   Code   RO          286    i.next_dir_entry    ff.o
    0x00006bd6   0x00000002   PAD
    0x00006bd8   0x00000148   Code   RO         1409    i.onpress1          rhythm.o
    0x00006d20   0x00000148   Code   RO         1410    i.onpress2          rhythm.o
    0x00006e68   0x00000148   Code   RO         1411    i.onpress3          rhythm.o
    0x00006fb0   0x00000148   Code   RO         1412    i.onpress4          rhythm.o
    0x000070f8   0x0000001c   Code   RO         1413    i.onpresschooseok   rhythm.o
    0x00007114   0x00000010   Code   RO         1414    i.onpresseasy       rhythm.o
    0x00007124   0x00000010   Code   RO         1415    i.onpresshard       rhythm.o
    0x00007134   0x00000010   Code   RO         1416    i.onpressnormal     rhythm.o
    0x00007144   0x00000010   Code   RO         1417    i.onpressok         rhythm.o
    0x00007154   0x00000010   Code   RO         1418    i.onpressreturn     rhythm.o
    0x00007164   0x00000010   Code   RO         1419    i.onpressstart      rhythm.o
    0x00007174   0x000000b4   Code   RO         1420    i.populate          rhythm.o
    0x00007228   0x000000b8   Code   RO          457    i.power_on          mmc-dk-lm3s9b96.o
    0x000072e0   0x00000140   Code   RO         1421    i.printlevel        rhythm.o
    0x00007420   0x000000d2   Code   RO          287    i.put_cluster       ff.o
    0x000074f2   0x00000002   PAD
    0x000074f4   0x00000050   Code   RO          458    i.rcvr_datablock    mmc-dk-lm3s9b96.o
    0x00007544   0x00000020   Code   RO          459    i.rcvr_spi          mmc-dk-lm3s9b96.o
    0x00007564   0x00000042   Code   RO          288    i.remove_chain      ff.o
    0x000075a6   0x000000be   Code   RO          289    i.reserve_direntry  ff.o
    0x00007664   0x00000066   Code   RO          460    i.send_cmd          mmc-dk-lm3s9b96.o
    0x000076ca   0x00000002   PAD
    0x000076cc   0x00000044   Code   RO          461    i.send_initial_clock_train  mmc-dk-lm3s9b96.o
    0x00007710   0x00000014   Code   RO         1422    i.setvolume         rhythm.o
    0x00007724   0x00000028   Code   RO          290    i.sync              ff.o
    0x0000774c   0x000000c4   Code   RO          291    i.trace_path        ff.o
    0x00007810   0x00000048   Code   RO         3265    i.uDMAChannelAttributeDisable  driverlib-cm3.lib(udma.o)
    0x00007858   0x00000048   Code   RO         3266    i.uDMAChannelAttributeEnable  driverlib-cm3.lib(udma.o)
    0x000078a0   0x00000020   Code   RO         3268    i.uDMAChannelControlSet  driverlib-cm3.lib(udma.o)
    0x000078c0   0x00000014   Code   RO         3270    i.uDMAChannelEnable  driverlib-cm3.lib(udma.o)
    0x000078d4   0x00000028   Code   RO         3272    i.uDMAChannelModeGet  driverlib-cm3.lib(udma.o)
    0x000078fc   0x00000080   Code   RO         3278    i.uDMAChannelTransferSet  driverlib-cm3.lib(udma.o)
    0x0000797c   0x00000022   Code   RO         1423    i.uartstringput     rhythm.o
    0x0000799e   0x0000001e   Code   RO          292    i.validate          ff.o
    0x000079bc   0x00000020   Code   RO          462    i.wait_ready        mmc-dk-lm3s9b96.o
    0x000079dc   0x00000050   Code   RO          463    i.xmit_datablock    mmc-dk-lm3s9b96.o
    0x00007a2c   0x0000001c   Code   RO          464    i.xmit_spi          mmc-dk-lm3s9b96.o
    0x00007a48   0x00000028   Data   RO           16    .constdata          kitronix320x240x16_ssd2119_8bit.o
    0x00007a70   0x00000124   Data   RO          140    .constdata          set_pinout.o
    0x00007b94   0x00000054   Data   RO          211    .constdata          touch.o
    0x00007be8   0x00000078   Data   RO          906    .constdata          gpio.o
    0x00007c60   0x0000000d   Data   RO         1243    .constdata          tlv320aic23b.o
    0x00007c6d   0x00000003   PAD
    0x00007c70   0x0000010c   Data   RO         2332    .constdata          driverlib-cm3.lib(interrupt.o)
    0x00007d7c   0x000001cc   Data   RO         2807    .constdata          driverlib-cm3.lib(sysctl.o)
    0x00007f48   0x00000010   Data   RO         3460    .constdata          grlib-cm3.5.1.lib(context.o)
    0x00007f58   0x0000095e   Data   RO         3485    .constdata          grlib-cm3.5.1.lib(fontcm20.o)
    0x000088b6   0x00000002   PAD
    0x000088b8   0x000000c8   Data   RO         3486    .constdata          grlib-cm3.5.1.lib(fontcm20.o)
    0x00008980   0x000008c1   Data   RO         3499    .constdata          grlib-cm3.5.1.lib(fontcmss20.o)
    0x00009241   0x00000003   PAD
    0x00009244   0x000000c8   Data   RO         3500    .constdata          grlib-cm3.5.1.lib(fontcmss20.o)
    0x0000930c   0x0000091e   Data   RO         3513    .constdata          grlib-cm3.5.1.lib(fontcmss22b.o)
    0x00009c2a   0x00000002   PAD
    0x00009c2c   0x000000c8   Data   RO         3514    .constdata          grlib-cm3.5.1.lib(fontcmss22b.o)
    0x00009cf4   0x000016d9   Data   RO         3527    .constdata          grlib-cm3.5.1.lib(fontcmss48b.o)
    0x0000b3cd   0x00000003   PAD
    0x0000b3d0   0x000000c8   Data   RO         3528    .constdata          grlib-cm3.5.1.lib(fontcmss48b.o)
    0x0000b498   0x00000025   Data   RO         1426    .conststring        rhythm.o
    0x0000b4bd   0x00000003   PAD
    0x0000b4c0   0x00000020   Data   RO         4380    Region$$Table       anon$$obj.o


    Execution Region RW_IRAM (Base: 0x20000000, Size: 0x0000a318, Max: 0x00018000, ABSOLUTE, COMPRESSED[0x00000164])

    Base Addr    Size         Type   Attr      Idx    E Section Name        Object

    0x20000000   0x00000008   Data   RW           17    .data               kitronix320x240x16_ssd2119_8bit.o
    0x20000008   0x00000002   Data   RW          141    .data               set_pinout.o
    0x2000000a   0x00000002   PAD
    0x2000000c   0x00000014   Data   RW          212    .data               touch.o
    0x20000020   0x0000000c   Data   RW          293    .data               ff.o
    0x2000002c   0x00000005   Data   RW          465    .data               mmc-dk-lm3s9b96.o
    0x20000031   0x00000002   Data   RW         1244    .data               tlv320aic23b.o
    0x20000033   0x00000001   PAD
    0x20000034   0x0000003c   Data   RW         1294    .data               sound.o
    0x20000070   0x000004f8   Data   RW         1427    .data               rhythm.o
    0x20000568   0x00000004   Data   RW         3461    .data               grlib-cm3.5.1.lib(context.o)
    0x2000056c   0x00000034   Data   RW         3838    .data               grlib-cm3.5.1.lib(widget.o)
    0x200005a0   0x00000010   Zero   RW          210    .bss                touch.o
    0x200005b0   0x00000830   Zero   RW         1293    .bss                sound.o
    0x20000de0   0x00000220   PAD
    0x20001000   0x00008f98   Zero   RW         1424    .bss                rhythm.o
    0x20009f98   0x00000020   Zero   RW         1425    .bss                rhythm.o
    0x20009fb8   0x00000020   Zero   RW         3545    .bss                grlib-cm3.5.1.lib(image.o)
    0x20009fd8   0x00000140   Zero   RW         3837    .bss                grlib-cm3.5.1.lib(widget.o)
    0x2000a118   0x00000200   Zero   RW          197    STACK               startup_rvmdk.o


==============================================================================

Image component sizes


      Code (inc. data)   RO Data    RW Data    ZI Data      Debug   Object Name

      3030         22          0         12          0      22451   ff.o
       478          8        120          0          0       7657   gpio.o
      1812         90         40          8          0      38760   kitronix320x240x16_ssd2119_8bit.o
      1730         94          0          5          0      13777   mmc-dk-lm3s9b96.o
      7626        744         37       1272      36792      57775   rhythm.o
      1412        112        292          2          0      10892   set_pinout.o
      1228          0          0          0          0      36510   slider.o
      1008        168          0         60       2096       7110   sound.o
       296        286          0          0        512        240   startup_rvmdk.o
       436         32         13          2          0       5206   tlv320aic23b.o
      1012         78         84         20         16       4448   touch.o
       128          0          0          0          0       2785   uart.o

    ----------------------------------------------------------------------
     20208       1634        624       1384      39960     207611   Object Totals
         0          0         32          0          0          0   (incl. Generated)
        12          0          6          3        544          2   (incl. Padding)

    ----------------------------------------------------------------------

      Code (inc. data)   RO Data    RW Data    ZI Data      Debug   Library Member Name

       104          0          0          0          0       5963   epi.o
       156         12          0          0          0       4113   i2c.o
       174          0          0          0          0       4008   i2s.o
       200         16        268          0          0       1837   interrupt.o
       124          0          0          0          0       2879   pwm.o
       120          0          0          0          0       2488   ssi.o
      1002         84        460          0          0       5105   sysctl.o
       106          0          0          0          0       3231   timer.o
       364         34          0          0          0      13689   udma.o
         8          0          0          0          0        509   charmap.o
       804          0          0          0          0      27394   circle.o
       212         12         16          4          0       1672   context.o
         0          0       2598          0          0      24714   fontcm20.o
         0          0       2441          0          0      24718   fontcmss20.o
         0          0       2534          0          0      24722   fontcmss22b.o
         0          0       6049          0          0      24722   fontcmss48b.o
      1528          6          0          0         32       9082   image.o
       788          0          0          0          0       4403   line.o
       990          0          0          0          0       8236   listbox.o
       828          6          0          0          0       8723   pushbutton.o
       426          0          0          0          0       2552   rectangle.o
      1506          0          0          0          0      10324   string.o
       870         36          0         52        320       8011   widget.o
        92          0          0          0          0          0   __dczerorl2.o
         0          0          0          0          0          0   entry.o
         8          4          0          0          0          0   entry2.o
         4          0          0          0          0          0   entry5.o
         8          4          0          0          0          0   entry7.o
        30          0          0          0          0          0   handlers.o
        36          8          0          0          0         68   init.o
        26          0          0          0          0         80   memcmp.o
        36          0          0          0          0         68   memcpya.o
        38          0          0          0          0        108   memseta.o
       394         12          0          0          0        248   printf1.o
        28          0          0          0          0         68   strcat.o
        24          0          0          0          0         76   strncpy.o
        44          0          0          0          0         80   uidiv.o

    ----------------------------------------------------------------------
     11096        234      14376         56        352     223891   Library Totals
        18          0         10          0          0          0   (incl. Padding)

    ----------------------------------------------------------------------

      Code (inc. data)   RO Data    RW Data    ZI Data      Debug   Library Name

      2350        146        728          0          0      43313   driverlib-cm3.lib
      7960         60      13638         56        352     179782   grlib-cm3.5.1.lib
       768         28          0          0          0        796   mc_w.l

    ----------------------------------------------------------------------
     11096        234      14376         56        352     223891   Library Totals

    ----------------------------------------------------------------------

==============================================================================


      Code (inc. data)   RO Data    RW Data    ZI Data      Debug   

     31304       1868      15000       1440      40312     419908   Grand Totals
     31304       1868      15000        356      40312     419908   ELF Image Totals (compressed)
     31304       1868      15000        356          0          0   ROM Totals

==============================================================================

    Total RO  Size (Code + RO Data)                46304 (  45.22kB)
    Total RW  Size (RW Data + ZI Data)             41752 (  40.77kB)
    Total ROM Size (Code + RO Data + RW Data)      46660 (  45.57kB)

==============================================================================

