<!doctype html public "-//w3c//dtd html 4.0 transitional//en">
<html><head>
<title>Static Call Graph - [.\rvmdk\hello.axf]</title></head>
<body><HR>
<H1>Static Call Graph for image .\rvmdk\hello.axf</H1><HR>
<BR><P>#&#060CALLGRAPH&#062# ARM Linker, 4.1 [Build 644]: Last Updated: Mon Jun 29 21:47:44 2015
<BR><P>
<H3>Maximum Stack Usage =        368 bytes + Unknown(Functions without stacksize, Cycles, Untraceable Function Pointers)</H3><H3>
Call chain for Maximum Stack Depth:</H3>
main &rArr; WaveOpen &rArr; f_open &rArr; trace_path &rArr; next_dir_entry &rArr; get_cluster &rArr; move_window &rArr; disk_write &rArr; xmit_datablock &rArr; wait_ready &rArr; rcvr_spi
<P>
<H3>
Functions with no stack information
</H3><UL>
 <LI><a href="#[2b]">Reset_Handler</a>
 <LI><a href="#[13]">NmiSR</a>
 <LI><a href="#[14]">FaultISR</a>
 <LI><a href="#[15]">IntDefaultHandler</a>
</UL>
</UL>
<P>
<H3>
Mutually Recursive functions
</H3> <LI><a href="#[70]">SSIDataPut</a>&nbsp;&nbsp;&nbsp;&rArr;&nbsp;&nbsp;&nbsp;<a href="#[70]">SSIDataPut</a><BR>
 <LI><a href="#[6f]">SSIDataGet</a>&nbsp;&nbsp;&nbsp;&rArr;&nbsp;&nbsp;&nbsp;<a href="#[6f]">SSIDataGet</a><BR>
 <LI><a href="#[2f]">SysCtlDelay</a>&nbsp;&nbsp;&nbsp;&rArr;&nbsp;&nbsp;&nbsp;<a href="#[2f]">SysCtlDelay</a><BR>
 <LI><a href="#[a4]">UARTCharPut</a>&nbsp;&nbsp;&nbsp;&rArr;&nbsp;&nbsp;&nbsp;<a href="#[a4]">UARTCharPut</a><BR>
 <LI><a href="#[a5]">UARTDisable</a>&nbsp;&nbsp;&nbsp;&rArr;&nbsp;&nbsp;&nbsp;<a href="#[a5]">UARTDisable</a><BR>
 <LI><a href="#[13]">NmiSR</a>&nbsp;&nbsp;&nbsp;&rArr;&nbsp;&nbsp;&nbsp;<a href="#[13]">NmiSR</a><BR>
 <LI><a href="#[14]">FaultISR</a>&nbsp;&nbsp;&nbsp;&rArr;&nbsp;&nbsp;&nbsp;<a href="#[14]">FaultISR</a><BR>
 <LI><a href="#[15]">IntDefaultHandler</a>&nbsp;&nbsp;&nbsp;&rArr;&nbsp;&nbsp;&nbsp;<a href="#[15]">IntDefaultHandler</a><BR>
</UL>
<P>
<H3>
Function Pointers
</H3><UL>
 <LI><a href="#[22]">BufferCallback</a> from rhythm.o(i.BufferCallback) referenced 3 times from rhythm.o(i.main)
 <LI><a href="#[14]">FaultISR</a> from startup_rvmdk.o(RESET) referenced from startup_rvmdk.o(RESET)
 <LI><a href="#[1b]">GrDefaultStringRenderer</a> from string.o(i.GrDefaultStringRenderer) referenced from context.o(i.GrContextInit)
 <LI><a href="#[2a]">GrMapISO8859_1_Unicode</a> from charmap.o(i.GrMapISO8859_1_Unicode) referenced 2 times from context.o(.constdata)
 <LI><a href="#[15]">IntDefaultHandler</a> from startup_rvmdk.o(RESET) referenced 58 times from startup_rvmdk.o(RESET)
 <LI><a href="#[28]">Kitronix320x240x16_SSD2119ColorTranslate</a> from kitronix320x240x16_ssd2119_8bit.o(i.Kitronix320x240x16_SSD2119ColorTranslate) referenced from kitronix320x240x16_ssd2119_8bit.o(.constdata)
 <LI><a href="#[29]">Kitronix320x240x16_SSD2119Flush</a> from kitronix320x240x16_ssd2119_8bit.o(i.Kitronix320x240x16_SSD2119Flush) referenced from kitronix320x240x16_ssd2119_8bit.o(.constdata)
 <LI><a href="#[25]">Kitronix320x240x16_SSD2119LineDrawH</a> from kitronix320x240x16_ssd2119_8bit.o(i.Kitronix320x240x16_SSD2119LineDrawH) referenced from kitronix320x240x16_ssd2119_8bit.o(.constdata)
 <LI><a href="#[26]">Kitronix320x240x16_SSD2119LineDrawV</a> from kitronix320x240x16_ssd2119_8bit.o(i.Kitronix320x240x16_SSD2119LineDrawV) referenced from kitronix320x240x16_ssd2119_8bit.o(.constdata)
 <LI><a href="#[23]">Kitronix320x240x16_SSD2119PixelDraw</a> from kitronix320x240x16_ssd2119_8bit.o(i.Kitronix320x240x16_SSD2119PixelDraw) referenced from kitronix320x240x16_ssd2119_8bit.o(.constdata)
 <LI><a href="#[24]">Kitronix320x240x16_SSD2119PixelDrawMultiple</a> from kitronix320x240x16_ssd2119_8bit.o(i.Kitronix320x240x16_SSD2119PixelDrawMultiple) referenced from kitronix320x240x16_ssd2119_8bit.o(.constdata)
 <LI><a href="#[27]">Kitronix320x240x16_SSD2119RectFill</a> from kitronix320x240x16_ssd2119_8bit.o(i.Kitronix320x240x16_SSD2119RectFill) referenced from kitronix320x240x16_ssd2119_8bit.o(.constdata)
 <LI><a href="#[b]">ListBoxMsgProc</a> from listbox.o(i.ListBoxMsgProc) referenced 2 times from rhythm.o(.data)
 <LI><a href="#[13]">NmiSR</a> from startup_rvmdk.o(RESET) referenced from startup_rvmdk.o(RESET)
 <LI><a href="#[2]">RectangularButtonMsgProc</a> from pushbutton.o(i.RectangularButtonMsgProc) referenced 22 times from rhythm.o(.data)
 <LI><a href="#[2b]">Reset_Handler</a> from startup_rvmdk.o(RESET) referenced from startup_rvmdk.o(RESET)
 <LI><a href="#[9]">SliderMsgProc</a> from slider.o(i.SliderMsgProc) referenced 2 times from rhythm.o(.data)
 <LI><a href="#[19]">SoundIntHandler</a> from sound.o(i.SoundIntHandler) referenced from startup_rvmdk.o(RESET)
 <LI><a href="#[16]">SysTickHandler</a> from rhythm.o(i.SysTickHandler) referenced from startup_rvmdk.o(RESET)
 <LI><a href="#[18]">Timer0A_ISR</a> from rhythm.o(i.Timer0A_ISR) referenced from startup_rvmdk.o(RESET)
 <LI><a href="#[17]">TouchScreenIntHandler</a> from touch.o(i.TouchScreenIntHandler) referenced from startup_rvmdk.o(RESET)
 <LI><a href="#[11]">WidgetDefaultMsgProc</a> from widget.o(i.WidgetDefaultMsgProc) referenced 2 times from widget.o(.data)
 <LI><a href="#[21]">WidgetPointerMessage</a> from widget.o(i.WidgetPointerMessage) referenced from rhythm.o(i.main)
 <LI><a href="#[1d]">WriteCommandEPI</a> from kitronix320x240x16_ssd2119_8bit.o(i.WriteCommandEPI) referenced from kitronix320x240x16_ssd2119_8bit.o(i.Kitronix320x240x16_SSD2119Init)
 <LI><a href="#[1f]">WriteCommandFPGA</a> from kitronix320x240x16_ssd2119_8bit.o(i.WriteCommandFPGA) referenced from kitronix320x240x16_ssd2119_8bit.o(i.Kitronix320x240x16_SSD2119Init)
 <LI><a href="#[1]">WriteCommandGPIO</a> from kitronix320x240x16_ssd2119_8bit.o(i.WriteCommandGPIO) referenced 2 times from kitronix320x240x16_ssd2119_8bit.o(.data)
 <LI><a href="#[1c]">WriteDataEPI</a> from kitronix320x240x16_ssd2119_8bit.o(i.WriteDataEPI) referenced from kitronix320x240x16_ssd2119_8bit.o(i.Kitronix320x240x16_SSD2119Init)
 <LI><a href="#[1e]">WriteDataFPGA</a> from kitronix320x240x16_ssd2119_8bit.o(i.WriteDataFPGA) referenced from kitronix320x240x16_ssd2119_8bit.o(i.Kitronix320x240x16_SSD2119Init)
 <LI><a href="#[0]">WriteDataGPIO</a> from kitronix320x240x16_ssd2119_8bit.o(i.WriteDataGPIO) referenced 2 times from kitronix320x240x16_ssd2119_8bit.o(.data)
 <LI><a href="#[20]">_sputc</a> from printf1.o(i._sputc) referenced from printf1.o(i.__0sprintf$1)
 <LI><a href="#[1a]">main</a> from rhythm.o(i.main) referenced from entry7.o(.ARM.Collect$$$$00000007)
 <LI><a href="#[c]">onpress1</a> from rhythm.o(i.onpress1) referenced 2 times from rhythm.o(.data)
 <LI><a href="#[d]">onpress2</a> from rhythm.o(i.onpress2) referenced 2 times from rhythm.o(.data)
 <LI><a href="#[e]">onpress3</a> from rhythm.o(i.onpress3) referenced 2 times from rhythm.o(.data)
 <LI><a href="#[f]">onpress4</a> from rhythm.o(i.onpress4) referenced 2 times from rhythm.o(.data)
 <LI><a href="#[7]">onpresschooseok</a> from rhythm.o(i.onpresschooseok) referenced 2 times from rhythm.o(.data)
 <LI><a href="#[4]">onpresseasy</a> from rhythm.o(i.onpresseasy) referenced 2 times from rhythm.o(.data)
 <LI><a href="#[6]">onpresshard</a> from rhythm.o(i.onpresshard) referenced 2 times from rhythm.o(.data)
 <LI><a href="#[5]">onpressnormal</a> from rhythm.o(i.onpressnormal) referenced 2 times from rhythm.o(.data)
 <LI><a href="#[10]">onpressok</a> from rhythm.o(i.onpressok) referenced 2 times from rhythm.o(.data)
 <LI><a href="#[8]">onpressreturn</a> from rhythm.o(i.onpressreturn) referenced 2 times from rhythm.o(.data)
 <LI><a href="#[3]">onpressstart</a> from rhythm.o(i.onpressstart) referenced 2 times from rhythm.o(.data)
 <LI><a href="#[a]">setvolume</a> from rhythm.o(i.setvolume) referenced 2 times from rhythm.o(.data)
</UL>
<P>
<H3>
Global Symbols
</H3>
<P><STRONG><a name="[2b]"></a>Reset_Handler</STRONG> (Thumb, 0 bytes, Stack size unknown bytes, startup_rvmdk.o(RESET))
<BR><BR>[Calls]<UL><LI><a href="#[2c]">&gt;&gt;</a>&nbsp;&nbsp;&nbsp;__main
</UL>

<P><STRONG><a name="[2c]"></a>__main</STRONG> (Thumb, 0 bytes, Stack size unknown bytes, entry.o(.ARM.Collect$$$$00000000))
<BR><BR>[Called By]<UL><LI><a href="#[2b]">&gt;&gt;</a>&nbsp;&nbsp;&nbsp;Reset_Handler
</UL>

<P><STRONG><a name="[f1]"></a>_main_stk</STRONG> (Thumb, 0 bytes, Stack size unknown bytes, entry2.o(.ARM.Collect$$$$00000001))

<P><STRONG><a name="[2d]"></a>_main_scatterload</STRONG> (Thumb, 0 bytes, Stack size unknown bytes, entry5.o(.ARM.Collect$$$$00000004))
<BR><BR>[Calls]<UL><LI><a href="#[2e]">&gt;&gt;</a>&nbsp;&nbsp;&nbsp;__scatterload
</UL>

<P><STRONG><a name="[33]"></a>__main_after_scatterload</STRONG> (Thumb, 0 bytes, Stack size unknown bytes, entry5.o(.ARM.Collect$$$$00000004))
<BR><BR>[Called By]<UL><LI><a href="#[2e]">&gt;&gt;</a>&nbsp;&nbsp;&nbsp;__scatterload
</UL>

<P><STRONG><a name="[f2]"></a>_main_init</STRONG> (Thumb, 0 bytes, Stack size unknown bytes, entry7.o(.ARM.Collect$$$$00000007))

<P><STRONG><a name="[2f]"></a>SysCtlDelay</STRONG> (Thumb, 6 bytes, Stack size 0 bytes, sysctl.o(.emb_text))
<BR><BR>[Calls]<UL><LI><a href="#[2f]">&gt;&gt;</a>&nbsp;&nbsp;&nbsp;SysCtlDelay
</UL>
<BR>[Called By]<UL><LI><a href="#[6a]">&gt;&gt;</a>&nbsp;&nbsp;&nbsp;PinoutSet
<LI><a href="#[3a]">&gt;&gt;</a>&nbsp;&nbsp;&nbsp;EEPROMReadPolled
<LI><a href="#[39]">&gt;&gt;</a>&nbsp;&nbsp;&nbsp;DaughterBoardTypeGet
<LI><a href="#[2f]">&gt;&gt;</a>&nbsp;&nbsp;&nbsp;SysCtlDelay
<LI><a href="#[5b]">&gt;&gt;</a>&nbsp;&nbsp;&nbsp;Kitronix320x240x16_SSD2119Init
<LI><a href="#[1e]">&gt;&gt;</a>&nbsp;&nbsp;&nbsp;WriteDataFPGA
<LI><a href="#[1f]">&gt;&gt;</a>&nbsp;&nbsp;&nbsp;WriteCommandFPGA
<LI><a href="#[59]">&gt;&gt;</a>&nbsp;&nbsp;&nbsp;InitGPIOLCDInterface
<LI><a href="#[7e]">&gt;&gt;</a>&nbsp;&nbsp;&nbsp;TLV320AIC23BInit
<LI><a href="#[1a]">&gt;&gt;</a>&nbsp;&nbsp;&nbsp;main
<LI><a href="#[62]">&gt;&gt;</a>&nbsp;&nbsp;&nbsp;PWMInitial
<LI><a href="#[34]">&gt;&gt;</a>&nbsp;&nbsp;&nbsp;BuzzerBeep
</UL>

<P><STRONG><a name="[ac]"></a>WidgetMutexGet</STRONG> (Thumb, 20 bytes, Stack size 0 bytes, widget.o(.emb_text))
<BR><BR>[Called By]<UL><LI><a href="#[5d]">&gt;&gt;</a>&nbsp;&nbsp;&nbsp;WidgetMessageQueueAdd
</UL>

<P><STRONG><a name="[d7]"></a>__aeabi_memcpy</STRONG> (Thumb, 36 bytes, Stack size 0 bytes, memcpya.o(.text))
<BR><BR>[Called By]<UL><LI><a href="#[a8]">&gt;&gt;</a>&nbsp;&nbsp;&nbsp;f_read
</UL>

<P><STRONG><a name="[f3]"></a>__aeabi_memcpy4</STRONG> (Thumb, 0 bytes, Stack size 0 bytes, memcpya.o(.text), UNUSED)

<P><STRONG><a name="[f4]"></a>__aeabi_memcpy8</STRONG> (Thumb, 0 bytes, Stack size 0 bytes, memcpya.o(.text), UNUSED)

<P><STRONG><a name="[31]"></a>__aeabi_memset</STRONG> (Thumb, 14 bytes, Stack size 0 bytes, memseta.o(.text))
<BR><BR>[Called By]<UL><LI><a href="#[ed]">&gt;&gt;</a>&nbsp;&nbsp;&nbsp;make_dirfile
<LI><a href="#[32]">&gt;&gt;</a>&nbsp;&nbsp;&nbsp;_memset$wrapper
<LI><a href="#[30]">&gt;&gt;</a>&nbsp;&nbsp;&nbsp;__aeabi_memclr
</UL>

<P><STRONG><a name="[f5]"></a>__aeabi_memset4</STRONG> (Thumb, 0 bytes, Stack size 0 bytes, memseta.o(.text), UNUSED)

<P><STRONG><a name="[f6]"></a>__aeabi_memset8</STRONG> (Thumb, 0 bytes, Stack size 0 bytes, memseta.o(.text), UNUSED)

<P><STRONG><a name="[30]"></a>__aeabi_memclr</STRONG> (Thumb, 4 bytes, Stack size 0 bytes, memseta.o(.text))
<BR><BR>[Calls]<UL><LI><a href="#[31]">&gt;&gt;</a>&nbsp;&nbsp;&nbsp;__aeabi_memset
</UL>
<BR>[Called By]<UL><LI><a href="#[a7]">&gt;&gt;</a>&nbsp;&nbsp;&nbsp;f_open
<LI><a href="#[d0]">&gt;&gt;</a>&nbsp;&nbsp;&nbsp;reserve_direntry
</UL>

<P><STRONG><a name="[b4]"></a>__aeabi_memclr4</STRONG> (Thumb, 0 bytes, Stack size 0 bytes, memseta.o(.text))
<BR><BR>[Called By]<UL><LI><a href="#[ce]">&gt;&gt;</a>&nbsp;&nbsp;&nbsp;f_mount
<LI><a href="#[b2]">&gt;&gt;</a>&nbsp;&nbsp;&nbsp;auto_mount
</UL>

<P><STRONG><a name="[f7]"></a>__aeabi_memclr8</STRONG> (Thumb, 0 bytes, Stack size 0 bytes, memseta.o(.text), UNUSED)

<P><STRONG><a name="[32]"></a>_memset$wrapper</STRONG> (Thumb, 20 bytes, Stack size 8 bytes, memseta.o(.text), UNUSED)
<BR><BR>[Calls]<UL><LI><a href="#[31]">&gt;&gt;</a>&nbsp;&nbsp;&nbsp;__aeabi_memset
</UL>

<P><STRONG><a name="[e2]"></a>strcat</STRONG> (Thumb, 28 bytes, Stack size 0 bytes, strcat.o(.text))
<BR><BR>[Called By]<UL><LI><a href="#[1a]">&gt;&gt;</a>&nbsp;&nbsp;&nbsp;main
</UL>

<P><STRONG><a name="[e1]"></a>strncpy</STRONG> (Thumb, 24 bytes, Stack size 8 bytes, strncpy.o(.text))
<BR><BR>[Stack]<UL><LI>Max Depth = 8<LI>Call Chain = strncpy
</UL>
<BR>[Called By]<UL><LI><a href="#[e0]">&gt;&gt;</a>&nbsp;&nbsp;&nbsp;populate
<LI><a href="#[1a]">&gt;&gt;</a>&nbsp;&nbsp;&nbsp;main
</UL>

<P><STRONG><a name="[b8]"></a>memcmp</STRONG> (Thumb, 26 bytes, Stack size 12 bytes, memcmp.o(.text))
<BR><BR>[Stack]<UL><LI>Max Depth = 12<LI>Call Chain = memcmp
</UL>
<BR>[Called By]<UL><LI><a href="#[cf]">&gt;&gt;</a>&nbsp;&nbsp;&nbsp;trace_path
<LI><a href="#[b6]">&gt;&gt;</a>&nbsp;&nbsp;&nbsp;check_fs
</UL>

<P><STRONG><a name="[f8]"></a>__aeabi_uidiv</STRONG> (Thumb, 0 bytes, Stack size 12 bytes, uidiv.o(.text), UNUSED)

<P><STRONG><a name="[b1]"></a>__aeabi_uidivmod</STRONG> (Thumb, 44 bytes, Stack size 12 bytes, uidiv.o(.text), UNUSED)
<BR><BR>[Called By]<UL><LI><a href="#[b0]">&gt;&gt;</a>&nbsp;&nbsp;&nbsp;_printf_core
</UL>

<P><STRONG><a name="[2e]"></a>__scatterload</STRONG> (Thumb, 28 bytes, Stack size 0 bytes, init.o(.text))
<BR><BR>[Calls]<UL><LI><a href="#[33]">&gt;&gt;</a>&nbsp;&nbsp;&nbsp;__main_after_scatterload
</UL>
<BR>[Called By]<UL><LI><a href="#[2d]">&gt;&gt;</a>&nbsp;&nbsp;&nbsp;_main_scatterload
</UL>

<P><STRONG><a name="[f9]"></a>__scatterload_rt2</STRONG> (Thumb, 0 bytes, Stack size 0 bytes, init.o(.text), UNUSED)

<P><STRONG><a name="[fa]"></a>__decompress</STRONG> (Thumb, 0 bytes, Stack size unknown bytes, __dczerorl2.o(.text), UNUSED)

<P><STRONG><a name="[fb]"></a>__decompress1</STRONG> (Thumb, 92 bytes, Stack size unknown bytes, __dczerorl2.o(.text), UNUSED)

<P><STRONG><a name="[22]"></a>BufferCallback</STRONG> (Thumb, 36 bytes, Stack size 0 bytes, rhythm.o(i.BufferCallback))
<BR>[Address Reference Count : 1]<UL><LI> rhythm.o(i.main)
</UL>
<P><STRONG><a name="[34]"></a>BuzzerBeep</STRONG> (Thumb, 38 bytes, Stack size 8 bytes, rhythm.o(i.BuzzerBeep))
<BR><BR>[Stack]<UL><LI>Max Depth = 8<LI>Call Chain = BuzzerBeep
</UL>
<BR>[Calls]<UL><LI><a href="#[2f]">&gt;&gt;</a>&nbsp;&nbsp;&nbsp;SysCtlDelay
<LI><a href="#[35]">&gt;&gt;</a>&nbsp;&nbsp;&nbsp;PWMGenEnable
<LI><a href="#[36]">&gt;&gt;</a>&nbsp;&nbsp;&nbsp;PWMGenDisable
</UL>
<BR>[Called By]<UL><LI><a href="#[3]">&gt;&gt;</a>&nbsp;&nbsp;&nbsp;onpressstart
<LI><a href="#[8]">&gt;&gt;</a>&nbsp;&nbsp;&nbsp;onpressreturn
<LI><a href="#[10]">&gt;&gt;</a>&nbsp;&nbsp;&nbsp;onpressok
<LI><a href="#[5]">&gt;&gt;</a>&nbsp;&nbsp;&nbsp;onpressnormal
<LI><a href="#[6]">&gt;&gt;</a>&nbsp;&nbsp;&nbsp;onpresshard
<LI><a href="#[4]">&gt;&gt;</a>&nbsp;&nbsp;&nbsp;onpresseasy
</UL>

<P><STRONG><a name="[ab]"></a>Convert8Bit</STRONG> (Thumb, 20 bytes, Stack size 0 bytes, rhythm.o(i.Convert8Bit))
<BR><BR>[Called By]<UL><LI><a href="#[aa]">&gt;&gt;</a>&nbsp;&nbsp;&nbsp;WaveRead
</UL>

<P><STRONG><a name="[44]"></a>EPIAddressMapSet</STRONG> (Thumb, 4 bytes, Stack size 0 bytes, epi.o(i.EPIAddressMapSet))
<BR><BR>[Called By]<UL><LI><a href="#[3c]">&gt;&gt;</a>&nbsp;&nbsp;&nbsp;EPIPinConfigSet
</UL>

<P><STRONG><a name="[43]"></a>EPIConfigGPModeSet</STRONG> (Thumb, 34 bytes, Stack size 0 bytes, epi.o(i.EPIConfigGPModeSet))
<BR><BR>[Called By]<UL><LI><a href="#[3c]">&gt;&gt;</a>&nbsp;&nbsp;&nbsp;EPIPinConfigSet
</UL>

<P><STRONG><a name="[42]"></a>EPIConfigHB8Set</STRONG> (Thumb, 46 bytes, Stack size 0 bytes, epi.o(i.EPIConfigHB8Set))
<BR><BR>[Called By]<UL><LI><a href="#[3c]">&gt;&gt;</a>&nbsp;&nbsp;&nbsp;EPIPinConfigSet
</UL>

<P><STRONG><a name="[40]"></a>EPIConfigSDRAMSet</STRONG> (Thumb, 12 bytes, Stack size 0 bytes, epi.o(i.EPIConfigSDRAMSet))
<BR><BR>[Called By]<UL><LI><a href="#[3c]">&gt;&gt;</a>&nbsp;&nbsp;&nbsp;EPIPinConfigSet
</UL>

<P><STRONG><a name="[3e]"></a>EPIDividerSet</STRONG> (Thumb, 4 bytes, Stack size 0 bytes, epi.o(i.EPIDividerSet))
<BR><BR>[Called By]<UL><LI><a href="#[3c]">&gt;&gt;</a>&nbsp;&nbsp;&nbsp;EPIPinConfigSet
</UL>

<P><STRONG><a name="[3f]"></a>EPIModeSet</STRONG> (Thumb, 4 bytes, Stack size 0 bytes, epi.o(i.EPIModeSet))
<BR><BR>[Called By]<UL><LI><a href="#[3c]">&gt;&gt;</a>&nbsp;&nbsp;&nbsp;EPIPinConfigSet
</UL>

<P><STRONG><a name="[46]"></a>GPIODirModeSet</STRONG> (Thumb, 38 bytes, Stack size 0 bytes, gpio.o(i.GPIODirModeSet))
<BR><BR>[Called By]<UL><LI><a href="#[4c]">&gt;&gt;</a>&nbsp;&nbsp;&nbsp;GPIOPinTypeSSI
<LI><a href="#[48]">&gt;&gt;</a>&nbsp;&nbsp;&nbsp;GPIOPinTypeGPIOOutput
<LI><a href="#[4d]">&gt;&gt;</a>&nbsp;&nbsp;&nbsp;GPIOPinTypeUART
<LI><a href="#[4b]">&gt;&gt;</a>&nbsp;&nbsp;&nbsp;GPIOPinTypePWM
<LI><a href="#[4a]">&gt;&gt;</a>&nbsp;&nbsp;&nbsp;GPIOPinTypeI2S
<LI><a href="#[49]">&gt;&gt;</a>&nbsp;&nbsp;&nbsp;GPIOPinTypeI2C
<LI><a href="#[45]">&gt;&gt;</a>&nbsp;&nbsp;&nbsp;GPIOPinTypeGPIOInput
</UL>

<P><STRONG><a name="[47]"></a>GPIOPadConfigSet</STRONG> (Thumb, 164 bytes, Stack size 8 bytes, gpio.o(i.GPIOPadConfigSet))
<BR><BR>[Stack]<UL><LI>Max Depth = 8<LI>Call Chain = GPIOPadConfigSet
</UL>
<BR>[Called By]<UL><LI><a href="#[4c]">&gt;&gt;</a>&nbsp;&nbsp;&nbsp;GPIOPinTypeSSI
<LI><a href="#[48]">&gt;&gt;</a>&nbsp;&nbsp;&nbsp;GPIOPinTypeGPIOOutput
<LI><a href="#[c0]">&gt;&gt;</a>&nbsp;&nbsp;&nbsp;power_on
<LI><a href="#[7e]">&gt;&gt;</a>&nbsp;&nbsp;&nbsp;TLV320AIC23BInit
<LI><a href="#[4d]">&gt;&gt;</a>&nbsp;&nbsp;&nbsp;GPIOPinTypeUART
<LI><a href="#[4b]">&gt;&gt;</a>&nbsp;&nbsp;&nbsp;GPIOPinTypePWM
<LI><a href="#[4a]">&gt;&gt;</a>&nbsp;&nbsp;&nbsp;GPIOPinTypeI2S
<LI><a href="#[49]">&gt;&gt;</a>&nbsp;&nbsp;&nbsp;GPIOPinTypeI2C
<LI><a href="#[45]">&gt;&gt;</a>&nbsp;&nbsp;&nbsp;GPIOPinTypeGPIOInput
</UL>

<P><STRONG><a name="[64]"></a>GPIOPinConfigure</STRONG> (Thumb, 60 bytes, Stack size 8 bytes, gpio.o(i.GPIOPinConfigure))
<BR><BR>[Stack]<UL><LI>Max Depth = 8<LI>Call Chain = GPIOPinConfigure
</UL>
<BR>[Called By]<UL><LI><a href="#[6b]">&gt;&gt;</a>&nbsp;&nbsp;&nbsp;PortControlSet
<LI><a href="#[a1]">&gt;&gt;</a>&nbsp;&nbsp;&nbsp;UART0Initial
<LI><a href="#[62]">&gt;&gt;</a>&nbsp;&nbsp;&nbsp;PWMInitial
</UL>

<P><STRONG><a name="[92]"></a>GPIOPinRead</STRONG> (Thumb, 6 bytes, Stack size 0 bytes, gpio.o(i.GPIOPinRead))
<BR><BR>[Called By]<UL><LI><a href="#[7e]">&gt;&gt;</a>&nbsp;&nbsp;&nbsp;TLV320AIC23BInit
</UL>

<P><STRONG><a name="[45]"></a>GPIOPinTypeGPIOInput</STRONG> (Thumb, 28 bytes, Stack size 12 bytes, gpio.o(i.GPIOPinTypeGPIOInput))
<BR><BR>[Stack]<UL><LI>Max Depth = 20<LI>Call Chain = GPIOPinTypeGPIOInput &rArr; GPIOPadConfigSet
</UL>
<BR>[Calls]<UL><LI><a href="#[47]">&gt;&gt;</a>&nbsp;&nbsp;&nbsp;GPIOPadConfigSet
<LI><a href="#[46]">&gt;&gt;</a>&nbsp;&nbsp;&nbsp;GPIODirModeSet
</UL>
<BR>[Called By]<UL><LI><a href="#[7e]">&gt;&gt;</a>&nbsp;&nbsp;&nbsp;TLV320AIC23BInit
</UL>

<P><STRONG><a name="[48]"></a>GPIOPinTypeGPIOOutput</STRONG> (Thumb, 28 bytes, Stack size 12 bytes, gpio.o(i.GPIOPinTypeGPIOOutput))
<BR><BR>[Stack]<UL><LI>Max Depth = 20<LI>Call Chain = GPIOPinTypeGPIOOutput &rArr; GPIOPadConfigSet
</UL>
<BR>[Calls]<UL><LI><a href="#[47]">&gt;&gt;</a>&nbsp;&nbsp;&nbsp;GPIOPadConfigSet
<LI><a href="#[46]">&gt;&gt;</a>&nbsp;&nbsp;&nbsp;GPIODirModeSet
</UL>
<BR>[Called By]<UL><LI><a href="#[c1]">&gt;&gt;</a>&nbsp;&nbsp;&nbsp;send_initial_clock_train
<LI><a href="#[c0]">&gt;&gt;</a>&nbsp;&nbsp;&nbsp;power_on
</UL>

<P><STRONG><a name="[49]"></a>GPIOPinTypeI2C</STRONG> (Thumb, 28 bytes, Stack size 12 bytes, gpio.o(i.GPIOPinTypeI2C))
<BR><BR>[Stack]<UL><LI>Max Depth = 20<LI>Call Chain = GPIOPinTypeI2C &rArr; GPIOPadConfigSet
</UL>
<BR>[Calls]<UL><LI><a href="#[47]">&gt;&gt;</a>&nbsp;&nbsp;&nbsp;GPIOPadConfigSet
<LI><a href="#[46]">&gt;&gt;</a>&nbsp;&nbsp;&nbsp;GPIODirModeSet
</UL>
<BR>[Called By]<UL><LI><a href="#[7e]">&gt;&gt;</a>&nbsp;&nbsp;&nbsp;TLV320AIC23BInit
</UL>

<P><STRONG><a name="[4a]"></a>GPIOPinTypeI2S</STRONG> (Thumb, 28 bytes, Stack size 12 bytes, gpio.o(i.GPIOPinTypeI2S))
<BR><BR>[Stack]<UL><LI>Max Depth = 20<LI>Call Chain = GPIOPinTypeI2S &rArr; GPIOPadConfigSet
</UL>
<BR>[Calls]<UL><LI><a href="#[47]">&gt;&gt;</a>&nbsp;&nbsp;&nbsp;GPIOPadConfigSet
<LI><a href="#[46]">&gt;&gt;</a>&nbsp;&nbsp;&nbsp;GPIODirModeSet
</UL>
<BR>[Called By]<UL><LI><a href="#[7c]">&gt;&gt;</a>&nbsp;&nbsp;&nbsp;SoundInit
</UL>

<P><STRONG><a name="[4b]"></a>GPIOPinTypePWM</STRONG> (Thumb, 28 bytes, Stack size 12 bytes, gpio.o(i.GPIOPinTypePWM))
<BR><BR>[Stack]<UL><LI>Max Depth = 20<LI>Call Chain = GPIOPinTypePWM &rArr; GPIOPadConfigSet
</UL>
<BR>[Calls]<UL><LI><a href="#[47]">&gt;&gt;</a>&nbsp;&nbsp;&nbsp;GPIOPadConfigSet
<LI><a href="#[46]">&gt;&gt;</a>&nbsp;&nbsp;&nbsp;GPIODirModeSet
</UL>
<BR>[Called By]<UL><LI><a href="#[62]">&gt;&gt;</a>&nbsp;&nbsp;&nbsp;PWMInitial
</UL>

<P><STRONG><a name="[4c]"></a>GPIOPinTypeSSI</STRONG> (Thumb, 28 bytes, Stack size 12 bytes, gpio.o(i.GPIOPinTypeSSI))
<BR><BR>[Stack]<UL><LI>Max Depth = 20<LI>Call Chain = GPIOPinTypeSSI &rArr; GPIOPadConfigSet
</UL>
<BR>[Calls]<UL><LI><a href="#[47]">&gt;&gt;</a>&nbsp;&nbsp;&nbsp;GPIOPadConfigSet
<LI><a href="#[46]">&gt;&gt;</a>&nbsp;&nbsp;&nbsp;GPIODirModeSet
</UL>
<BR>[Called By]<UL><LI><a href="#[c1]">&gt;&gt;</a>&nbsp;&nbsp;&nbsp;send_initial_clock_train
<LI><a href="#[c0]">&gt;&gt;</a>&nbsp;&nbsp;&nbsp;power_on
</UL>

<P><STRONG><a name="[4d]"></a>GPIOPinTypeUART</STRONG> (Thumb, 28 bytes, Stack size 12 bytes, gpio.o(i.GPIOPinTypeUART))
<BR><BR>[Stack]<UL><LI>Max Depth = 20<LI>Call Chain = GPIOPinTypeUART &rArr; GPIOPadConfigSet
</UL>
<BR>[Calls]<UL><LI><a href="#[47]">&gt;&gt;</a>&nbsp;&nbsp;&nbsp;GPIOPadConfigSet
<LI><a href="#[46]">&gt;&gt;</a>&nbsp;&nbsp;&nbsp;GPIODirModeSet
</UL>
<BR>[Called By]<UL><LI><a href="#[a1]">&gt;&gt;</a>&nbsp;&nbsp;&nbsp;UART0Initial
</UL>

<P><STRONG><a name="[38]"></a>GPIOPinWrite</STRONG> (Thumb, 6 bytes, Stack size 0 bytes, gpio.o(i.GPIOPinWrite))
<BR><BR>[Called By]<UL><LI><a href="#[c1]">&gt;&gt;</a>&nbsp;&nbsp;&nbsp;send_initial_clock_train
<LI><a href="#[c0]">&gt;&gt;</a>&nbsp;&nbsp;&nbsp;power_on
<LI><a href="#[6e]">&gt;&gt;</a>&nbsp;&nbsp;&nbsp;SELECT
<LI><a href="#[37]">&gt;&gt;</a>&nbsp;&nbsp;&nbsp;DESELECT
</UL>

<P><STRONG><a name="[ef]"></a>GrCircleDraw</STRONG> (Thumb, 510 bytes, Stack size 40 bytes, circle.o(i.GrCircleDraw))
<BR><BR>[Stack]<UL><LI>Max Depth = 40<LI>Call Chain = GrCircleDraw
</UL>
<BR>[Called By]<UL><LI><a href="#[f]">&gt;&gt;</a>&nbsp;&nbsp;&nbsp;onpress4
<LI><a href="#[e]">&gt;&gt;</a>&nbsp;&nbsp;&nbsp;onpress3
<LI><a href="#[d]">&gt;&gt;</a>&nbsp;&nbsp;&nbsp;onpress2
<LI><a href="#[c]">&gt;&gt;</a>&nbsp;&nbsp;&nbsp;onpress1
</UL>

<P><STRONG><a name="[4e]"></a>GrCircleFill</STRONG> (Thumb, 294 bytes, Stack size 32 bytes, circle.o(i.GrCircleFill))
<BR><BR>[Stack]<UL><LI>Max Depth = 48<LI>Call Chain = GrCircleFill &rArr; GrLineDrawH
</UL>
<BR>[Calls]<UL><LI><a href="#[4f]">&gt;&gt;</a>&nbsp;&nbsp;&nbsp;GrLineDrawH
</UL>
<BR>[Called By]<UL><LI><a href="#[f]">&gt;&gt;</a>&nbsp;&nbsp;&nbsp;onpress4
<LI><a href="#[e]">&gt;&gt;</a>&nbsp;&nbsp;&nbsp;onpress3
<LI><a href="#[d]">&gt;&gt;</a>&nbsp;&nbsp;&nbsp;onpress2
<LI><a href="#[c]">&gt;&gt;</a>&nbsp;&nbsp;&nbsp;onpress1
<LI><a href="#[ee]">&gt;&gt;</a>&nbsp;&nbsp;&nbsp;missorperfect
<LI><a href="#[1a]">&gt;&gt;</a>&nbsp;&nbsp;&nbsp;main
</UL>

<P><STRONG><a name="[5f]"></a>GrContextClipRegionSet</STRONG> (Thumb, 112 bytes, Stack size 0 bytes, context.o(i.GrContextClipRegionSet))
<BR><BR>[Called By]<UL><LI><a href="#[74]">&gt;&gt;</a>&nbsp;&nbsp;&nbsp;SliderPaint
<LI><a href="#[b]">&gt;&gt;</a>&nbsp;&nbsp;&nbsp;ListBoxMsgProc
<LI><a href="#[6c]">&gt;&gt;</a>&nbsp;&nbsp;&nbsp;RectangularButtonPaint
</UL>

<P><STRONG><a name="[50]"></a>GrContextFontSet</STRONG> (Thumb, 6 bytes, Stack size 0 bytes, string.o(i.GrContextFontSet))
<BR><BR>[Stack]<UL><LI>Max Depth = 16<LI>Call Chain = GrContextFontSet &rArr; UpdateContextCharMapping
</UL>
<BR>[Calls]<UL><LI><a href="#[51]">&gt;&gt;</a>&nbsp;&nbsp;&nbsp;UpdateContextCharMapping
</UL>
<BR>[Called By]<UL><LI><a href="#[74]">&gt;&gt;</a>&nbsp;&nbsp;&nbsp;SliderPaint
<LI><a href="#[b]">&gt;&gt;</a>&nbsp;&nbsp;&nbsp;ListBoxMsgProc
<LI><a href="#[ec]">&gt;&gt;</a>&nbsp;&nbsp;&nbsp;printlevel
<LI><a href="#[1a]">&gt;&gt;</a>&nbsp;&nbsp;&nbsp;main
<LI><a href="#[a6]">&gt;&gt;</a>&nbsp;&nbsp;&nbsp;WaveOpen
<LI><a href="#[6c]">&gt;&gt;</a>&nbsp;&nbsp;&nbsp;RectangularButtonPaint
</UL>

<P><STRONG><a name="[5e]"></a>GrContextInit</STRONG> (Thumb, 88 bytes, Stack size 0 bytes, context.o(i.GrContextInit))
<BR><BR>[Called By]<UL><LI><a href="#[74]">&gt;&gt;</a>&nbsp;&nbsp;&nbsp;SliderPaint
<LI><a href="#[b]">&gt;&gt;</a>&nbsp;&nbsp;&nbsp;ListBoxMsgProc
<LI><a href="#[1a]">&gt;&gt;</a>&nbsp;&nbsp;&nbsp;main
<LI><a href="#[6c]">&gt;&gt;</a>&nbsp;&nbsp;&nbsp;RectangularButtonPaint
</UL>

<P><STRONG><a name="[1b]"></a>GrDefaultStringRenderer</STRONG> (Thumb, 280 bytes, Stack size 72 bytes, string.o(i.GrDefaultStringRenderer))
<BR><BR>[Stack]<UL><LI>Max Depth = 136<LI>Call Chain = GrDefaultStringRenderer &rArr; GrFontGlyphRender
</UL>
<BR>[Calls]<UL><LI><a href="#[53]">&gt;&gt;</a>&nbsp;&nbsp;&nbsp;GrFontGlyphRender
<LI><a href="#[52]">&gt;&gt;</a>&nbsp;&nbsp;&nbsp;GrFontGlyphDataGet
</UL>
<BR>[Address Reference Count : 1]<UL><LI> context.o(i.GrContextInit)
</UL>
<P><STRONG><a name="[6d]"></a>GrFontBaselineGet</STRONG> (Thumb, 44 bytes, Stack size 24 bytes, string.o(i.GrFontBaselineGet))
<BR><BR>[Stack]<UL><LI>Max Depth = 24<LI>Call Chain = GrFontBaselineGet
</UL>
<BR>[Called By]<UL><LI><a href="#[74]">&gt;&gt;</a>&nbsp;&nbsp;&nbsp;SliderPaint
<LI><a href="#[ec]">&gt;&gt;</a>&nbsp;&nbsp;&nbsp;printlevel
<LI><a href="#[1a]">&gt;&gt;</a>&nbsp;&nbsp;&nbsp;main
<LI><a href="#[a6]">&gt;&gt;</a>&nbsp;&nbsp;&nbsp;WaveOpen
<LI><a href="#[6c]">&gt;&gt;</a>&nbsp;&nbsp;&nbsp;RectangularButtonPaint
</UL>

<P><STRONG><a name="[52]"></a>GrFontGlyphDataGet</STRONG> (Thumb, 164 bytes, Stack size 16 bytes, string.o(i.GrFontGlyphDataGet))
<BR><BR>[Stack]<UL><LI>Max Depth = 16<LI>Call Chain = GrFontGlyphDataGet
</UL>
<BR>[Called By]<UL><LI><a href="#[58]">&gt;&gt;</a>&nbsp;&nbsp;&nbsp;GrStringWidthGet
<LI><a href="#[1b]">&gt;&gt;</a>&nbsp;&nbsp;&nbsp;GrDefaultStringRenderer
</UL>

<P><STRONG><a name="[53]"></a>GrFontGlyphRender</STRONG> (Thumb, 646 bytes, Stack size 64 bytes, string.o(i.GrFontGlyphRender))
<BR><BR>[Stack]<UL><LI>Max Depth = 64<LI>Call Chain = GrFontGlyphRender
</UL>
<BR>[Called By]<UL><LI><a href="#[1b]">&gt;&gt;</a>&nbsp;&nbsp;&nbsp;GrDefaultStringRenderer
</UL>

<P><STRONG><a name="[5c]"></a>GrFontHeightGet</STRONG> (Thumb, 44 bytes, Stack size 24 bytes, string.o(i.GrFontHeightGet))
<BR><BR>[Stack]<UL><LI>Max Depth = 24<LI>Call Chain = GrFontHeightGet
</UL>
<BR>[Called By]<UL><LI><a href="#[b]">&gt;&gt;</a>&nbsp;&nbsp;&nbsp;ListBoxMsgProc
</UL>

<P><STRONG><a name="[54]"></a>GrImageDraw</STRONG> (Thumb, 24 bytes, Stack size 16 bytes, image.o(i.GrImageDraw))
<BR><BR>[Stack]<UL><LI>Max Depth = 200<LI>Call Chain = GrImageDraw &rArr; InternalImageDraw &rArr; PixelTransparentDraw
</UL>
<BR>[Calls]<UL><LI><a href="#[55]">&gt;&gt;</a>&nbsp;&nbsp;&nbsp;InternalImageDraw
</UL>
<BR>[Called By]<UL><LI><a href="#[74]">&gt;&gt;</a>&nbsp;&nbsp;&nbsp;SliderPaint
<LI><a href="#[6c]">&gt;&gt;</a>&nbsp;&nbsp;&nbsp;RectangularButtonPaint
</UL>

<P><STRONG><a name="[be]"></a>GrLineDraw</STRONG> (Thumb, 636 bytes, Stack size 40 bytes, line.o(i.GrLineDraw))
<BR><BR>[Stack]<UL><LI>Max Depth = 40<LI>Call Chain = GrLineDraw
</UL>
<BR>[Called By]<UL><LI><a href="#[e9]">&gt;&gt;</a>&nbsp;&nbsp;&nbsp;moverec1
<LI><a href="#[1a]">&gt;&gt;</a>&nbsp;&nbsp;&nbsp;main
<LI><a href="#[bf]">&gt;&gt;</a>&nbsp;&nbsp;&nbsp;destroyrec1
<LI><a href="#[bd]">&gt;&gt;</a>&nbsp;&nbsp;&nbsp;destroyrec
</UL>

<P><STRONG><a name="[4f]"></a>GrLineDrawH</STRONG> (Thumb, 76 bytes, Stack size 16 bytes, line.o(i.GrLineDrawH))
<BR><BR>[Stack]<UL><LI>Max Depth = 16<LI>Call Chain = GrLineDrawH
</UL>
<BR>[Called By]<UL><LI><a href="#[56]">&gt;&gt;</a>&nbsp;&nbsp;&nbsp;GrRectDraw
<LI><a href="#[4e]">&gt;&gt;</a>&nbsp;&nbsp;&nbsp;GrCircleFill
</UL>

<P><STRONG><a name="[57]"></a>GrLineDrawV</STRONG> (Thumb, 76 bytes, Stack size 16 bytes, line.o(i.GrLineDrawV))
<BR><BR>[Stack]<UL><LI>Max Depth = 16<LI>Call Chain = GrLineDrawV
</UL>
<BR>[Called By]<UL><LI><a href="#[56]">&gt;&gt;</a>&nbsp;&nbsp;&nbsp;GrRectDraw
</UL>

<P><STRONG><a name="[2a]"></a>GrMapISO8859_1_Unicode</STRONG> (Thumb, 8 bytes, Stack size 0 bytes, charmap.o(i.GrMapISO8859_1_Unicode))
<BR>[Address Reference Count : 1]<UL><LI> context.o(.constdata)
</UL>
<P><STRONG><a name="[56]"></a>GrRectDraw</STRONG> (Thumb, 108 bytes, Stack size 16 bytes, rectangle.o(i.GrRectDraw))
<BR><BR>[Stack]<UL><LI>Max Depth = 32<LI>Call Chain = GrRectDraw &rArr; GrLineDrawV
</UL>
<BR>[Calls]<UL><LI><a href="#[57]">&gt;&gt;</a>&nbsp;&nbsp;&nbsp;GrLineDrawV
<LI><a href="#[4f]">&gt;&gt;</a>&nbsp;&nbsp;&nbsp;GrLineDrawH
</UL>
<BR>[Called By]<UL><LI><a href="#[74]">&gt;&gt;</a>&nbsp;&nbsp;&nbsp;SliderPaint
<LI><a href="#[b]">&gt;&gt;</a>&nbsp;&nbsp;&nbsp;ListBoxMsgProc
<LI><a href="#[6c]">&gt;&gt;</a>&nbsp;&nbsp;&nbsp;RectangularButtonPaint
</UL>

<P><STRONG><a name="[61]"></a>GrRectFill</STRONG> (Thumb, 180 bytes, Stack size 24 bytes, rectangle.o(i.GrRectFill))
<BR><BR>[Stack]<UL><LI>Max Depth = 24<LI>Call Chain = GrRectFill
</UL>
<BR>[Called By]<UL><LI><a href="#[74]">&gt;&gt;</a>&nbsp;&nbsp;&nbsp;SliderPaint
<LI><a href="#[b]">&gt;&gt;</a>&nbsp;&nbsp;&nbsp;ListBoxMsgProc
<LI><a href="#[f]">&gt;&gt;</a>&nbsp;&nbsp;&nbsp;onpress4
<LI><a href="#[e]">&gt;&gt;</a>&nbsp;&nbsp;&nbsp;onpress3
<LI><a href="#[d]">&gt;&gt;</a>&nbsp;&nbsp;&nbsp;onpress2
<LI><a href="#[c]">&gt;&gt;</a>&nbsp;&nbsp;&nbsp;onpress1
<LI><a href="#[e9]">&gt;&gt;</a>&nbsp;&nbsp;&nbsp;moverec1
<LI><a href="#[e7]">&gt;&gt;</a>&nbsp;&nbsp;&nbsp;moverec
<LI><a href="#[1a]">&gt;&gt;</a>&nbsp;&nbsp;&nbsp;main
<LI><a href="#[bf]">&gt;&gt;</a>&nbsp;&nbsp;&nbsp;destroyrec1
<LI><a href="#[bd]">&gt;&gt;</a>&nbsp;&nbsp;&nbsp;destroyrec
<LI><a href="#[b9]">&gt;&gt;</a>&nbsp;&nbsp;&nbsp;clr
<LI><a href="#[6c]">&gt;&gt;</a>&nbsp;&nbsp;&nbsp;RectangularButtonPaint
</UL>

<P><STRONG><a name="[75]"></a>GrRectIntersectGet</STRONG> (Thumb, 138 bytes, Stack size 24 bytes, rectangle.o(i.GrRectIntersectGet))
<BR><BR>[Stack]<UL><LI>Max Depth = 24<LI>Call Chain = GrRectIntersectGet
</UL>
<BR>[Called By]<UL><LI><a href="#[74]">&gt;&gt;</a>&nbsp;&nbsp;&nbsp;SliderPaint
</UL>

<P><STRONG><a name="[60]"></a>GrStringDraw</STRONG> (Thumb, 22 bytes, Stack size 16 bytes, string.o(i.GrStringDraw))
<BR><BR>[Stack]<UL><LI>Max Depth = 16<LI>Call Chain = GrStringDraw
</UL>
<BR>[Called By]<UL><LI><a href="#[74]">&gt;&gt;</a>&nbsp;&nbsp;&nbsp;SliderPaint
<LI><a href="#[b]">&gt;&gt;</a>&nbsp;&nbsp;&nbsp;ListBoxMsgProc
<LI><a href="#[ec]">&gt;&gt;</a>&nbsp;&nbsp;&nbsp;printlevel
<LI><a href="#[1a]">&gt;&gt;</a>&nbsp;&nbsp;&nbsp;main
<LI><a href="#[a6]">&gt;&gt;</a>&nbsp;&nbsp;&nbsp;WaveOpen
<LI><a href="#[6c]">&gt;&gt;</a>&nbsp;&nbsp;&nbsp;RectangularButtonPaint
</UL>

<P><STRONG><a name="[58]"></a>GrStringWidthGet</STRONG> (Thumb, 192 bytes, Stack size 64 bytes, string.o(i.GrStringWidthGet))
<BR><BR>[Stack]<UL><LI>Max Depth = 80<LI>Call Chain = GrStringWidthGet &rArr; GrFontGlyphDataGet
</UL>
<BR>[Calls]<UL><LI><a href="#[52]">&gt;&gt;</a>&nbsp;&nbsp;&nbsp;GrFontGlyphDataGet
</UL>
<BR>[Called By]<UL><LI><a href="#[74]">&gt;&gt;</a>&nbsp;&nbsp;&nbsp;SliderPaint
<LI><a href="#[b]">&gt;&gt;</a>&nbsp;&nbsp;&nbsp;ListBoxMsgProc
<LI><a href="#[ec]">&gt;&gt;</a>&nbsp;&nbsp;&nbsp;printlevel
<LI><a href="#[1a]">&gt;&gt;</a>&nbsp;&nbsp;&nbsp;main
<LI><a href="#[a6]">&gt;&gt;</a>&nbsp;&nbsp;&nbsp;WaveOpen
<LI><a href="#[6c]">&gt;&gt;</a>&nbsp;&nbsp;&nbsp;RectangularButtonPaint
</UL>

<P><STRONG><a name="[97]"></a>I2CMasterControl</STRONG> (Thumb, 4 bytes, Stack size 0 bytes, i2c.o(i.I2CMasterControl))
<BR><BR>[Called By]<UL><LI><a href="#[90]">&gt;&gt;</a>&nbsp;&nbsp;&nbsp;TLV320AIC23BWriteRegister
</UL>

<P><STRONG><a name="[96]"></a>I2CMasterDataPut</STRONG> (Thumb, 4 bytes, Stack size 0 bytes, i2c.o(i.I2CMasterDataPut))
<BR><BR>[Called By]<UL><LI><a href="#[90]">&gt;&gt;</a>&nbsp;&nbsp;&nbsp;TLV320AIC23BWriteRegister
</UL>

<P><STRONG><a name="[3b]"></a>I2CMasterErr</STRONG> (Thumb, 24 bytes, Stack size 0 bytes, i2c.o(i.I2CMasterErr))
<BR><BR>[Called By]<UL><LI><a href="#[3a]">&gt;&gt;</a>&nbsp;&nbsp;&nbsp;EEPROMReadPolled
<LI><a href="#[90]">&gt;&gt;</a>&nbsp;&nbsp;&nbsp;TLV320AIC23BWriteRegister
</UL>

<P><STRONG><a name="[93]"></a>I2CMasterInitExpClk</STRONG> (Thumb, 72 bytes, Stack size 0 bytes, i2c.o(i.I2CMasterInitExpClk))
<BR><BR>[Called By]<UL><LI><a href="#[7e]">&gt;&gt;</a>&nbsp;&nbsp;&nbsp;TLV320AIC23BInit
</UL>

<P><STRONG><a name="[99]"></a>I2CMasterIntClear</STRONG> (Thumb, 8 bytes, Stack size 0 bytes, i2c.o(i.I2CMasterIntClear))
<BR><BR>[Called By]<UL><LI><a href="#[90]">&gt;&gt;</a>&nbsp;&nbsp;&nbsp;TLV320AIC23BWriteRegister
</UL>

<P><STRONG><a name="[98]"></a>I2CMasterIntStatus</STRONG> (Thumb, 24 bytes, Stack size 0 bytes, i2c.o(i.I2CMasterIntStatus))
<BR><BR>[Called By]<UL><LI><a href="#[90]">&gt;&gt;</a>&nbsp;&nbsp;&nbsp;TLV320AIC23BWriteRegister
</UL>

<P><STRONG><a name="[95]"></a>I2CMasterSlaveAddrSet</STRONG> (Thumb, 8 bytes, Stack size 0 bytes, i2c.o(i.I2CMasterSlaveAddrSet))
<BR><BR>[Called By]<UL><LI><a href="#[90]">&gt;&gt;</a>&nbsp;&nbsp;&nbsp;TLV320AIC23BWriteRegister
</UL>

<P><STRONG><a name="[80]"></a>I2SIntClear</STRONG> (Thumb, 6 bytes, Stack size 0 bytes, i2s.o(i.I2SIntClear))
<BR><BR>[Called By]<UL><LI><a href="#[19]">&gt;&gt;</a>&nbsp;&nbsp;&nbsp;SoundIntHandler
<LI><a href="#[7c]">&gt;&gt;</a>&nbsp;&nbsp;&nbsp;SoundInit
</UL>

<P><STRONG><a name="[84]"></a>I2SIntStatus</STRONG> (Thumb, 14 bytes, Stack size 0 bytes, i2s.o(i.I2SIntStatus))
<BR><BR>[Called By]<UL><LI><a href="#[19]">&gt;&gt;</a>&nbsp;&nbsp;&nbsp;SoundIntHandler
</UL>

<P><STRONG><a name="[87]"></a>I2SMasterClockSelect</STRONG> (Thumb, 18 bytes, Stack size 0 bytes, i2s.o(i.I2SMasterClockSelect))
<BR><BR>[Called By]<UL><LI><a href="#[86]">&gt;&gt;</a>&nbsp;&nbsp;&nbsp;SoundSetFormat
</UL>

<P><STRONG><a name="[89]"></a>I2SRxConfigSet</STRONG> (Thumb, 60 bytes, Stack size 0 bytes, i2s.o(i.I2SRxConfigSet))
<BR><BR>[Called By]<UL><LI><a href="#[86]">&gt;&gt;</a>&nbsp;&nbsp;&nbsp;SoundSetFormat
</UL>

<P><STRONG><a name="[82]"></a>I2SRxFIFOLimitSet</STRONG> (Thumb, 6 bytes, Stack size 0 bytes, i2s.o(i.I2SRxFIFOLimitSet))
<BR><BR>[Called By]<UL><LI><a href="#[7c]">&gt;&gt;</a>&nbsp;&nbsp;&nbsp;SoundInit
</UL>

<P><STRONG><a name="[88]"></a>I2STxConfigSet</STRONG> (Thumb, 22 bytes, Stack size 0 bytes, i2s.o(i.I2STxConfigSet))
<BR><BR>[Called By]<UL><LI><a href="#[86]">&gt;&gt;</a>&nbsp;&nbsp;&nbsp;SoundSetFormat
</UL>

<P><STRONG><a name="[7a]"></a>I2STxEnable</STRONG> (Thumb, 20 bytes, Stack size 0 bytes, i2s.o(i.I2STxEnable))
<BR><BR>[Called By]<UL><LI><a href="#[7c]">&gt;&gt;</a>&nbsp;&nbsp;&nbsp;SoundInit
<LI><a href="#[76]">&gt;&gt;</a>&nbsp;&nbsp;&nbsp;SoundBufferPlay
</UL>

<P><STRONG><a name="[7f]"></a>I2STxFIFOLimitSet</STRONG> (Thumb, 4 bytes, Stack size 0 bytes, i2s.o(i.I2STxFIFOLimitSet))
<BR><BR>[Called By]<UL><LI><a href="#[7c]">&gt;&gt;</a>&nbsp;&nbsp;&nbsp;SoundInit
</UL>

<P><STRONG><a name="[83]"></a>I2STxRxEnable</STRONG> (Thumb, 24 bytes, Stack size 0 bytes, i2s.o(i.I2STxRxEnable))
<BR><BR>[Called By]<UL><LI><a href="#[7c]">&gt;&gt;</a>&nbsp;&nbsp;&nbsp;SoundInit
</UL>

<P><STRONG><a name="[77]"></a>IntDisable</STRONG> (Thumb, 92 bytes, Stack size 0 bytes, interrupt.o(i.IntDisable))
<BR><BR>[Called By]<UL><LI><a href="#[76]">&gt;&gt;</a>&nbsp;&nbsp;&nbsp;SoundBufferPlay
<LI><a href="#[1a]">&gt;&gt;</a>&nbsp;&nbsp;&nbsp;main
</UL>

<P><STRONG><a name="[7b]"></a>IntEnable</STRONG> (Thumb, 92 bytes, Stack size 0 bytes, interrupt.o(i.IntEnable))
<BR><BR>[Called By]<UL><LI><a href="#[7c]">&gt;&gt;</a>&nbsp;&nbsp;&nbsp;SoundInit
<LI><a href="#[76]">&gt;&gt;</a>&nbsp;&nbsp;&nbsp;SoundBufferPlay
<LI><a href="#[1a]">&gt;&gt;</a>&nbsp;&nbsp;&nbsp;main
<LI><a href="#[9c]">&gt;&gt;</a>&nbsp;&nbsp;&nbsp;TimerInitial
</UL>

<P><STRONG><a name="[5b]"></a>Kitronix320x240x16_SSD2119Init</STRONG> (Thumb, 562 bytes, Stack size 24 bytes, kitronix320x240x16_ssd2119_8bit.o(i.Kitronix320x240x16_SSD2119Init))
<BR><BR>[Stack]<UL><LI>Max Depth = 56<LI>Call Chain = Kitronix320x240x16_SSD2119Init &rArr; InitGPIOLCDInterface
</UL>
<BR>[Calls]<UL><LI><a href="#[2f]">&gt;&gt;</a>&nbsp;&nbsp;&nbsp;SysCtlDelay
<LI><a href="#[59]">&gt;&gt;</a>&nbsp;&nbsp;&nbsp;InitGPIOLCDInterface
</UL>
<BR>[Called By]<UL><LI><a href="#[1a]">&gt;&gt;</a>&nbsp;&nbsp;&nbsp;main
</UL>

<P><STRONG><a name="[b]"></a>ListBoxMsgProc</STRONG> (Thumb, 886 bytes, Stack size 104 bytes, listbox.o(i.ListBoxMsgProc))
<BR><BR>[Stack]<UL><LI>Max Depth = 184<LI>Call Chain = ListBoxMsgProc &rArr; GrStringWidthGet &rArr; GrFontGlyphDataGet
</UL>
<BR>[Calls]<UL><LI><a href="#[11]">&gt;&gt;</a>&nbsp;&nbsp;&nbsp;WidgetDefaultMsgProc
<LI><a href="#[56]">&gt;&gt;</a>&nbsp;&nbsp;&nbsp;GrRectDraw
<LI><a href="#[5f]">&gt;&gt;</a>&nbsp;&nbsp;&nbsp;GrContextClipRegionSet
<LI><a href="#[5d]">&gt;&gt;</a>&nbsp;&nbsp;&nbsp;WidgetMessageQueueAdd
<LI><a href="#[58]">&gt;&gt;</a>&nbsp;&nbsp;&nbsp;GrStringWidthGet
<LI><a href="#[60]">&gt;&gt;</a>&nbsp;&nbsp;&nbsp;GrStringDraw
<LI><a href="#[61]">&gt;&gt;</a>&nbsp;&nbsp;&nbsp;GrRectFill
<LI><a href="#[5e]">&gt;&gt;</a>&nbsp;&nbsp;&nbsp;GrContextInit
<LI><a href="#[50]">&gt;&gt;</a>&nbsp;&nbsp;&nbsp;GrContextFontSet
<LI><a href="#[5c]">&gt;&gt;</a>&nbsp;&nbsp;&nbsp;GrFontHeightGet
</UL>
<BR>[Address Reference Count : 1]<UL><LI> rhythm.o(.data)
</UL>
<P><STRONG><a name="[f0]"></a>ListBoxTextAdd</STRONG> (Thumb, 104 bytes, Stack size 4 bytes, listbox.o(i.ListBoxTextAdd))
<BR><BR>[Stack]<UL><LI>Max Depth = 4<LI>Call Chain = ListBoxTextAdd
</UL>
<BR>[Called By]<UL><LI><a href="#[e0]">&gt;&gt;</a>&nbsp;&nbsp;&nbsp;populate
</UL>

<P><STRONG><a name="[66]"></a>PWMGenConfigure</STRONG> (Thumb, 38 bytes, Stack size 0 bytes, pwm.o(i.PWMGenConfigure))
<BR><BR>[Called By]<UL><LI><a href="#[62]">&gt;&gt;</a>&nbsp;&nbsp;&nbsp;PWMInitial
</UL>

<P><STRONG><a name="[36]"></a>PWMGenDisable</STRONG> (Thumb, 10 bytes, Stack size 0 bytes, pwm.o(i.PWMGenDisable))
<BR><BR>[Called By]<UL><LI><a href="#[62]">&gt;&gt;</a>&nbsp;&nbsp;&nbsp;PWMInitial
<LI><a href="#[34]">&gt;&gt;</a>&nbsp;&nbsp;&nbsp;BuzzerBeep
</UL>

<P><STRONG><a name="[35]"></a>PWMGenEnable</STRONG> (Thumb, 10 bytes, Stack size 0 bytes, pwm.o(i.PWMGenEnable))
<BR><BR>[Called By]<UL><LI><a href="#[62]">&gt;&gt;</a>&nbsp;&nbsp;&nbsp;PWMInitial
<LI><a href="#[34]">&gt;&gt;</a>&nbsp;&nbsp;&nbsp;BuzzerBeep
</UL>

<P><STRONG><a name="[67]"></a>PWMGenPeriodSet</STRONG> (Thumb, 18 bytes, Stack size 0 bytes, pwm.o(i.PWMGenPeriodSet))
<BR><BR>[Called By]<UL><LI><a href="#[62]">&gt;&gt;</a>&nbsp;&nbsp;&nbsp;PWMInitial
</UL>

<P><STRONG><a name="[62]"></a>PWMInitial</STRONG> (Thumb, 122 bytes, Stack size 16 bytes, rhythm.o(i.PWMInitial))
<BR><BR>[Stack]<UL><LI>Max Depth = 36<LI>Call Chain = PWMInitial &rArr; GPIOPinTypePWM &rArr; GPIOPadConfigSet
</UL>
<BR>[Calls]<UL><LI><a href="#[63]">&gt;&gt;</a>&nbsp;&nbsp;&nbsp;SysCtlPeripheralEnable
<LI><a href="#[64]">&gt;&gt;</a>&nbsp;&nbsp;&nbsp;GPIOPinConfigure
<LI><a href="#[2f]">&gt;&gt;</a>&nbsp;&nbsp;&nbsp;SysCtlDelay
<LI><a href="#[4b]">&gt;&gt;</a>&nbsp;&nbsp;&nbsp;GPIOPinTypePWM
<LI><a href="#[65]">&gt;&gt;</a>&nbsp;&nbsp;&nbsp;SysCtlPWMClockSet
<LI><a href="#[68]">&gt;&gt;</a>&nbsp;&nbsp;&nbsp;PWMPulseWidthSet
<LI><a href="#[69]">&gt;&gt;</a>&nbsp;&nbsp;&nbsp;PWMOutputState
<LI><a href="#[67]">&gt;&gt;</a>&nbsp;&nbsp;&nbsp;PWMGenPeriodSet
<LI><a href="#[35]">&gt;&gt;</a>&nbsp;&nbsp;&nbsp;PWMGenEnable
<LI><a href="#[36]">&gt;&gt;</a>&nbsp;&nbsp;&nbsp;PWMGenDisable
<LI><a href="#[66]">&gt;&gt;</a>&nbsp;&nbsp;&nbsp;PWMGenConfigure
</UL>
<BR>[Called By]<UL><LI><a href="#[1a]">&gt;&gt;</a>&nbsp;&nbsp;&nbsp;main
</UL>

<P><STRONG><a name="[69]"></a>PWMOutputState</STRONG> (Thumb, 16 bytes, Stack size 0 bytes, pwm.o(i.PWMOutputState))
<BR><BR>[Called By]<UL><LI><a href="#[62]">&gt;&gt;</a>&nbsp;&nbsp;&nbsp;PWMInitial
</UL>

<P><STRONG><a name="[68]"></a>PWMPulseWidthSet</STRONG> (Thumb, 32 bytes, Stack size 0 bytes, pwm.o(i.PWMPulseWidthSet))
<BR><BR>[Called By]<UL><LI><a href="#[62]">&gt;&gt;</a>&nbsp;&nbsp;&nbsp;PWMInitial
</UL>

<P><STRONG><a name="[6a]"></a>PinoutSet</STRONG> (Thumb, 204 bytes, Stack size 56 bytes, set_pinout.o(i.PinoutSet))
<BR><BR>[Stack]<UL><LI>Max Depth = 112<LI>Call Chain = PinoutSet &rArr; EPIPinConfigSet &rArr; HB8ConfigGet
</UL>
<BR>[Calls]<UL><LI><a href="#[6b]">&gt;&gt;</a>&nbsp;&nbsp;&nbsp;PortControlSet
<LI><a href="#[3c]">&gt;&gt;</a>&nbsp;&nbsp;&nbsp;EPIPinConfigSet
<LI><a href="#[39]">&gt;&gt;</a>&nbsp;&nbsp;&nbsp;DaughterBoardTypeGet
<LI><a href="#[2f]">&gt;&gt;</a>&nbsp;&nbsp;&nbsp;SysCtlDelay
</UL>
<BR>[Called By]<UL><LI><a href="#[1a]">&gt;&gt;</a>&nbsp;&nbsp;&nbsp;main
</UL>

<P><STRONG><a name="[2]"></a>RectangularButtonMsgProc</STRONG> (Thumb, 300 bytes, Stack size 24 bytes, pushbutton.o(i.RectangularButtonMsgProc))
<BR><BR>[Stack]<UL><LI>Max Depth = 304<LI>Call Chain = RectangularButtonMsgProc &rArr; RectangularButtonPaint &rArr; GrImageDraw &rArr; InternalImageDraw &rArr; PixelTransparentDraw
</UL>
<BR>[Calls]<UL><LI><a href="#[11]">&gt;&gt;</a>&nbsp;&nbsp;&nbsp;WidgetDefaultMsgProc
<LI><a href="#[6c]">&gt;&gt;</a>&nbsp;&nbsp;&nbsp;RectangularButtonPaint
</UL>
<BR>[Address Reference Count : 1]<UL><LI> rhythm.o(.data)
</UL>
<P><STRONG><a name="[c5]"></a>SSIConfigSetExpClk</STRONG> (Thumb, 74 bytes, Stack size 8 bytes, ssi.o(i.SSIConfigSetExpClk))
<BR><BR>[Stack]<UL><LI>Max Depth = 8<LI>Call Chain = SSIConfigSetExpClk
</UL>
<BR>[Called By]<UL><LI><a href="#[c0]">&gt;&gt;</a>&nbsp;&nbsp;&nbsp;power_on
<LI><a href="#[b5]">&gt;&gt;</a>&nbsp;&nbsp;&nbsp;disk_initialize
</UL>

<P><STRONG><a name="[6f]"></a>SSIDataGet</STRONG> (Thumb, 14 bytes, Stack size 0 bytes, ssi.o(i.SSIDataGet))
<BR><BR>[Calls]<UL><LI><a href="#[6f]">&gt;&gt;</a>&nbsp;&nbsp;&nbsp;SSIDataGet
</UL>
<BR>[Called By]<UL><LI><a href="#[6f]">&gt;&gt;</a>&nbsp;&nbsp;&nbsp;SSIDataGet
<LI><a href="#[ca]">&gt;&gt;</a>&nbsp;&nbsp;&nbsp;xmit_spi
<LI><a href="#[c1]">&gt;&gt;</a>&nbsp;&nbsp;&nbsp;send_initial_clock_train
<LI><a href="#[c3]">&gt;&gt;</a>&nbsp;&nbsp;&nbsp;rcvr_spi
</UL>

<P><STRONG><a name="[70]"></a>SSIDataPut</STRONG> (Thumb, 12 bytes, Stack size 0 bytes, ssi.o(i.SSIDataPut))
<BR><BR>[Calls]<UL><LI><a href="#[70]">&gt;&gt;</a>&nbsp;&nbsp;&nbsp;SSIDataPut
</UL>
<BR>[Called By]<UL><LI><a href="#[70]">&gt;&gt;</a>&nbsp;&nbsp;&nbsp;SSIDataPut
<LI><a href="#[ca]">&gt;&gt;</a>&nbsp;&nbsp;&nbsp;xmit_spi
<LI><a href="#[c1]">&gt;&gt;</a>&nbsp;&nbsp;&nbsp;send_initial_clock_train
<LI><a href="#[c3]">&gt;&gt;</a>&nbsp;&nbsp;&nbsp;rcvr_spi
</UL>

<P><STRONG><a name="[c4]"></a>SSIDisable</STRONG> (Thumb, 10 bytes, Stack size 0 bytes, ssi.o(i.SSIDisable))
<BR><BR>[Called By]<UL><LI><a href="#[b5]">&gt;&gt;</a>&nbsp;&nbsp;&nbsp;disk_initialize
</UL>

<P><STRONG><a name="[c6]"></a>SSIEnable</STRONG> (Thumb, 10 bytes, Stack size 0 bytes, ssi.o(i.SSIEnable))
<BR><BR>[Called By]<UL><LI><a href="#[c0]">&gt;&gt;</a>&nbsp;&nbsp;&nbsp;power_on
<LI><a href="#[b5]">&gt;&gt;</a>&nbsp;&nbsp;&nbsp;disk_initialize
</UL>

<P><STRONG><a name="[9]"></a>SliderMsgProc</STRONG> (Thumb, 46 bytes, Stack size 8 bytes, slider.o(i.SliderMsgProc))
<BR><BR>[Stack]<UL><LI>Max Depth = 352<LI>Call Chain = SliderMsgProc &rArr; SliderClick &rArr; SliderPaint &rArr; GrImageDraw &rArr; InternalImageDraw &rArr; PixelTransparentDraw
</UL>
<BR>[Calls]<UL><LI><a href="#[11]">&gt;&gt;</a>&nbsp;&nbsp;&nbsp;WidgetDefaultMsgProc
<LI><a href="#[74]">&gt;&gt;</a>&nbsp;&nbsp;&nbsp;SliderPaint
<LI><a href="#[71]">&gt;&gt;</a>&nbsp;&nbsp;&nbsp;SliderClick
</UL>
<BR>[Address Reference Count : 1]<UL><LI> rhythm.o(.data)
</UL>
<P><STRONG><a name="[76]"></a>SoundBufferPlay</STRONG> (Thumb, 144 bytes, Stack size 24 bytes, sound.o(i.SoundBufferPlay))
<BR><BR>[Stack]<UL><LI>Max Depth = 40<LI>Call Chain = SoundBufferPlay &rArr; uDMAChannelTransferSet
</UL>
<BR>[Calls]<UL><LI><a href="#[78]">&gt;&gt;</a>&nbsp;&nbsp;&nbsp;uDMAChannelTransferSet
<LI><a href="#[79]">&gt;&gt;</a>&nbsp;&nbsp;&nbsp;uDMAChannelEnable
<LI><a href="#[7a]">&gt;&gt;</a>&nbsp;&nbsp;&nbsp;I2STxEnable
<LI><a href="#[7b]">&gt;&gt;</a>&nbsp;&nbsp;&nbsp;IntEnable
<LI><a href="#[77]">&gt;&gt;</a>&nbsp;&nbsp;&nbsp;IntDisable
</UL>
<BR>[Called By]<UL><LI><a href="#[1a]">&gt;&gt;</a>&nbsp;&nbsp;&nbsp;main
</UL>

<P><STRONG><a name="[7c]"></a>SoundInit</STRONG> (Thumb, 178 bytes, Stack size 16 bytes, sound.o(i.SoundInit))
<BR><BR>[Stack]<UL><LI>Max Depth = 48<LI>Call Chain = SoundInit &rArr; TLV320AIC23BInit &rArr; TLV320AIC23BLineInVolumeSet &rArr; TLV320AIC23BWriteRegister
</UL>
<BR>[Calls]<UL><LI><a href="#[63]">&gt;&gt;</a>&nbsp;&nbsp;&nbsp;SysCtlPeripheralEnable
<LI><a href="#[81]">&gt;&gt;</a>&nbsp;&nbsp;&nbsp;uDMAChannelAttributeDisable
<LI><a href="#[7d]">&gt;&gt;</a>&nbsp;&nbsp;&nbsp;SysCtlPeripheralReset
<LI><a href="#[83]">&gt;&gt;</a>&nbsp;&nbsp;&nbsp;I2STxRxEnable
<LI><a href="#[7f]">&gt;&gt;</a>&nbsp;&nbsp;&nbsp;I2STxFIFOLimitSet
<LI><a href="#[7a]">&gt;&gt;</a>&nbsp;&nbsp;&nbsp;I2STxEnable
<LI><a href="#[82]">&gt;&gt;</a>&nbsp;&nbsp;&nbsp;I2SRxFIFOLimitSet
<LI><a href="#[80]">&gt;&gt;</a>&nbsp;&nbsp;&nbsp;I2SIntClear
<LI><a href="#[7e]">&gt;&gt;</a>&nbsp;&nbsp;&nbsp;TLV320AIC23BInit
<LI><a href="#[4a]">&gt;&gt;</a>&nbsp;&nbsp;&nbsp;GPIOPinTypeI2S
<LI><a href="#[7b]">&gt;&gt;</a>&nbsp;&nbsp;&nbsp;IntEnable
</UL>
<BR>[Called By]<UL><LI><a href="#[1a]">&gt;&gt;</a>&nbsp;&nbsp;&nbsp;main
</UL>

<P><STRONG><a name="[19]"></a>SoundIntHandler</STRONG> (Thumb, 176 bytes, Stack size 24 bytes, sound.o(i.SoundIntHandler))
<BR><BR>[Stack]<UL><LI>Max Depth = 24<LI>Call Chain = SoundIntHandler
</UL>
<BR>[Calls]<UL><LI><a href="#[85]">&gt;&gt;</a>&nbsp;&nbsp;&nbsp;uDMAChannelModeGet
<LI><a href="#[84]">&gt;&gt;</a>&nbsp;&nbsp;&nbsp;I2SIntStatus
<LI><a href="#[80]">&gt;&gt;</a>&nbsp;&nbsp;&nbsp;I2SIntClear
</UL>
<BR>[Address Reference Count : 1]<UL><LI> startup_rvmdk.o(RESET)
</UL>
<P><STRONG><a name="[86]"></a>SoundSetFormat</STRONG> (Thumb, 334 bytes, Stack size 32 bytes, sound.o(i.SoundSetFormat))
<BR><BR>[Stack]<UL><LI>Max Depth = 36<LI>Call Chain = SoundSetFormat &rArr; SysCtlI2SMClkSet
</UL>
<BR>[Calls]<UL><LI><a href="#[8c]">&gt;&gt;</a>&nbsp;&nbsp;&nbsp;uDMAChannelControlSet
<LI><a href="#[8b]">&gt;&gt;</a>&nbsp;&nbsp;&nbsp;uDMAChannelAttributeEnable
<LI><a href="#[8a]">&gt;&gt;</a>&nbsp;&nbsp;&nbsp;SysCtlI2SMClkSet
<LI><a href="#[88]">&gt;&gt;</a>&nbsp;&nbsp;&nbsp;I2STxConfigSet
<LI><a href="#[89]">&gt;&gt;</a>&nbsp;&nbsp;&nbsp;I2SRxConfigSet
<LI><a href="#[87]">&gt;&gt;</a>&nbsp;&nbsp;&nbsp;I2SMasterClockSelect
</UL>
<BR>[Called By]<UL><LI><a href="#[a6]">&gt;&gt;</a>&nbsp;&nbsp;&nbsp;WaveOpen
</UL>

<P><STRONG><a name="[8d]"></a>SoundVolumeSet</STRONG> (Thumb, 8 bytes, Stack size 0 bytes, sound.o(i.SoundVolumeSet))
<BR><BR>[Stack]<UL><LI>Max Depth = 24<LI>Call Chain = SoundVolumeSet &rArr; TLV320AIC23BHeadPhoneVolumeSet &rArr; TLV320AIC23BWriteRegister
</UL>
<BR>[Calls]<UL><LI><a href="#[8e]">&gt;&gt;</a>&nbsp;&nbsp;&nbsp;TLV320AIC23BHeadPhoneVolumeSet
</UL>
<BR>[Called By]<UL><LI><a href="#[a]">&gt;&gt;</a>&nbsp;&nbsp;&nbsp;setvolume
<LI><a href="#[1a]">&gt;&gt;</a>&nbsp;&nbsp;&nbsp;main
</UL>

<P><STRONG><a name="[91]"></a>SysCtlClockGet</STRONG> (Thumb, 514 bytes, Stack size 8 bytes, sysctl.o(i.SysCtlClockGet))
<BR><BR>[Stack]<UL><LI>Max Depth = 8<LI>Call Chain = SysCtlClockGet
</UL>
<BR>[Called By]<UL><LI><a href="#[c0]">&gt;&gt;</a>&nbsp;&nbsp;&nbsp;power_on
<LI><a href="#[b5]">&gt;&gt;</a>&nbsp;&nbsp;&nbsp;disk_initialize
<LI><a href="#[7e]">&gt;&gt;</a>&nbsp;&nbsp;&nbsp;TLV320AIC23BInit
<LI><a href="#[1a]">&gt;&gt;</a>&nbsp;&nbsp;&nbsp;main
<LI><a href="#[a1]">&gt;&gt;</a>&nbsp;&nbsp;&nbsp;UART0Initial
</UL>

<P><STRONG><a name="[8a]"></a>SysCtlI2SMClkSet</STRONG> (Thumb, 204 bytes, Stack size 4 bytes, sysctl.o(i.SysCtlI2SMClkSet))
<BR><BR>[Stack]<UL><LI>Max Depth = 4<LI>Call Chain = SysCtlI2SMClkSet
</UL>
<BR>[Called By]<UL><LI><a href="#[86]">&gt;&gt;</a>&nbsp;&nbsp;&nbsp;SoundSetFormat
</UL>

<P><STRONG><a name="[65]"></a>SysCtlPWMClockSet</STRONG> (Thumb, 14 bytes, Stack size 0 bytes, sysctl.o(i.SysCtlPWMClockSet))
<BR><BR>[Called By]<UL><LI><a href="#[62]">&gt;&gt;</a>&nbsp;&nbsp;&nbsp;PWMInitial
</UL>

<P><STRONG><a name="[63]"></a>SysCtlPeripheralEnable</STRONG> (Thumb, 70 bytes, Stack size 0 bytes, sysctl.o(i.SysCtlPeripheralEnable))
<BR><BR>[Called By]<UL><LI><a href="#[c0]">&gt;&gt;</a>&nbsp;&nbsp;&nbsp;power_on
<LI><a href="#[7c]">&gt;&gt;</a>&nbsp;&nbsp;&nbsp;SoundInit
<LI><a href="#[7e]">&gt;&gt;</a>&nbsp;&nbsp;&nbsp;TLV320AIC23BInit
<LI><a href="#[a1]">&gt;&gt;</a>&nbsp;&nbsp;&nbsp;UART0Initial
<LI><a href="#[9c]">&gt;&gt;</a>&nbsp;&nbsp;&nbsp;TimerInitial
<LI><a href="#[62]">&gt;&gt;</a>&nbsp;&nbsp;&nbsp;PWMInitial
</UL>

<P><STRONG><a name="[7d]"></a>SysCtlPeripheralReset</STRONG> (Thumb, 110 bytes, Stack size 4 bytes, sysctl.o(i.SysCtlPeripheralReset))
<BR><BR>[Stack]<UL><LI>Max Depth = 4<LI>Call Chain = SysCtlPeripheralReset
</UL>
<BR>[Called By]<UL><LI><a href="#[7c]">&gt;&gt;</a>&nbsp;&nbsp;&nbsp;SoundInit
</UL>

<P><STRONG><a name="[16]"></a>SysTickHandler</STRONG> (Thumb, 4 bytes, Stack size 0 bytes, rhythm.o(i.SysTickHandler))
<BR><BR>[Calls]<UL><LI><a href="#[8f]">&gt;&gt;</a>&nbsp;&nbsp;&nbsp;disk_timerproc
</UL>
<BR>[Address Reference Count : 1]<UL><LI> startup_rvmdk.o(RESET)
</UL>
<P><STRONG><a name="[8e]"></a>TLV320AIC23BHeadPhoneVolumeSet</STRONG> (Thumb, 58 bytes, Stack size 8 bytes, tlv320aic23b.o(i.TLV320AIC23BHeadPhoneVolumeSet))
<BR><BR>[Stack]<UL><LI>Max Depth = 24<LI>Call Chain = TLV320AIC23BHeadPhoneVolumeSet &rArr; TLV320AIC23BWriteRegister
</UL>
<BR>[Calls]<UL><LI><a href="#[90]">&gt;&gt;</a>&nbsp;&nbsp;&nbsp;TLV320AIC23BWriteRegister
</UL>
<BR>[Called By]<UL><LI><a href="#[8d]">&gt;&gt;</a>&nbsp;&nbsp;&nbsp;SoundVolumeSet
<LI><a href="#[7e]">&gt;&gt;</a>&nbsp;&nbsp;&nbsp;TLV320AIC23BInit
</UL>

<P><STRONG><a name="[7e]"></a>TLV320AIC23BInit</STRONG> (Thumb, 174 bytes, Stack size 8 bytes, tlv320aic23b.o(i.TLV320AIC23BInit))
<BR><BR>[Stack]<UL><LI>Max Depth = 32<LI>Call Chain = TLV320AIC23BInit &rArr; TLV320AIC23BLineInVolumeSet &rArr; TLV320AIC23BWriteRegister
</UL>
<BR>[Calls]<UL><LI><a href="#[63]">&gt;&gt;</a>&nbsp;&nbsp;&nbsp;SysCtlPeripheralEnable
<LI><a href="#[91]">&gt;&gt;</a>&nbsp;&nbsp;&nbsp;SysCtlClockGet
<LI><a href="#[47]">&gt;&gt;</a>&nbsp;&nbsp;&nbsp;GPIOPadConfigSet
<LI><a href="#[2f]">&gt;&gt;</a>&nbsp;&nbsp;&nbsp;SysCtlDelay
<LI><a href="#[93]">&gt;&gt;</a>&nbsp;&nbsp;&nbsp;I2CMasterInitExpClk
<LI><a href="#[94]">&gt;&gt;</a>&nbsp;&nbsp;&nbsp;TLV320AIC23BLineInVolumeSet
<LI><a href="#[8e]">&gt;&gt;</a>&nbsp;&nbsp;&nbsp;TLV320AIC23BHeadPhoneVolumeSet
<LI><a href="#[90]">&gt;&gt;</a>&nbsp;&nbsp;&nbsp;TLV320AIC23BWriteRegister
<LI><a href="#[49]">&gt;&gt;</a>&nbsp;&nbsp;&nbsp;GPIOPinTypeI2C
<LI><a href="#[45]">&gt;&gt;</a>&nbsp;&nbsp;&nbsp;GPIOPinTypeGPIOInput
<LI><a href="#[92]">&gt;&gt;</a>&nbsp;&nbsp;&nbsp;GPIOPinRead
</UL>
<BR>[Called By]<UL><LI><a href="#[7c]">&gt;&gt;</a>&nbsp;&nbsp;&nbsp;SoundInit
</UL>

<P><STRONG><a name="[94]"></a>TLV320AIC23BLineInVolumeSet</STRONG> (Thumb, 24 bytes, Stack size 8 bytes, tlv320aic23b.o(i.TLV320AIC23BLineInVolumeSet))
<BR><BR>[Stack]<UL><LI>Max Depth = 24<LI>Call Chain = TLV320AIC23BLineInVolumeSet &rArr; TLV320AIC23BWriteRegister
</UL>
<BR>[Calls]<UL><LI><a href="#[90]">&gt;&gt;</a>&nbsp;&nbsp;&nbsp;TLV320AIC23BWriteRegister
</UL>
<BR>[Called By]<UL><LI><a href="#[7e]">&gt;&gt;</a>&nbsp;&nbsp;&nbsp;TLV320AIC23BInit
</UL>

<P><STRONG><a name="[18]"></a>Timer0A_ISR</STRONG> (Thumb, 34 bytes, Stack size 8 bytes, rhythm.o(i.Timer0A_ISR))
<BR><BR>[Stack]<UL><LI>Max Depth = 8<LI>Call Chain = Timer0A_ISR
</UL>
<BR>[Calls]<UL><LI><a href="#[9a]">&gt;&gt;</a>&nbsp;&nbsp;&nbsp;TimerIntStatus
<LI><a href="#[9b]">&gt;&gt;</a>&nbsp;&nbsp;&nbsp;TimerIntClear
</UL>
<BR>[Address Reference Count : 1]<UL><LI> startup_rvmdk.o(RESET)
</UL>
<P><STRONG><a name="[9d]"></a>TimerConfigure</STRONG> (Thumb, 36 bytes, Stack size 0 bytes, timer.o(i.TimerConfigure))
<BR><BR>[Called By]<UL><LI><a href="#[9c]">&gt;&gt;</a>&nbsp;&nbsp;&nbsp;TimerInitial
</UL>

<P><STRONG><a name="[ea]"></a>TimerDisable</STRONG> (Thumb, 16 bytes, Stack size 0 bytes, timer.o(i.TimerDisable))
<BR><BR>[Called By]<UL><LI><a href="#[1a]">&gt;&gt;</a>&nbsp;&nbsp;&nbsp;main
</UL>

<P><STRONG><a name="[e6]"></a>TimerEnable</STRONG> (Thumb, 14 bytes, Stack size 0 bytes, timer.o(i.TimerEnable))
<BR><BR>[Called By]<UL><LI><a href="#[1a]">&gt;&gt;</a>&nbsp;&nbsp;&nbsp;main
</UL>

<P><STRONG><a name="[9c]"></a>TimerInitial</STRONG> (Thumb, 54 bytes, Stack size 8 bytes, rhythm.o(i.TimerInitial))
<BR><BR>[Stack]<UL><LI>Max Depth = 8<LI>Call Chain = TimerInitial
</UL>
<BR>[Calls]<UL><LI><a href="#[63]">&gt;&gt;</a>&nbsp;&nbsp;&nbsp;SysCtlPeripheralEnable
<LI><a href="#[7b]">&gt;&gt;</a>&nbsp;&nbsp;&nbsp;IntEnable
<LI><a href="#[9e]">&gt;&gt;</a>&nbsp;&nbsp;&nbsp;TimerLoadSet
<LI><a href="#[9f]">&gt;&gt;</a>&nbsp;&nbsp;&nbsp;TimerIntEnable
<LI><a href="#[9d]">&gt;&gt;</a>&nbsp;&nbsp;&nbsp;TimerConfigure
</UL>
<BR>[Called By]<UL><LI><a href="#[1a]">&gt;&gt;</a>&nbsp;&nbsp;&nbsp;main
</UL>

<P><STRONG><a name="[9b]"></a>TimerIntClear</STRONG> (Thumb, 4 bytes, Stack size 0 bytes, timer.o(i.TimerIntClear))
<BR><BR>[Called By]<UL><LI><a href="#[18]">&gt;&gt;</a>&nbsp;&nbsp;&nbsp;Timer0A_ISR
</UL>

<P><STRONG><a name="[9f]"></a>TimerIntEnable</STRONG> (Thumb, 8 bytes, Stack size 0 bytes, timer.o(i.TimerIntEnable))
<BR><BR>[Called By]<UL><LI><a href="#[9c]">&gt;&gt;</a>&nbsp;&nbsp;&nbsp;TimerInitial
</UL>

<P><STRONG><a name="[9a]"></a>TimerIntStatus</STRONG> (Thumb, 10 bytes, Stack size 0 bytes, timer.o(i.TimerIntStatus))
<BR><BR>[Called By]<UL><LI><a href="#[18]">&gt;&gt;</a>&nbsp;&nbsp;&nbsp;Timer0A_ISR
</UL>

<P><STRONG><a name="[9e]"></a>TimerLoadSet</STRONG> (Thumb, 18 bytes, Stack size 0 bytes, timer.o(i.TimerLoadSet))
<BR><BR>[Called By]<UL><LI><a href="#[9c]">&gt;&gt;</a>&nbsp;&nbsp;&nbsp;TimerInitial
</UL>

<P><STRONG><a name="[dd]"></a>TouchScreenCallbackSet</STRONG> (Thumb, 6 bytes, Stack size 0 bytes, touch.o(i.TouchScreenCallbackSet))
<BR><BR>[Called By]<UL><LI><a href="#[1a]">&gt;&gt;</a>&nbsp;&nbsp;&nbsp;main
</UL>

<P><STRONG><a name="[dc]"></a>TouchScreenInit</STRONG> (Thumb, 314 bytes, Stack size 24 bytes, touch.o(i.TouchScreenInit))
<BR><BR>[Stack]<UL><LI>Max Depth = 24<LI>Call Chain = TouchScreenInit
</UL>
<BR>[Called By]<UL><LI><a href="#[1a]">&gt;&gt;</a>&nbsp;&nbsp;&nbsp;main
</UL>

<P><STRONG><a name="[17]"></a>TouchScreenIntHandler</STRONG> (Thumb, 360 bytes, Stack size 32 bytes, touch.o(i.TouchScreenIntHandler))
<BR><BR>[Stack]<UL><LI>Max Depth = 64<LI>Call Chain = TouchScreenIntHandler &rArr; TouchScreenDebouncer
</UL>
<BR>[Calls]<UL><LI><a href="#[a0]">&gt;&gt;</a>&nbsp;&nbsp;&nbsp;TouchScreenDebouncer
</UL>
<BR>[Address Reference Count : 1]<UL><LI> startup_rvmdk.o(RESET)
</UL>
<P><STRONG><a name="[a1]"></a>UART0Initial</STRONG> (Thumb, 62 bytes, Stack size 8 bytes, rhythm.o(i.UART0Initial))
<BR><BR>[Stack]<UL><LI>Max Depth = 28<LI>Call Chain = UART0Initial &rArr; GPIOPinTypeUART &rArr; GPIOPadConfigSet
</UL>
<BR>[Calls]<UL><LI><a href="#[63]">&gt;&gt;</a>&nbsp;&nbsp;&nbsp;SysCtlPeripheralEnable
<LI><a href="#[91]">&gt;&gt;</a>&nbsp;&nbsp;&nbsp;SysCtlClockGet
<LI><a href="#[64]">&gt;&gt;</a>&nbsp;&nbsp;&nbsp;GPIOPinConfigure
<LI><a href="#[4d]">&gt;&gt;</a>&nbsp;&nbsp;&nbsp;GPIOPinTypeUART
<LI><a href="#[a3]">&gt;&gt;</a>&nbsp;&nbsp;&nbsp;UARTEnable
<LI><a href="#[a2]">&gt;&gt;</a>&nbsp;&nbsp;&nbsp;UARTConfigSetExpClk
</UL>
<BR>[Called By]<UL><LI><a href="#[1a]">&gt;&gt;</a>&nbsp;&nbsp;&nbsp;main
</UL>

<P><STRONG><a name="[a4]"></a>UARTCharPut</STRONG> (Thumb, 10 bytes, Stack size 0 bytes, uart.o(i.UARTCharPut))
<BR><BR>[Calls]<UL><LI><a href="#[a4]">&gt;&gt;</a>&nbsp;&nbsp;&nbsp;UARTCharPut
</UL>
<BR>[Called By]<UL><LI><a href="#[a4]">&gt;&gt;</a>&nbsp;&nbsp;&nbsp;UARTCharPut
<LI><a href="#[e5]">&gt;&gt;</a>&nbsp;&nbsp;&nbsp;uartstringput
</UL>

<P><STRONG><a name="[a2]"></a>UARTConfigSetExpClk</STRONG> (Thumb, 72 bytes, Stack size 16 bytes, uart.o(i.UARTConfigSetExpClk))
<BR><BR>[Stack]<UL><LI>Max Depth = 16<LI>Call Chain = UARTConfigSetExpClk
</UL>
<BR>[Calls]<UL><LI><a href="#[a3]">&gt;&gt;</a>&nbsp;&nbsp;&nbsp;UARTEnable
<LI><a href="#[a5]">&gt;&gt;</a>&nbsp;&nbsp;&nbsp;UARTDisable
</UL>
<BR>[Called By]<UL><LI><a href="#[a1]">&gt;&gt;</a>&nbsp;&nbsp;&nbsp;UART0Initial
</UL>

<P><STRONG><a name="[a5]"></a>UARTDisable</STRONG> (Thumb, 26 bytes, Stack size 0 bytes, uart.o(i.UARTDisable))
<BR><BR>[Calls]<UL><LI><a href="#[a5]">&gt;&gt;</a>&nbsp;&nbsp;&nbsp;UARTDisable
</UL>
<BR>[Called By]<UL><LI><a href="#[a5]">&gt;&gt;</a>&nbsp;&nbsp;&nbsp;UARTDisable
<LI><a href="#[a2]">&gt;&gt;</a>&nbsp;&nbsp;&nbsp;UARTConfigSetExpClk
</UL>

<P><STRONG><a name="[a3]"></a>UARTEnable</STRONG> (Thumb, 20 bytes, Stack size 0 bytes, uart.o(i.UARTEnable))
<BR><BR>[Called By]<UL><LI><a href="#[a2]">&gt;&gt;</a>&nbsp;&nbsp;&nbsp;UARTConfigSetExpClk
<LI><a href="#[a1]">&gt;&gt;</a>&nbsp;&nbsp;&nbsp;UART0Initial
</UL>

<P><STRONG><a name="[a6]"></a>WaveOpen</STRONG> (Thumb, 450 bytes, Stack size 64 bytes, rhythm.o(i.WaveOpen))
<BR><BR>[Stack]<UL><LI>Max Depth = 320<LI>Call Chain = WaveOpen &rArr; f_open &rArr; trace_path &rArr; next_dir_entry &rArr; get_cluster &rArr; move_window &rArr; disk_write &rArr; xmit_datablock &rArr; wait_ready &rArr; rcvr_spi
</UL>
<BR>[Calls]<UL><LI><a href="#[a8]">&gt;&gt;</a>&nbsp;&nbsp;&nbsp;f_read
<LI><a href="#[a7]">&gt;&gt;</a>&nbsp;&nbsp;&nbsp;f_open
<LI><a href="#[a9]">&gt;&gt;</a>&nbsp;&nbsp;&nbsp;f_close
<LI><a href="#[86]">&gt;&gt;</a>&nbsp;&nbsp;&nbsp;SoundSetFormat
<LI><a href="#[58]">&gt;&gt;</a>&nbsp;&nbsp;&nbsp;GrStringWidthGet
<LI><a href="#[60]">&gt;&gt;</a>&nbsp;&nbsp;&nbsp;GrStringDraw
<LI><a href="#[6d]">&gt;&gt;</a>&nbsp;&nbsp;&nbsp;GrFontBaselineGet
<LI><a href="#[50]">&gt;&gt;</a>&nbsp;&nbsp;&nbsp;GrContextFontSet
</UL>
<BR>[Called By]<UL><LI><a href="#[1a]">&gt;&gt;</a>&nbsp;&nbsp;&nbsp;main
</UL>

<P><STRONG><a name="[aa]"></a>WaveRead</STRONG> (Thumb, 64 bytes, Stack size 24 bytes, rhythm.o(i.WaveRead))
<BR><BR>[Stack]<UL><LI>Max Depth = 176<LI>Call Chain = WaveRead &rArr; f_read &rArr; get_cluster &rArr; move_window &rArr; disk_write &rArr; xmit_datablock &rArr; wait_ready &rArr; rcvr_spi
</UL>
<BR>[Calls]<UL><LI><a href="#[a8]">&gt;&gt;</a>&nbsp;&nbsp;&nbsp;f_read
<LI><a href="#[ab]">&gt;&gt;</a>&nbsp;&nbsp;&nbsp;Convert8Bit
</UL>
<BR>[Called By]<UL><LI><a href="#[1a]">&gt;&gt;</a>&nbsp;&nbsp;&nbsp;main
</UL>

<P><STRONG><a name="[de]"></a>WidgetAdd</STRONG> (Thumb, 38 bytes, Stack size 0 bytes, widget.o(i.WidgetAdd))
<BR><BR>[Called By]<UL><LI><a href="#[1a]">&gt;&gt;</a>&nbsp;&nbsp;&nbsp;main
</UL>

<P><STRONG><a name="[11]"></a>WidgetDefaultMsgProc</STRONG> (Thumb, 4 bytes, Stack size 0 bytes, widget.o(i.WidgetDefaultMsgProc))
<BR><BR>[Called By]<UL><LI><a href="#[9]">&gt;&gt;</a>&nbsp;&nbsp;&nbsp;SliderMsgProc
<LI><a href="#[2]">&gt;&gt;</a>&nbsp;&nbsp;&nbsp;RectangularButtonMsgProc
<LI><a href="#[b]">&gt;&gt;</a>&nbsp;&nbsp;&nbsp;ListBoxMsgProc
</UL>
<BR>[Address Reference Count : 1]<UL><LI> widget.o(.data)
</UL>
<P><STRONG><a name="[5d]"></a>WidgetMessageQueueAdd</STRONG> (Thumb, 218 bytes, Stack size 40 bytes, widget.o(i.WidgetMessageQueueAdd))
<BR><BR>[Stack]<UL><LI>Max Depth = 40<LI>Call Chain = WidgetMessageQueueAdd
</UL>
<BR>[Calls]<UL><LI><a href="#[ac]">&gt;&gt;</a>&nbsp;&nbsp;&nbsp;WidgetMutexGet
</UL>
<BR>[Called By]<UL><LI><a href="#[21]">&gt;&gt;</a>&nbsp;&nbsp;&nbsp;WidgetPointerMessage
<LI><a href="#[b]">&gt;&gt;</a>&nbsp;&nbsp;&nbsp;ListBoxMsgProc
<LI><a href="#[1a]">&gt;&gt;</a>&nbsp;&nbsp;&nbsp;main
</UL>

<P><STRONG><a name="[ad]"></a>WidgetMessageQueueProcess</STRONG> (Thumb, 164 bytes, Stack size 40 bytes, widget.o(i.WidgetMessageQueueProcess))
<BR><BR>[Stack]<UL><LI>Max Depth = 80<LI>Call Chain = WidgetMessageQueueProcess &rArr; WidgetMessageSendPostOrder
</UL>
<BR>[Calls]<UL><LI><a href="#[ae]">&gt;&gt;</a>&nbsp;&nbsp;&nbsp;WidgetMessageSendPostOrder
</UL>
<BR>[Called By]<UL><LI><a href="#[1a]">&gt;&gt;</a>&nbsp;&nbsp;&nbsp;main
</UL>

<P><STRONG><a name="[ae]"></a>WidgetMessageSendPostOrder</STRONG> (Thumb, 212 bytes, Stack size 40 bytes, widget.o(i.WidgetMessageSendPostOrder))
<BR><BR>[Stack]<UL><LI>Max Depth = 40<LI>Call Chain = WidgetMessageSendPostOrder
</UL>
<BR>[Called By]<UL><LI><a href="#[ad]">&gt;&gt;</a>&nbsp;&nbsp;&nbsp;WidgetMessageQueueProcess
</UL>

<P><STRONG><a name="[21]"></a>WidgetPointerMessage</STRONG> (Thumb, 28 bytes, Stack size 16 bytes, widget.o(i.WidgetPointerMessage))
<BR><BR>[Stack]<UL><LI>Max Depth = 56<LI>Call Chain = WidgetPointerMessage &rArr; WidgetMessageQueueAdd
</UL>
<BR>[Calls]<UL><LI><a href="#[5d]">&gt;&gt;</a>&nbsp;&nbsp;&nbsp;WidgetMessageQueueAdd
</UL>
<BR>[Address Reference Count : 1]<UL><LI> rhythm.o(i.main)
</UL>
<P><STRONG><a name="[df]"></a>WidgetRemove</STRONG> (Thumb, 150 bytes, Stack size 8 bytes, widget.o(i.WidgetRemove))
<BR><BR>[Stack]<UL><LI>Max Depth = 8<LI>Call Chain = WidgetRemove
</UL>
<BR>[Called By]<UL><LI><a href="#[1a]">&gt;&gt;</a>&nbsp;&nbsp;&nbsp;main
</UL>

<P><STRONG><a name="[af]"></a>__0sprintf$1</STRONG> (Thumb, 34 bytes, Stack size 24 bytes, printf1.o(i.__0sprintf$1), UNUSED)
<BR><BR>[Calls]<UL><LI><a href="#[20]">&gt;&gt;</a>&nbsp;&nbsp;&nbsp;_sputc
<LI><a href="#[b0]">&gt;&gt;</a>&nbsp;&nbsp;&nbsp;_printf_core
</UL>

<P><STRONG><a name="[fc]"></a>__1sprintf$1</STRONG> (Thumb, 0 bytes, Stack size 24 bytes, printf1.o(i.__0sprintf$1), UNUSED)

<P><STRONG><a name="[eb]"></a>__2sprintf</STRONG> (Thumb, 0 bytes, Stack size 24 bytes, printf1.o(i.__0sprintf$1))
<BR><BR>[Stack]<UL><LI>Max Depth = 24<LI>Call Chain = __2sprintf
</UL>
<BR>[Called By]<UL><LI><a href="#[1a]">&gt;&gt;</a>&nbsp;&nbsp;&nbsp;main
</UL>

<P><STRONG><a name="[fd]"></a>__scatterload_copy</STRONG> (Thumb, 14 bytes, Stack size unknown bytes, handlers.o(i.__scatterload_copy), UNUSED)

<P><STRONG><a name="[fe]"></a>__scatterload_null</STRONG> (Thumb, 2 bytes, Stack size unknown bytes, handlers.o(i.__scatterload_null), UNUSED)

<P><STRONG><a name="[ff]"></a>__scatterload_zeroinit</STRONG> (Thumb, 14 bytes, Stack size unknown bytes, handlers.o(i.__scatterload_zeroinit), UNUSED)

<P><STRONG><a name="[b9]"></a>clr</STRONG> (Thumb, 46 bytes, Stack size 8 bytes, rhythm.o(i.clr))
<BR><BR>[Stack]<UL><LI>Max Depth = 32<LI>Call Chain = clr &rArr; GrRectFill
</UL>
<BR>[Calls]<UL><LI><a href="#[61]">&gt;&gt;</a>&nbsp;&nbsp;&nbsp;GrRectFill
</UL>
<BR>[Called By]<UL><LI><a href="#[1a]">&gt;&gt;</a>&nbsp;&nbsp;&nbsp;main
</UL>

<P><STRONG><a name="[bd]"></a>destroyrec</STRONG> (Thumb, 64 bytes, Stack size 16 bytes, rhythm.o(i.destroyrec))
<BR><BR>[Stack]<UL><LI>Max Depth = 56<LI>Call Chain = destroyrec &rArr; GrLineDraw
</UL>
<BR>[Calls]<UL><LI><a href="#[61]">&gt;&gt;</a>&nbsp;&nbsp;&nbsp;GrRectFill
<LI><a href="#[be]">&gt;&gt;</a>&nbsp;&nbsp;&nbsp;GrLineDraw
</UL>
<BR>[Called By]<UL><LI><a href="#[f]">&gt;&gt;</a>&nbsp;&nbsp;&nbsp;onpress4
<LI><a href="#[e]">&gt;&gt;</a>&nbsp;&nbsp;&nbsp;onpress3
<LI><a href="#[d]">&gt;&gt;</a>&nbsp;&nbsp;&nbsp;onpress2
<LI><a href="#[c]">&gt;&gt;</a>&nbsp;&nbsp;&nbsp;onpress1
</UL>

<P><STRONG><a name="[bf]"></a>destroyrec1</STRONG> (Thumb, 136 bytes, Stack size 24 bytes, rhythm.o(i.destroyrec1))
<BR><BR>[Stack]<UL><LI>Max Depth = 64<LI>Call Chain = destroyrec1 &rArr; GrLineDraw
</UL>
<BR>[Calls]<UL><LI><a href="#[61]">&gt;&gt;</a>&nbsp;&nbsp;&nbsp;GrRectFill
<LI><a href="#[be]">&gt;&gt;</a>&nbsp;&nbsp;&nbsp;GrLineDraw
</UL>
<BR>[Called By]<UL><LI><a href="#[f]">&gt;&gt;</a>&nbsp;&nbsp;&nbsp;onpress4
<LI><a href="#[e]">&gt;&gt;</a>&nbsp;&nbsp;&nbsp;onpress3
<LI><a href="#[d]">&gt;&gt;</a>&nbsp;&nbsp;&nbsp;onpress2
<LI><a href="#[c]">&gt;&gt;</a>&nbsp;&nbsp;&nbsp;onpress1
<LI><a href="#[1a]">&gt;&gt;</a>&nbsp;&nbsp;&nbsp;main
</UL>

<P><STRONG><a name="[b5]"></a>disk_initialize</STRONG> (Thumb, 338 bytes, Stack size 32 bytes, mmc-dk-lm3s9b96.o(i.disk_initialize))
<BR><BR>[Stack]<UL><LI>Max Depth = 100<LI>Call Chain = disk_initialize &rArr; power_on &rArr; send_initial_clock_train &rArr; GPIOPinTypeSSI &rArr; GPIOPadConfigSet
</UL>
<BR>[Calls]<UL><LI><a href="#[91]">&gt;&gt;</a>&nbsp;&nbsp;&nbsp;SysCtlClockGet
<LI><a href="#[c6]">&gt;&gt;</a>&nbsp;&nbsp;&nbsp;SSIEnable
<LI><a href="#[c4]">&gt;&gt;</a>&nbsp;&nbsp;&nbsp;SSIDisable
<LI><a href="#[c5]">&gt;&gt;</a>&nbsp;&nbsp;&nbsp;SSIConfigSetExpClk
<LI><a href="#[c1]">&gt;&gt;</a>&nbsp;&nbsp;&nbsp;send_initial_clock_train
<LI><a href="#[c2]">&gt;&gt;</a>&nbsp;&nbsp;&nbsp;send_cmd
<LI><a href="#[c3]">&gt;&gt;</a>&nbsp;&nbsp;&nbsp;rcvr_spi
<LI><a href="#[c0]">&gt;&gt;</a>&nbsp;&nbsp;&nbsp;power_on
<LI><a href="#[6e]">&gt;&gt;</a>&nbsp;&nbsp;&nbsp;SELECT
<LI><a href="#[37]">&gt;&gt;</a>&nbsp;&nbsp;&nbsp;DESELECT
</UL>
<BR>[Called By]<UL><LI><a href="#[b2]">&gt;&gt;</a>&nbsp;&nbsp;&nbsp;auto_mount
</UL>

<P><STRONG><a name="[c7]"></a>disk_ioctl</STRONG> (Thumb, 316 bytes, Stack size 32 bytes, mmc-dk-lm3s9b96.o(i.disk_ioctl))
<BR><BR>[Stack]<UL><LI>Max Depth = 100<LI>Call Chain = disk_ioctl &rArr; power_on &rArr; send_initial_clock_train &rArr; GPIOPinTypeSSI &rArr; GPIOPadConfigSet
</UL>
<BR>[Calls]<UL><LI><a href="#[c9]">&gt;&gt;</a>&nbsp;&nbsp;&nbsp;wait_ready
<LI><a href="#[c2]">&gt;&gt;</a>&nbsp;&nbsp;&nbsp;send_cmd
<LI><a href="#[c3]">&gt;&gt;</a>&nbsp;&nbsp;&nbsp;rcvr_spi
<LI><a href="#[c8]">&gt;&gt;</a>&nbsp;&nbsp;&nbsp;rcvr_datablock
<LI><a href="#[c0]">&gt;&gt;</a>&nbsp;&nbsp;&nbsp;power_on
<LI><a href="#[6e]">&gt;&gt;</a>&nbsp;&nbsp;&nbsp;SELECT
<LI><a href="#[37]">&gt;&gt;</a>&nbsp;&nbsp;&nbsp;DESELECT
</UL>
<BR>[Called By]<UL><LI><a href="#[db]">&gt;&gt;</a>&nbsp;&nbsp;&nbsp;sync
</UL>

<P><STRONG><a name="[b7]"></a>disk_read</STRONG> (Thumb, 178 bytes, Stack size 24 bytes, mmc-dk-lm3s9b96.o(i.disk_read))
<BR><BR>[Stack]<UL><LI>Max Depth = 64<LI>Call Chain = disk_read &rArr; send_cmd &rArr; wait_ready &rArr; rcvr_spi
</UL>
<BR>[Calls]<UL><LI><a href="#[ca]">&gt;&gt;</a>&nbsp;&nbsp;&nbsp;xmit_spi
<LI><a href="#[c2]">&gt;&gt;</a>&nbsp;&nbsp;&nbsp;send_cmd
<LI><a href="#[c3]">&gt;&gt;</a>&nbsp;&nbsp;&nbsp;rcvr_spi
<LI><a href="#[c8]">&gt;&gt;</a>&nbsp;&nbsp;&nbsp;rcvr_datablock
<LI><a href="#[6e]">&gt;&gt;</a>&nbsp;&nbsp;&nbsp;SELECT
<LI><a href="#[37]">&gt;&gt;</a>&nbsp;&nbsp;&nbsp;DESELECT
</UL>
<BR>[Called By]<UL><LI><a href="#[a8]">&gt;&gt;</a>&nbsp;&nbsp;&nbsp;f_read
<LI><a href="#[d2]">&gt;&gt;</a>&nbsp;&nbsp;&nbsp;move_window
<LI><a href="#[b6]">&gt;&gt;</a>&nbsp;&nbsp;&nbsp;check_fs
</UL>

<P><STRONG><a name="[b3]"></a>disk_status</STRONG> (Thumb, 12 bytes, Stack size 0 bytes, mmc-dk-lm3s9b96.o(i.disk_status))
<BR><BR>[Called By]<UL><LI><a href="#[d6]">&gt;&gt;</a>&nbsp;&nbsp;&nbsp;validate
<LI><a href="#[b2]">&gt;&gt;</a>&nbsp;&nbsp;&nbsp;auto_mount
</UL>

<P><STRONG><a name="[8f]"></a>disk_timerproc</STRONG> (Thumb, 22 bytes, Stack size 0 bytes, mmc-dk-lm3s9b96.o(i.disk_timerproc))
<BR><BR>[Called By]<UL><LI><a href="#[16]">&gt;&gt;</a>&nbsp;&nbsp;&nbsp;SysTickHandler
</UL>

<P><STRONG><a name="[cb]"></a>disk_write</STRONG> (Thumb, 168 bytes, Stack size 24 bytes, mmc-dk-lm3s9b96.o(i.disk_write))
<BR><BR>[Stack]<UL><LI>Max Depth = 64<LI>Call Chain = disk_write &rArr; xmit_datablock &rArr; wait_ready &rArr; rcvr_spi
</UL>
<BR>[Calls]<UL><LI><a href="#[cc]">&gt;&gt;</a>&nbsp;&nbsp;&nbsp;xmit_datablock
<LI><a href="#[c2]">&gt;&gt;</a>&nbsp;&nbsp;&nbsp;send_cmd
<LI><a href="#[c3]">&gt;&gt;</a>&nbsp;&nbsp;&nbsp;rcvr_spi
<LI><a href="#[6e]">&gt;&gt;</a>&nbsp;&nbsp;&nbsp;SELECT
<LI><a href="#[37]">&gt;&gt;</a>&nbsp;&nbsp;&nbsp;DESELECT
</UL>
<BR>[Called By]<UL><LI><a href="#[cd]">&gt;&gt;</a>&nbsp;&nbsp;&nbsp;f_sync
<LI><a href="#[a8]">&gt;&gt;</a>&nbsp;&nbsp;&nbsp;f_read
<LI><a href="#[d0]">&gt;&gt;</a>&nbsp;&nbsp;&nbsp;reserve_direntry
<LI><a href="#[d2]">&gt;&gt;</a>&nbsp;&nbsp;&nbsp;move_window
</UL>

<P><STRONG><a name="[a9]"></a>f_close</STRONG> (Thumb, 18 bytes, Stack size 8 bytes, ff.o(i.f_close))
<BR><BR>[Stack]<UL><LI>Max Depth = 132<LI>Call Chain = f_close &rArr; f_sync &rArr; sync &rArr; disk_ioctl &rArr; power_on &rArr; send_initial_clock_train &rArr; GPIOPinTypeSSI &rArr; GPIOPadConfigSet
</UL>
<BR>[Calls]<UL><LI><a href="#[cd]">&gt;&gt;</a>&nbsp;&nbsp;&nbsp;f_sync
</UL>
<BR>[Called By]<UL><LI><a href="#[1a]">&gt;&gt;</a>&nbsp;&nbsp;&nbsp;main
<LI><a href="#[a6]">&gt;&gt;</a>&nbsp;&nbsp;&nbsp;WaveOpen
</UL>

<P><STRONG><a name="[ce]"></a>f_mount</STRONG> (Thumb, 50 bytes, Stack size 16 bytes, ff.o(i.f_mount))
<BR><BR>[Stack]<UL><LI>Max Depth = 16<LI>Call Chain = f_mount
</UL>
<BR>[Calls]<UL><LI><a href="#[b4]">&gt;&gt;</a>&nbsp;&nbsp;&nbsp;__aeabi_memclr4
</UL>
<BR>[Called By]<UL><LI><a href="#[1a]">&gt;&gt;</a>&nbsp;&nbsp;&nbsp;main
</UL>

<P><STRONG><a name="[a7]"></a>f_open</STRONG> (Thumb, 306 bytes, Stack size 80 bytes, ff.o(i.f_open))
<BR><BR>[Stack]<UL><LI>Max Depth = 256<LI>Call Chain = f_open &rArr; trace_path &rArr; next_dir_entry &rArr; get_cluster &rArr; move_window &rArr; disk_write &rArr; xmit_datablock &rArr; wait_ready &rArr; rcvr_spi
</UL>
<BR>[Calls]<UL><LI><a href="#[d3]">&gt;&gt;</a>&nbsp;&nbsp;&nbsp;get_fattime
<LI><a href="#[cf]">&gt;&gt;</a>&nbsp;&nbsp;&nbsp;trace_path
<LI><a href="#[d0]">&gt;&gt;</a>&nbsp;&nbsp;&nbsp;reserve_direntry
<LI><a href="#[d1]">&gt;&gt;</a>&nbsp;&nbsp;&nbsp;remove_chain
<LI><a href="#[d2]">&gt;&gt;</a>&nbsp;&nbsp;&nbsp;move_window
<LI><a href="#[b2]">&gt;&gt;</a>&nbsp;&nbsp;&nbsp;auto_mount
<LI><a href="#[30]">&gt;&gt;</a>&nbsp;&nbsp;&nbsp;__aeabi_memclr
</UL>
<BR>[Called By]<UL><LI><a href="#[1a]">&gt;&gt;</a>&nbsp;&nbsp;&nbsp;main
<LI><a href="#[a6]">&gt;&gt;</a>&nbsp;&nbsp;&nbsp;WaveOpen
</UL>

<P><STRONG><a name="[d4]"></a>f_opendir</STRONG> (Thumb, 88 bytes, Stack size 40 bytes, ff.o(i.f_opendir))
<BR><BR>[Stack]<UL><LI>Max Depth = 216<LI>Call Chain = f_opendir &rArr; trace_path &rArr; next_dir_entry &rArr; get_cluster &rArr; move_window &rArr; disk_write &rArr; xmit_datablock &rArr; wait_ready &rArr; rcvr_spi
</UL>
<BR>[Calls]<UL><LI><a href="#[cf]">&gt;&gt;</a>&nbsp;&nbsp;&nbsp;trace_path
<LI><a href="#[d5]">&gt;&gt;</a>&nbsp;&nbsp;&nbsp;clust2sect
<LI><a href="#[b2]">&gt;&gt;</a>&nbsp;&nbsp;&nbsp;auto_mount
</UL>
<BR>[Called By]<UL><LI><a href="#[e0]">&gt;&gt;</a>&nbsp;&nbsp;&nbsp;populate
</UL>

<P><STRONG><a name="[a8]"></a>f_read</STRONG> (Thumb, 318 bytes, Stack size 40 bytes, ff.o(i.f_read))
<BR><BR>[Stack]<UL><LI>Max Depth = 152<LI>Call Chain = f_read &rArr; get_cluster &rArr; move_window &rArr; disk_write &rArr; xmit_datablock &rArr; wait_ready &rArr; rcvr_spi
</UL>
<BR>[Calls]<UL><LI><a href="#[cb]">&gt;&gt;</a>&nbsp;&nbsp;&nbsp;disk_write
<LI><a href="#[b7]">&gt;&gt;</a>&nbsp;&nbsp;&nbsp;disk_read
<LI><a href="#[d6]">&gt;&gt;</a>&nbsp;&nbsp;&nbsp;validate
<LI><a href="#[bb]">&gt;&gt;</a>&nbsp;&nbsp;&nbsp;get_cluster
<LI><a href="#[d5]">&gt;&gt;</a>&nbsp;&nbsp;&nbsp;clust2sect
<LI><a href="#[d7]">&gt;&gt;</a>&nbsp;&nbsp;&nbsp;__aeabi_memcpy
</UL>
<BR>[Called By]<UL><LI><a href="#[1a]">&gt;&gt;</a>&nbsp;&nbsp;&nbsp;main
<LI><a href="#[aa]">&gt;&gt;</a>&nbsp;&nbsp;&nbsp;WaveRead
<LI><a href="#[a6]">&gt;&gt;</a>&nbsp;&nbsp;&nbsp;WaveOpen
</UL>

<P><STRONG><a name="[d8]"></a>f_readdir</STRONG> (Thumb, 100 bytes, Stack size 24 bytes, ff.o(i.f_readdir))
<BR><BR>[Stack]<UL><LI>Max Depth = 152<LI>Call Chain = f_readdir &rArr; next_dir_entry &rArr; get_cluster &rArr; move_window &rArr; disk_write &rArr; xmit_datablock &rArr; wait_ready &rArr; rcvr_spi
</UL>
<BR>[Calls]<UL><LI><a href="#[d6]">&gt;&gt;</a>&nbsp;&nbsp;&nbsp;validate
<LI><a href="#[da]">&gt;&gt;</a>&nbsp;&nbsp;&nbsp;next_dir_entry
<LI><a href="#[d2]">&gt;&gt;</a>&nbsp;&nbsp;&nbsp;move_window
<LI><a href="#[d9]">&gt;&gt;</a>&nbsp;&nbsp;&nbsp;get_fileinfo
</UL>
<BR>[Called By]<UL><LI><a href="#[e0]">&gt;&gt;</a>&nbsp;&nbsp;&nbsp;populate
</UL>

<P><STRONG><a name="[cd]"></a>f_sync</STRONG> (Thumb, 118 bytes, Stack size 16 bytes, ff.o(i.f_sync))
<BR><BR>[Stack]<UL><LI>Max Depth = 124<LI>Call Chain = f_sync &rArr; sync &rArr; disk_ioctl &rArr; power_on &rArr; send_initial_clock_train &rArr; GPIOPinTypeSSI &rArr; GPIOPadConfigSet
</UL>
<BR>[Calls]<UL><LI><a href="#[d3]">&gt;&gt;</a>&nbsp;&nbsp;&nbsp;get_fattime
<LI><a href="#[cb]">&gt;&gt;</a>&nbsp;&nbsp;&nbsp;disk_write
<LI><a href="#[d6]">&gt;&gt;</a>&nbsp;&nbsp;&nbsp;validate
<LI><a href="#[db]">&gt;&gt;</a>&nbsp;&nbsp;&nbsp;sync
<LI><a href="#[d2]">&gt;&gt;</a>&nbsp;&nbsp;&nbsp;move_window
</UL>
<BR>[Called By]<UL><LI><a href="#[a9]">&gt;&gt;</a>&nbsp;&nbsp;&nbsp;f_close
</UL>

<P><STRONG><a name="[d3]"></a>get_fattime</STRONG> (Thumb, 4 bytes, Stack size 0 bytes, mmc-dk-lm3s9b96.o(i.get_fattime))
<BR><BR>[Called By]<UL><LI><a href="#[cd]">&gt;&gt;</a>&nbsp;&nbsp;&nbsp;f_sync
<LI><a href="#[a7]">&gt;&gt;</a>&nbsp;&nbsp;&nbsp;f_open
</UL>

<P><STRONG><a name="[e4]"></a>getdata</STRONG> (Thumb, 170 bytes, Stack size 20 bytes, rhythm.o(i.getdata))
<BR><BR>[Stack]<UL><LI>Max Depth = 20<LI>Call Chain = getdata
</UL>
<BR>[Called By]<UL><LI><a href="#[1a]">&gt;&gt;</a>&nbsp;&nbsp;&nbsp;main
</UL>

<P><STRONG><a name="[e3]"></a>initialarray</STRONG> (Thumb, 78 bytes, Stack size 12 bytes, rhythm.o(i.initialarray))
<BR><BR>[Stack]<UL><LI>Max Depth = 12<LI>Call Chain = initialarray
</UL>
<BR>[Called By]<UL><LI><a href="#[1a]">&gt;&gt;</a>&nbsp;&nbsp;&nbsp;main
</UL>

<P><STRONG><a name="[1a]"></a>main</STRONG> (Thumb, 3550 bytes, Stack size 48 bytes, rhythm.o(i.main))
<BR><BR>[Stack]<UL><LI>Max Depth = 368<LI>Call Chain = main &rArr; WaveOpen &rArr; f_open &rArr; trace_path &rArr; next_dir_entry &rArr; get_cluster &rArr; move_window &rArr; disk_write &rArr; xmit_datablock &rArr; wait_ready &rArr; rcvr_spi
</UL>
<BR>[Calls]<UL><LI><a href="#[91]">&gt;&gt;</a>&nbsp;&nbsp;&nbsp;SysCtlClockGet
<LI><a href="#[a8]">&gt;&gt;</a>&nbsp;&nbsp;&nbsp;f_read
<LI><a href="#[a7]">&gt;&gt;</a>&nbsp;&nbsp;&nbsp;f_open
<LI><a href="#[ce]">&gt;&gt;</a>&nbsp;&nbsp;&nbsp;f_mount
<LI><a href="#[a9]">&gt;&gt;</a>&nbsp;&nbsp;&nbsp;f_close
<LI><a href="#[dc]">&gt;&gt;</a>&nbsp;&nbsp;&nbsp;TouchScreenInit
<LI><a href="#[dd]">&gt;&gt;</a>&nbsp;&nbsp;&nbsp;TouchScreenCallbackSet
<LI><a href="#[6a]">&gt;&gt;</a>&nbsp;&nbsp;&nbsp;PinoutSet
<LI><a href="#[2f]">&gt;&gt;</a>&nbsp;&nbsp;&nbsp;SysCtlDelay
<LI><a href="#[5b]">&gt;&gt;</a>&nbsp;&nbsp;&nbsp;Kitronix320x240x16_SSD2119Init
<LI><a href="#[8d]">&gt;&gt;</a>&nbsp;&nbsp;&nbsp;SoundVolumeSet
<LI><a href="#[7c]">&gt;&gt;</a>&nbsp;&nbsp;&nbsp;SoundInit
<LI><a href="#[76]">&gt;&gt;</a>&nbsp;&nbsp;&nbsp;SoundBufferPlay
<LI><a href="#[7b]">&gt;&gt;</a>&nbsp;&nbsp;&nbsp;IntEnable
<LI><a href="#[77]">&gt;&gt;</a>&nbsp;&nbsp;&nbsp;IntDisable
<LI><a href="#[df]">&gt;&gt;</a>&nbsp;&nbsp;&nbsp;WidgetRemove
<LI><a href="#[ad]">&gt;&gt;</a>&nbsp;&nbsp;&nbsp;WidgetMessageQueueProcess
<LI><a href="#[5d]">&gt;&gt;</a>&nbsp;&nbsp;&nbsp;WidgetMessageQueueAdd
<LI><a href="#[de]">&gt;&gt;</a>&nbsp;&nbsp;&nbsp;WidgetAdd
<LI><a href="#[e6]">&gt;&gt;</a>&nbsp;&nbsp;&nbsp;TimerEnable
<LI><a href="#[ea]">&gt;&gt;</a>&nbsp;&nbsp;&nbsp;TimerDisable
<LI><a href="#[58]">&gt;&gt;</a>&nbsp;&nbsp;&nbsp;GrStringWidthGet
<LI><a href="#[60]">&gt;&gt;</a>&nbsp;&nbsp;&nbsp;GrStringDraw
<LI><a href="#[61]">&gt;&gt;</a>&nbsp;&nbsp;&nbsp;GrRectFill
<LI><a href="#[be]">&gt;&gt;</a>&nbsp;&nbsp;&nbsp;GrLineDraw
<LI><a href="#[6d]">&gt;&gt;</a>&nbsp;&nbsp;&nbsp;GrFontBaselineGet
<LI><a href="#[5e]">&gt;&gt;</a>&nbsp;&nbsp;&nbsp;GrContextInit
<LI><a href="#[50]">&gt;&gt;</a>&nbsp;&nbsp;&nbsp;GrContextFontSet
<LI><a href="#[4e]">&gt;&gt;</a>&nbsp;&nbsp;&nbsp;GrCircleFill
<LI><a href="#[e5]">&gt;&gt;</a>&nbsp;&nbsp;&nbsp;uartstringput
<LI><a href="#[ec]">&gt;&gt;</a>&nbsp;&nbsp;&nbsp;printlevel
<LI><a href="#[e0]">&gt;&gt;</a>&nbsp;&nbsp;&nbsp;populate
<LI><a href="#[e9]">&gt;&gt;</a>&nbsp;&nbsp;&nbsp;moverec1
<LI><a href="#[e7]">&gt;&gt;</a>&nbsp;&nbsp;&nbsp;moverec
<LI><a href="#[e8]">&gt;&gt;</a>&nbsp;&nbsp;&nbsp;max
<LI><a href="#[e3]">&gt;&gt;</a>&nbsp;&nbsp;&nbsp;initialarray
<LI><a href="#[e4]">&gt;&gt;</a>&nbsp;&nbsp;&nbsp;getdata
<LI><a href="#[bf]">&gt;&gt;</a>&nbsp;&nbsp;&nbsp;destroyrec1
<LI><a href="#[b9]">&gt;&gt;</a>&nbsp;&nbsp;&nbsp;clr
<LI><a href="#[aa]">&gt;&gt;</a>&nbsp;&nbsp;&nbsp;WaveRead
<LI><a href="#[a6]">&gt;&gt;</a>&nbsp;&nbsp;&nbsp;WaveOpen
<LI><a href="#[a1]">&gt;&gt;</a>&nbsp;&nbsp;&nbsp;UART0Initial
<LI><a href="#[9c]">&gt;&gt;</a>&nbsp;&nbsp;&nbsp;TimerInitial
<LI><a href="#[62]">&gt;&gt;</a>&nbsp;&nbsp;&nbsp;PWMInitial
<LI><a href="#[eb]">&gt;&gt;</a>&nbsp;&nbsp;&nbsp;__2sprintf
<LI><a href="#[e1]">&gt;&gt;</a>&nbsp;&nbsp;&nbsp;strncpy
<LI><a href="#[e2]">&gt;&gt;</a>&nbsp;&nbsp;&nbsp;strcat
</UL>
<BR>[Address Reference Count : 1]<UL><LI> entry7.o(.ARM.Collect$$$$00000007)
</UL>
<P><STRONG><a name="[e8]"></a>max</STRONG> (Thumb, 12 bytes, Stack size 0 bytes, rhythm.o(i.max))
<BR><BR>[Called By]<UL><LI><a href="#[f]">&gt;&gt;</a>&nbsp;&nbsp;&nbsp;onpress4
<LI><a href="#[e]">&gt;&gt;</a>&nbsp;&nbsp;&nbsp;onpress3
<LI><a href="#[d]">&gt;&gt;</a>&nbsp;&nbsp;&nbsp;onpress2
<LI><a href="#[c]">&gt;&gt;</a>&nbsp;&nbsp;&nbsp;onpress1
<LI><a href="#[ee]">&gt;&gt;</a>&nbsp;&nbsp;&nbsp;missorperfect
<LI><a href="#[1a]">&gt;&gt;</a>&nbsp;&nbsp;&nbsp;main
</UL>

<P><STRONG><a name="[ee]"></a>missorperfect</STRONG> (Thumb, 134 bytes, Stack size 8 bytes, rhythm.o(i.missorperfect))
<BR><BR>[Stack]<UL><LI>Max Depth = 56<LI>Call Chain = missorperfect &rArr; GrCircleFill &rArr; GrLineDrawH
</UL>
<BR>[Calls]<UL><LI><a href="#[4e]">&gt;&gt;</a>&nbsp;&nbsp;&nbsp;GrCircleFill
<LI><a href="#[e8]">&gt;&gt;</a>&nbsp;&nbsp;&nbsp;max
</UL>
<BR>[Called By]<UL><LI><a href="#[f]">&gt;&gt;</a>&nbsp;&nbsp;&nbsp;onpress4
<LI><a href="#[e]">&gt;&gt;</a>&nbsp;&nbsp;&nbsp;onpress3
<LI><a href="#[d]">&gt;&gt;</a>&nbsp;&nbsp;&nbsp;onpress2
<LI><a href="#[c]">&gt;&gt;</a>&nbsp;&nbsp;&nbsp;onpress1
</UL>

<P><STRONG><a name="[e7]"></a>moverec</STRONG> (Thumb, 80 bytes, Stack size 16 bytes, rhythm.o(i.moverec))
<BR><BR>[Stack]<UL><LI>Max Depth = 40<LI>Call Chain = moverec &rArr; GrRectFill
</UL>
<BR>[Calls]<UL><LI><a href="#[61]">&gt;&gt;</a>&nbsp;&nbsp;&nbsp;GrRectFill
</UL>
<BR>[Called By]<UL><LI><a href="#[1a]">&gt;&gt;</a>&nbsp;&nbsp;&nbsp;main
</UL>

<P><STRONG><a name="[e9]"></a>moverec1</STRONG> (Thumb, 262 bytes, Stack size 32 bytes, rhythm.o(i.moverec1))
<BR><BR>[Stack]<UL><LI>Max Depth = 72<LI>Call Chain = moverec1 &rArr; GrLineDraw
</UL>
<BR>[Calls]<UL><LI><a href="#[61]">&gt;&gt;</a>&nbsp;&nbsp;&nbsp;GrRectFill
<LI><a href="#[be]">&gt;&gt;</a>&nbsp;&nbsp;&nbsp;GrLineDraw
</UL>
<BR>[Called By]<UL><LI><a href="#[1a]">&gt;&gt;</a>&nbsp;&nbsp;&nbsp;main
</UL>

[...]
<LI><a href="#[da]">&gt;&gt;</a>&nbsp;&nbsp;&nbsp;next_dir_entry
</UL>

<P><STRONG><a name="[ba]"></a>create_chain</STRONG> (Thumb, 134 bytes, Stack size 24 bytes, ff.o(i.create_chain))
<BR><BR>[Stack]<UL><LI>Max Depth = 144<LI>Call Chain = create_chain &rArr; put_cluster &rArr; move_window &rArr; disk_write &rArr; xmit_datablock &rArr; wait_ready &rArr; rcvr_spi
</UL>
<BR>[Calls]<UL><LI><a href="#[bc]">&gt;&gt;</a>&nbsp;&nbsp;&nbsp;put_cluster
<LI><a href="#[bb]">&gt;&gt;</a>&nbsp;&nbsp;&nbsp;get_cluster
</UL>
<BR>[Called By]<UL><LI><a href="#[d0]">&gt;&gt;</a>&nbsp;&nbsp;&nbsp;reserve_direntry
</UL>

<P><STRONG><a name="[bb]"></a>get_cluster</STRONG> (Thumb, 172 bytes, Stack size 24 bytes, ff.o(i.get_cluster))
<BR><BR>[Stack]<UL><LI>Max Depth = 112<LI>Call Chain = get_cluster &rArr; move_window &rArr; disk_write &rArr; xmit_datablock &rArr; wait_ready &rArr; rcvr_spi
</UL>
<BR>[Calls]<UL><LI><a href="#[d2]">&gt;&gt;</a>&nbsp;&nbsp;&nbsp;move_window
</UL>
<BR>[Called By]<UL><LI><a href="#[a8]">&gt;&gt;</a>&nbsp;&nbsp;&nbsp;f_read
<LI><a href="#[d1]">&gt;&gt;</a>&nbsp;&nbsp;&nbsp;remove_chain
<LI><a href="#[da]">&gt;&gt;</a>&nbsp;&nbsp;&nbsp;next_dir_entry
<LI><a href="#[ba]">&gt;&gt;</a>&nbsp;&nbsp;&nbsp;create_chain
</UL>

<P><STRONG><a name="[d9]"></a>get_fileinfo</STRONG> (Thumb, 120 bytes, Stack size 16 bytes, ff.o(i.get_fileinfo))
<BR><BR>[Stack]<UL><LI>Max Depth = 16<LI>Call Chain = get_fileinfo
</UL>
<BR>[Called By]<UL><LI><a href="#[d8]">&gt;&gt;</a>&nbsp;&nbsp;&nbsp;f_readdir
</UL>

<P><STRONG><a name="[ed]"></a>make_dirfile</STRONG> (Thumb, 212 bytes, Stack size 24 bytes, ff.o(i.make_dirfile))
<BR><BR>[Stack]<UL><LI>Max Depth = 24<LI>Call Chain = make_dirfile
</UL>
<BR>[Calls]<UL><LI><a href="#[31]">&gt;&gt;</a>&nbsp;&nbsp;&nbsp;__aeabi_memset
</UL>
<BR>[Called By]<UL><LI><a href="#[cf]">&gt;&gt;</a>&nbsp;&nbsp;&nbsp;trace_path
</UL>

<P><STRONG><a name="[d2]"></a>move_window</STRONG> (Thumb, 120 bytes, Stack size 24 bytes, ff.o(i.move_window))
<BR><BR>[Stack]<UL><LI>Max Depth = 88<LI>Call Chain = move_window &rArr; disk_write &rArr; xmit_datablock &rArr; wait_ready &rArr; rcvr_spi
</UL>
<BR>[Calls]<UL><LI><a href="#[cb]">&gt;&gt;</a>&nbsp;&nbsp;&nbsp;disk_write
<LI><a href="#[b7]">&gt;&gt;</a>&nbsp;&nbsp;&nbsp;disk_read
</UL>
<BR>[Called By]<UL><LI><a href="#[cd]">&gt;&gt;</a>&nbsp;&nbsp;&nbsp;f_sync
<LI><a href="#[d8]">&gt;&gt;</a>&nbsp;&nbsp;&nbsp;f_readdir
<LI><a href="#[a7]">&gt;&gt;</a>&nbsp;&nbsp;&nbsp;f_open
<LI><a href="#[cf]">&gt;&gt;</a>&nbsp;&nbsp;&nbsp;trace_path
<LI><a href="#[db]">&gt;&gt;</a>&nbsp;&nbsp;&nbsp;sync
<LI><a href="#[d0]">&gt;&gt;</a>&nbsp;&nbsp;&nbsp;reserve_direntry
<LI><a href="#[bc]">&gt;&gt;</a>&nbsp;&nbsp;&nbsp;put_cluster
<LI><a href="#[bb]">&gt;&gt;</a>&nbsp;&nbsp;&nbsp;get_cluster
</UL>

<P><STRONG><a name="[da]"></a>next_dir_entry</STRONG> (Thumb, 86 bytes, Stack size 16 bytes, ff.o(i.next_dir_entry))
<BR><BR>[Stack]<UL><LI>Max Depth = 128<LI>Call Chain = next_dir_entry &rArr; get_cluster &rArr; move_window &rArr; disk_write &rArr; xmit_datablock &rArr; wait_ready &rArr; rcvr_spi
</UL>
<BR>[Calls]<UL><LI><a href="#[bb]">&gt;&gt;</a>&nbsp;&nbsp;&nbsp;get_cluster
<LI><a href="#[d5]">&gt;&gt;</a>&nbsp;&nbsp;&nbsp;clust2sect
</UL>
<BR>[Called By]<UL><LI><a href="#[d8]">&gt;&gt;</a>&nbsp;&nbsp;&nbsp;f_readdir
<LI><a href="#[cf]">&gt;&gt;</a>&nbsp;&nbsp;&nbsp;trace_path
<LI><a href="#[d0]">&gt;&gt;</a>&nbsp;&nbsp;&nbsp;reserve_direntry
</UL>

<P><STRONG><a name="[bc]"></a>put_cluster</STRONG> (Thumb, 210 bytes, Stack size 32 bytes, ff.o(i.put_cluster))
<BR><BR>[Stack]<UL><LI>Max Depth = 120<LI>Call Chain = put_cluster &rArr; move_window &rArr; disk_write &rArr; xmit_datablock &rArr; wait_ready &rArr; rcvr_spi
</UL>
<BR>[Calls]<UL><LI><a href="#[d2]">&gt;&gt;</a>&nbsp;&nbsp;&nbsp;move_window
</UL>
<BR>[Called By]<UL><LI><a href="#[d1]">&gt;&gt;</a>&nbsp;&nbsp;&nbsp;remove_chain
<LI><a href="#[ba]">&gt;&gt;</a>&nbsp;&nbsp;&nbsp;create_chain
</UL>

<P><STRONG><a name="[d1]"></a>remove_chain</STRONG> (Thumb, 66 bytes, Stack size 16 bytes, ff.o(i.remove_chain))
<BR><BR>[Stack]<UL><LI>Max Depth = 136<LI>Call Chain = remove_chain &rArr; put_cluster &rArr; move_window &rArr; disk_write &rArr; xmit_datablock &rArr; wait_ready &rArr; rcvr_spi
</UL>
<BR>[Calls]<UL><LI><a href="#[bc]">&gt;&gt;</a>&nbsp;&nbsp;&nbsp;put_cluster
<LI><a href="#[bb]">&gt;&gt;</a>&nbsp;&nbsp;&nbsp;get_cluster
</UL>
<BR>[Called By]<UL><LI><a href="#[a7]">&gt;&gt;</a>&nbsp;&nbsp;&nbsp;f_open
</UL>

<P><STRONG><a name="[d0]"></a>reserve_direntry</STRONG> (Thumb, 190 bytes, Stack size 24 bytes, ff.o(i.reserve_direntry))
<BR><BR>[Stack]<UL><LI>Max Depth = 168<LI>Call Chain = reserve_direntry &rArr; create_chain &rArr; put_cluster &rArr; move_window &rArr; disk_write &rArr; xmit_datablock &rArr; wait_ready &rArr; rcvr_spi
</UL>
<BR>[Calls]<UL><LI><a href="#[cb]">&gt;&gt;</a>&nbsp;&nbsp;&nbsp;disk_write
<LI><a href="#[da]">&gt;&gt;</a>&nbsp;&nbsp;&nbsp;next_dir_entry
<LI><a href="#[d2]">&gt;&gt;</a>&nbsp;&nbsp;&nbsp;move_window
<LI><a href="#[ba]">&gt;&gt;</a>&nbsp;&nbsp;&nbsp;create_chain
<LI><a href="#[d5]">&gt;&gt;</a>&nbsp;&nbsp;&nbsp;clust2sect
<LI><a href="#[30]">&gt;&gt;</a>&nbsp;&nbsp;&nbsp;__aeabi_memclr
</UL>
<BR>[Called By]<UL><LI><a href="#[a7]">&gt;&gt;</a>&nbsp;&nbsp;&nbsp;f_open
</UL>

<P><STRONG><a name="[db]"></a>sync</STRONG> (Thumb, 40 bytes, Stack size 8 bytes, ff.o(i.sync))
<BR><BR>[Stack]<UL><LI>Max Depth = 108<LI>Call Chain = sync &rArr; disk_ioctl &rArr; power_on &rArr; send_initial_clock_train &rArr; GPIOPinTypeSSI &rArr; GPIOPadConfigSet
</UL>
<BR>[Calls]<UL><LI><a href="#[c7]">&gt;&gt;</a>&nbsp;&nbsp;&nbsp;disk_ioctl
<LI><a href="#[d2]">&gt;&gt;</a>&nbsp;&nbsp;&nbsp;move_window
</UL>
<BR>[Called By]<UL><LI><a href="#[cd]">&gt;&gt;</a>&nbsp;&nbsp;&nbsp;f_sync
</UL>

<P><STRONG><a name="[cf]"></a>trace_path</STRONG> (Thumb, 196 bytes, Stack size 48 bytes, ff.o(i.trace_path))
<BR><BR>[Stack]<UL><LI>Max Depth = 176<LI>Call Chain = trace_path &rArr; next_dir_entry &rArr; get_cluster &rArr; move_window &rArr; disk_write &rArr; xmit_datablock &rArr; wait_ready &rArr; rcvr_spi
</UL>
<BR>[Calls]<UL><LI><a href="#[da]">&gt;&gt;</a>&nbsp;&nbsp;&nbsp;next_dir_entry
<LI><a href="#[d2]">&gt;&gt;</a>&nbsp;&nbsp;&nbsp;move_window
<LI><a href="#[ed]">&gt;&gt;</a>&nbsp;&nbsp;&nbsp;make_dirfile
<LI><a href="#[d5]">&gt;&gt;</a>&nbsp;&nbsp;&nbsp;clust2sect
<LI><a href="#[b8]">&gt;&gt;</a>&nbsp;&nbsp;&nbsp;memcmp
</UL>
<BR>[Called By]<UL><LI><a href="#[d4]">&gt;&gt;</a>&nbsp;&nbsp;&nbsp;f_opendir
<LI><a href="#[a7]">&gt;&gt;</a>&nbsp;&nbsp;&nbsp;f_open
</UL>

<P><STRONG><a name="[d6]"></a>validate</STRONG> (Thumb, 30 bytes, Stack size 8 bytes, ff.o(i.validate))
<BR><BR>[Stack]<UL><LI>Max Depth = 8<LI>Call Chain = validate
</UL>
<BR>[Calls]<UL><LI><a href="#[b3]">&gt;&gt;</a>&nbsp;&nbsp;&nbsp;disk_status
</UL>
<BR>[Called By]<UL><LI><a href="#[cd]">&gt;&gt;</a>&nbsp;&nbsp;&nbsp;f_sync
<LI><a href="#[d8]">&gt;&gt;</a>&nbsp;&nbsp;&nbsp;f_readdir
<LI><a href="#[a8]">&gt;&gt;</a>&nbsp;&nbsp;&nbsp;f_read
</UL>

<P><STRONG><a name="[37]"></a>DESELECT</STRONG> (Thumb, 12 bytes, Stack size 0 bytes, mmc-dk-lm3s9b96.o(i.DESELECT))
<BR><BR>[Calls]<UL><LI><a href="#[38]">&gt;&gt;</a>&nbsp;&nbsp;&nbsp;GPIOPinWrite
</UL>
<BR>[Called By]<UL><LI><a href="#[c1]">&gt;&gt;</a>&nbsp;&nbsp;&nbsp;send_initial_clock_train
<LI><a href="#[cb]">&gt;&gt;</a>&nbsp;&nbsp;&nbsp;disk_write
<LI><a href="#[b7]">&gt;&gt;</a>&nbsp;&nbsp;&nbsp;disk_read
<LI><a href="#[c7]">&gt;&gt;</a>&nbsp;&nbsp;&nbsp;disk_ioctl
<LI><a href="#[b5]">&gt;&gt;</a>&nbsp;&nbsp;&nbsp;disk_initialize
</UL>

<P><STRONG><a name="[6e]"></a>SELECT</STRONG> (Thumb, 28 bytes, Stack size 8 bytes, mmc-dk-lm3s9b96.o(i.SELECT))
<BR><BR>[Stack]<UL><LI>Max Depth = 8<LI>Call Chain = SELECT
</UL>
<BR>[Calls]<UL><LI><a href="#[38]">&gt;&gt;</a>&nbsp;&nbsp;&nbsp;GPIOPinWrite
</UL>
<BR>[Called By]<UL><LI><a href="#[cb]">&gt;&gt;</a>&nbsp;&nbsp;&nbsp;disk_write
<LI><a href="#[b7]">&gt;&gt;</a>&nbsp;&nbsp;&nbsp;disk_read
<LI><a href="#[c7]">&gt;&gt;</a>&nbsp;&nbsp;&nbsp;disk_ioctl
<LI><a href="#[b5]">&gt;&gt;</a>&nbsp;&nbsp;&nbsp;disk_initialize
</UL>

<P><STRONG><a name="[c0]"></a>power_on</STRONG> (Thumb, 160 bytes, Stack size 24 bytes, mmc-dk-lm3s9b96.o(i.power_on))
<BR><BR>[Stack]<UL><LI>Max Depth = 68<LI>Call Chain = power_on &rArr; send_initial_clock_train &rArr; GPIOPinTypeSSI &rArr; GPIOPadConfigSet
</UL>
<BR>[Calls]<UL><LI><a href="#[63]">&gt;&gt;</a>&nbsp;&nbsp;&nbsp;SysCtlPeripheralEnable
<LI><a href="#[91]">&gt;&gt;</a>&nbsp;&nbsp;&nbsp;SysCtlClockGet
<LI><a href="#[c6]">&gt;&gt;</a>&nbsp;&nbsp;&nbsp;SSIEnable
<LI><a href="#[c5]">&gt;&gt;</a>&nbsp;&nbsp;&nbsp;SSIConfigSetExpClk
<LI><a href="#[38]">&gt;&gt;</a>&nbsp;&nbsp;&nbsp;GPIOPinWrite
<LI><a href="#[4c]">&gt;&gt;</a>&nbsp;&nbsp;&nbsp;GPIOPinTypeSSI
<LI><a href="#[48]">&gt;&gt;</a>&nbsp;&nbsp;&nbsp;GPIOPinTypeGPIOOutput
<LI><a href="#[47]">&gt;&gt;</a>&nbsp;&nbsp;&nbsp;GPIOPadConfigSet
<LI><a href="#[c1]">&gt;&gt;</a>&nbsp;&nbsp;&nbsp;send_initial_clock_train
</UL>
<BR>[Called By]<UL><LI><a href="#[c7]">&gt;&gt;</a>&nbsp;&nbsp;&nbsp;disk_ioctl
<LI><a href="#[b5]">&gt;&gt;</a>&nbsp;&nbsp;&nbsp;disk_initialize
</UL>

<P><STRONG><a name="[c8]"></a>rcvr_datablock</STRONG> (Thumb, 76 bytes, Stack size 24 bytes, mmc-dk-lm3s9b96.o(i.rcvr_datablock))
<BR><BR>[Stack]<UL><LI>Max Depth = 40<LI>Call Chain = rcvr_datablock &rArr; rcvr_spi
</UL>
<BR>[Calls]<UL><LI><a href="#[c3]">&gt;&gt;</a>&nbsp;&nbsp;&nbsp;rcvr_spi
</UL>
<BR>[Called By]<UL><LI><a href="#[b7]">&gt;&gt;</a>&nbsp;&nbsp;&nbsp;disk_read
<LI><a href="#[c7]">&gt;&gt;</a>&nbsp;&nbsp;&nbsp;disk_ioctl
</UL>

<P><STRONG><a name="[c3]"></a>rcvr_spi</STRONG> (Thumb, 26 bytes, Stack size 16 bytes, mmc-dk-lm3s9b96.o(i.rcvr_spi))
<BR><BR>[Stack]<UL><LI>Max Depth = 16<LI>Call Chain = rcvr_spi
</UL>
<BR>[Calls]<UL><LI><a href="#[70]">&gt;&gt;</a>&nbsp;&nbsp;&nbsp;SSIDataPut
<LI><a href="#[6f]">&gt;&gt;</a>&nbsp;&nbsp;&nbsp;SSIDataGet
</UL>
<BR>[Called By]<UL><LI><a href="#[cc]">&gt;&gt;</a>&nbsp;&nbsp;&nbsp;xmit_datablock
<LI><a href="#[c9]">&gt;&gt;</a>&nbsp;&nbsp;&nbsp;wait_ready
<LI><a href="#[c2]">&gt;&gt;</a>&nbsp;&nbsp;&nbsp;send_cmd
<LI><a href="#[c8]">&gt;&gt;</a>&nbsp;&nbsp;&nbsp;rcvr_datablock
<LI><a href="#[cb]">&gt;&gt;</a>&nbsp;&nbsp;&nbsp;disk_write
<LI><a href="#[b7]">&gt;&gt;</a>&nbsp;&nbsp;&nbsp;disk_read
<LI><a href="#[c7]">&gt;&gt;</a>&nbsp;&nbsp;&nbsp;disk_ioctl
<LI><a href="#[b5]">&gt;&gt;</a>&nbsp;&nbsp;&nbsp;disk_initialize
</UL>

<P><STRONG><a name="[c2]"></a>send_cmd</STRONG> (Thumb, 102 bytes, Stack size 16 bytes, mmc-dk-lm3s9b96.o(i.send_cmd))
<BR><BR>[Stack]<UL><LI>Max Depth = 40<LI>Call Chain = send_cmd &rArr; wait_ready &rArr; rcvr_spi
</UL>
<BR>[Calls]<UL><LI><a href="#[ca]">&gt;&gt;</a>&nbsp;&nbsp;&nbsp;xmit_spi
<LI><a href="#[c9]">&gt;&gt;</a>&nbsp;&nbsp;&nbsp;wait_ready
<LI><a href="#[c3]">&gt;&gt;</a>&nbsp;&nbsp;&nbsp;rcvr_spi
</UL>
<BR>[Called By]<UL><LI><a href="#[cb]">&gt;&gt;</a>&nbsp;&nbsp;&nbsp;disk_write
<LI><a href="#[b7]">&gt;&gt;</a>&nbsp;&nbsp;&nbsp;disk_read
<LI><a href="#[c7]">&gt;&gt;</a>&nbsp;&nbsp;&nbsp;disk_ioctl
<LI><a href="#[b5]">&gt;&gt;</a>&nbsp;&nbsp;&nbsp;disk_initialize
</UL>

<P><STRONG><a name="[c1]"></a>send_initial_clock_train</STRONG> (Thumb, 64 bytes, Stack size 24 bytes, mmc-dk-lm3s9b96.o(i.send_initial_clock_train))
<BR><BR>[Stack]<UL><LI>Max Depth = 44<LI>Call Chain = send_initial_clock_train &rArr; GPIOPinTypeSSI &rArr; GPIOPadConfigSet
</UL>
<BR>[Calls]<UL><LI><a href="#[70]">&gt;&gt;</a>&nbsp;&nbsp;&nbsp;SSIDataPut
<LI><a href="#[6f]">&gt;&gt;</a>&nbsp;&nbsp;&nbsp;SSIDataGet
<LI><a href="#[38]">&gt;&gt;</a>&nbsp;&nbsp;&nbsp;GPIOPinWrite
<LI><a href="#[4c]">&gt;&gt;</a>&nbsp;&nbsp;&nbsp;GPIOPinTypeSSI
<LI><a href="#[48]">&gt;&gt;</a>&nbsp;&nbsp;&nbsp;GPIOPinTypeGPIOOutput
<LI><a href="#[37]">&gt;&gt;</a>&nbsp;&nbsp;&nbsp;DESELECT
</UL>
<BR>[Called By]<UL><LI><a href="#[c0]">&gt;&gt;</a>&nbsp;&nbsp;&nbsp;power_on
<LI><a href="#[b5]">&gt;&gt;</a>&nbsp;&nbsp;&nbsp;disk_initialize
</UL>

<P><STRONG><a name="[c9]"></a>wait_ready</STRONG> (Thumb, 28 bytes, Stack size 8 bytes, mmc-dk-lm3s9b96.o(i.wait_ready))
<BR><BR>[Stack]<UL><LI>Max Depth = 24<LI>Call Chain = wait_ready &rArr; rcvr_spi
</UL>
<BR>[Calls]<UL><LI><a href="#[c3]">&gt;&gt;</a>&nbsp;&nbsp;&nbsp;rcvr_spi
</UL>
<BR>[Called By]<UL><LI><a href="#[cc]">&gt;&gt;</a>&nbsp;&nbsp;&nbsp;xmit_datablock
<LI><a href="#[c2]">&gt;&gt;</a>&nbsp;&nbsp;&nbsp;send_cmd
<LI><a href="#[c7]">&gt;&gt;</a>&nbsp;&nbsp;&nbsp;disk_ioctl
</UL>

<P><STRONG><a name="[cc]"></a>xmit_datablock</STRONG> (Thumb, 80 bytes, Stack size 16 bytes, mmc-dk-lm3s9b96.o(i.xmit_datablock))
<BR><BR>[Stack]<UL><LI>Max Depth = 40<LI>Call Chain = xmit_datablock &rArr; wait_ready &rArr; rcvr_spi
</UL>
<BR>[Calls]<UL><LI><a href="#[ca]">&gt;&gt;</a>&nbsp;&nbsp;&nbsp;xmit_spi
<LI><a href="#[c9]">&gt;&gt;</a>&nbsp;&nbsp;&nbsp;wait_ready
<LI><a href="#[c3]">&gt;&gt;</a>&nbsp;&nbsp;&nbsp;rcvr_spi
</UL>
<BR>[Called By]<UL><LI><a href="#[cb]">&gt;&gt;</a>&nbsp;&nbsp;&nbsp;disk_write
</UL>

<P><STRONG><a name="[ca]"></a>xmit_spi</STRONG> (Thumb, 22 bytes, Stack size 16 bytes, mmc-dk-lm3s9b96.o(i.xmit_spi))
<BR><BR>[Stack]<UL><LI>Max Depth = 16<LI>Call Chain = xmit_spi
</UL>
<BR>[Calls]<UL><LI><a href="#[70]">&gt;&gt;</a>&nbsp;&nbsp;&nbsp;SSIDataPut
<LI><a href="#[6f]">&gt;&gt;</a>&nbsp;&nbsp;&nbsp;SSIDataGet
</UL>
<BR>[Called By]<UL><LI><a href="#[cc]">&gt;&gt;</a>&nbsp;&nbsp;&nbsp;xmit_datablock
<LI><a href="#[c2]">&gt;&gt;</a>&nbsp;&nbsp;&nbsp;send_cmd
<LI><a href="#[b7]">&gt;&gt;</a>&nbsp;&nbsp;&nbsp;disk_read
</UL>

<P><STRONG><a name="[90]"></a>TLV320AIC23BWriteRegister</STRONG> (Thumb, 148 bytes, Stack size 16 bytes, tlv320aic23b.o(i.TLV320AIC23BWriteRegister))
<BR><BR>[Stack]<UL><LI>Max Depth = 16<LI>Call Chain = TLV320AIC23BWriteRegister
</UL>
<BR>[Calls]<UL><LI><a href="#[3b]">&gt;&gt;</a>&nbsp;&nbsp;&nbsp;I2CMasterErr
<LI><a href="#[95]">&gt;&gt;</a>&nbsp;&nbsp;&nbsp;I2CMasterSlaveAddrSet
<LI><a href="#[98]">&gt;&gt;</a>&nbsp;&nbsp;&nbsp;I2CMasterIntStatus
<LI><a href="#[99]">&gt;&gt;</a>&nbsp;&nbsp;&nbsp;I2CMasterIntClear
<LI><a href="#[96]">&gt;&gt;</a>&nbsp;&nbsp;&nbsp;I2CMasterDataPut
<LI><a href="#[97]">&gt;&gt;</a>&nbsp;&nbsp;&nbsp;I2CMasterControl
</UL>
<BR>[Called By]<UL><LI><a href="#[94]">&gt;&gt;</a>&nbsp;&nbsp;&nbsp;TLV320AIC23BLineInVolumeSet
<LI><a href="#[7e]">&gt;&gt;</a>&nbsp;&nbsp;&nbsp;TLV320AIC23BInit
<LI><a href="#[8e]">&gt;&gt;</a>&nbsp;&nbsp;&nbsp;TLV320AIC23BHeadPhoneVolumeSet
</UL>

<P><STRONG><a name="[71]"></a>SliderClick</STRONG> (Thumb, 204 bytes, Stack size 24 bytes, slider.o(i.SliderClick))
<BR><BR>[Stack]<UL><LI>Max Depth = 344<LI>Call Chain = SliderClick &rArr; SliderPaint &rArr; GrImageDraw &rArr; InternalImageDraw &rArr; PixelTransparentDraw
</UL>
<BR>[Calls]<UL><LI><a href="#[73]">&gt;&gt;</a>&nbsp;&nbsp;&nbsp;SliderValueToPosition
<LI><a href="#[72]">&gt;&gt;</a>&nbsp;&nbsp;&nbsp;SliderPositionToValue
<LI><a href="#[74]">&gt;&gt;</a>&nbsp;&nbsp;&nbsp;SliderPaint
</UL>
<BR>[Called By]<UL><LI><a href="#[9]">&gt;&gt;</a>&nbsp;&nbsp;&nbsp;SliderMsgProc
</UL>

<P><STRONG><a name="[74]"></a>SliderPaint</STRONG> (Thumb, 728 bytes, Stack size 120 bytes, slider.o(i.SliderPaint))
<BR><BR>[Stack]<UL><LI>Max Depth = 320<LI>Call Chain = SliderPaint &rArr; GrImageDraw &rArr; InternalImageDraw &rArr; PixelTransparentDraw
</UL>
<BR>[Calls]<UL><LI><a href="#[75]">&gt;&gt;</a>&nbsp;&nbsp;&nbsp;GrRectIntersectGet
<LI><a href="#[56]">&gt;&gt;</a>&nbsp;&nbsp;&nbsp;GrRectDraw
<LI><a href="#[54]">&gt;&gt;</a>&nbsp;&nbsp;&nbsp;GrImageDraw
<LI><a href="#[5f]">&gt;&gt;</a>&nbsp;&nbsp;&nbsp;GrContextClipRegionSet
<LI><a href="#[73]">&gt;&gt;</a>&nbsp;&nbsp;&nbsp;SliderValueToPosition
<LI><a href="#[58]">&gt;&gt;</a>&nbsp;&nbsp;&nbsp;GrStringWidthGet
<LI><a href="#[60]">&gt;&gt;</a>&nbsp;&nbsp;&nbsp;GrStringDraw
<LI><a href="#[61]">&gt;&gt;</a>&nbsp;&nbsp;&nbsp;GrRectFill
<LI><a href="#[6d]">&gt;&gt;</a>&nbsp;&nbsp;&nbsp;GrFontBaselineGet
<LI><a href="#[5e]">&gt;&gt;</a>&nbsp;&nbsp;&nbsp;GrContextInit
<LI><a href="#[50]">&gt;&gt;</a>&nbsp;&nbsp;&nbsp;GrContextFontSet
</UL>
<BR>[Called By]<UL><LI><a href="#[71]">&gt;&gt;</a>&nbsp;&nbsp;&nbsp;SliderClick
<LI><a href="#[9]">&gt;&gt;</a>&nbsp;&nbsp;&nbsp;SliderMsgProc
</UL>

<P><STRONG><a name="[72]"></a>SliderPositionToValue</STRONG> (Thumb, 94 bytes, Stack size 16 bytes, slider.o(i.SliderPositionToValue))
<BR><BR>[Stack]<UL><LI>Max Depth = 16<LI>Call Chain = SliderPositionToValue
</UL>
<BR>[Called By]<UL><LI><a href="#[71]">&gt;&gt;</a>&nbsp;&nbsp;&nbsp;SliderClick
</UL>

<P><STRONG><a name="[73]"></a>SliderValueToPosition</STRONG> (Thumb, 156 bytes, Stack size 16 bytes, slider.o(i.SliderValueToPosition))
<BR><BR>[Stack]<UL><LI>Max Depth = 16<LI>Call Chain = SliderValueToPosition
</UL>
<BR>[Called By]<UL><LI><a href="#[74]">&gt;&gt;</a>&nbsp;&nbsp;&nbsp;SliderPaint
<LI><a href="#[71]">&gt;&gt;</a>&nbsp;&nbsp;&nbsp;SliderClick
</UL>

<P><STRONG><a name="[55]"></a>InternalImageDraw</STRONG> (Thumb, 850 bytes, Stack size 112 bytes, image.o(i.InternalImageDraw))
<BR><BR>[Stack]<UL><LI>Max Depth = 184<LI>Call Chain = InternalImageDraw &rArr; PixelTransparentDraw
</UL>
<BR>[Calls]<UL><LI><a href="#[5a]">&gt;&gt;</a>&nbsp;&nbsp;&nbsp;PixelTransparentDraw
</UL>
<BR>[Called By]<UL><LI><a href="#[54]">&gt;&gt;</a>&nbsp;&nbsp;&nbsp;GrImageDraw
</UL>

<P><STRONG><a name="[5a]"></a>PixelTransparentDraw</STRONG> (Thumb, 648 bytes, Stack size 72 bytes, image.o(i.PixelTransparentDraw))
<BR><BR>[Stack]<UL><LI>Max Depth = 72<LI>Call Chain = PixelTransparentDraw
</UL>
<BR>[Called By]<UL><LI><a href="#[55]">&gt;&gt;</a>&nbsp;&nbsp;&nbsp;InternalImageDraw
</UL>

<P><STRONG><a name="[6c]"></a>RectangularButtonPaint</STRONG> (Thumb, 522 bytes, Stack size 80 bytes, pushbutton.o(i.RectangularButtonPaint))
<BR><BR>[Stack]<UL><LI>Max Depth = 280<LI>Call Chain = RectangularButtonPaint &rArr; GrImageDraw &rArr; InternalImageDraw &rArr; PixelTransparentDraw
</UL>
<BR>[Calls]<UL><LI><a href="#[56]">&gt;&gt;</a>&nbsp;&nbsp;&nbsp;GrRectDraw
<LI><a href="#[54]">&gt;&gt;</a>&nbsp;&nbsp;&nbsp;GrImageDraw
<LI><a href="#[5f]">&gt;&gt;</a>&nbsp;&nbsp;&nbsp;GrContextClipRegionSet
<LI><a href="#[58]">&gt;&gt;</a>&nbsp;&nbsp;&nbsp;GrStringWidthGet
<LI><a href="#[60]">&gt;&gt;</a>&nbsp;&nbsp;&nbsp;GrStringDraw
<LI><a href="#[61]">&gt;&gt;</a>&nbsp;&nbsp;&nbsp;GrRectFill
<LI><a href="#[6d]">&gt;&gt;</a>&nbsp;&nbsp;&nbsp;GrFontBaselineGet
<LI><a href="#[5e]">&gt;&gt;</a>&nbsp;&nbsp;&nbsp;GrContextInit
<LI><a href="#[50]">&gt;&gt;</a>&nbsp;&nbsp;&nbsp;GrContextFontSet
</UL>
<BR>[Called By]<UL><LI><a href="#[2]">&gt;&gt;</a>&nbsp;&nbsp;&nbsp;RectangularButtonMsgProc
</UL>

<P><STRONG><a name="[51]"></a>UpdateContextCharMapping</STRONG> (Thumb, 108 bytes, Stack size 16 bytes, string.o(i.UpdateContextCharMapping))
<BR><BR>[Stack]<UL><LI>Max Depth = 16<LI>Call Chain = UpdateContextCharMapping
</UL>
<BR>[Called By]<UL><LI><a href="#[50]">&gt;&gt;</a>&nbsp;&nbsp;&nbsp;GrContextFontSet
</UL>

<P><STRONG><a name="[b0]"></a>_printf_core</STRONG> (Thumb, 338 bytes, Stack size 88 bytes, printf1.o(i._printf_core), UNUSED)
<BR><BR>[Calls]<UL><LI><a href="#[b1]">&gt;&gt;</a>&nbsp;&nbsp;&nbsp;__aeabi_uidivmod
</UL>
<BR>[Called By]<UL><LI><a href="#[af]">&gt;&gt;</a>&nbsp;&nbsp;&nbsp;__0sprintf$1
</UL>

<P><STRONG><a name="[20]"></a>_sputc</STRONG> (Thumb, 10 bytes, Stack size 0 bytes, printf1.o(i._sputc))
<BR><BR>[Called By]<UL><LI><a href="#[af]">&gt;&gt;</a>&nbsp;&nbsp;&nbsp;__0sprintf$1
</UL>
<BR>[Address Reference Count : 1]<UL><LI> printf1.o(i.__0sprintf$1)
</UL><P>
<H3>
Undefined Global Symbols
</H3><HR></body></html>
