<html>
<body>
<pre>
<h1>µVision Build Log</h1>
<h2>Project:</h2>
C:\SW-DK-LM3S9B96-9107\boards\dk-lm3s9b96\Rhythm Master\rhythm.uvproj
Project File Date:  06/26/2015

<h2>Output:</h2>
Build target 'hello'
compiling kitronix320x240x16_ssd2119_8bit.c...
compiling set_pinout.c...
assembling startup_rvmdk.S...
compiling touch.c...
compiling ff.c...
..\..\..\third_party\fatfs\src\ff.c(573): warning:  #1293-D: assignment in condition
..\..\..\third_party\fatfs\src\ff.c(648): warning:  #1293-D: assignment in condition
..\..\..\third_party\fatfs\src\ff.c(1255): warning:  #188-D: enumerated type mixed with another type
compiling mmc-dk-lm3s9b96.c...
compiling uart.c...
compiling gpio.c...
compiling ustdlib.c...
compiling tlv320aic23b.c...
compiling sound.c...
compiling rhythm.c...
rhythm.c(1200): warning:  #940-D: missing return statement at end of non-void function "populate"
compiling slider.c...
linking...
Program Size: Code=31292 RO-data=15000 RW-data=1440 ZI-data=40312  
User command #1: fromelf --bin --output .\rvmdk\hello.bin .\rvmdk\hello.axf
".\rvmdk\hello.axf" - 0 Error(s), 4 Warning(s).
Build target 'hello'
compiling kitronix320x240x16_ssd2119_8bit.c...
compiling set_pinout.c...
assembling startup_rvmdk.S...
compiling touch.c...
compiling ff.c...
..\..\..\third_party\fatfs\src\ff.c(573): warning:  #1293-D: assignment in condition
..\..\..\third_party\fatfs\src\ff.c(648): warning:  #1293-D: assignment in condition
..\..\..\third_party\fatfs\src\ff.c(1255): warning:  #188-D: enumerated type mixed with another type
compiling mmc-dk-lm3s9b96.c...
compiling uart.c...
compiling gpio.c...
compiling ustdlib.c...
compiling tlv320aic23b.c...
compiling sound.c...
compiling rhythm.c...
rhythm.c(1200): warning:  #940-D: missing return statement at end of non-void function "populate"
compiling slider.c...
linking...
Program Size: Code=31292 RO-data=15000 RW-data=1440 ZI-data=40312  
User command #1: fromelf --bin --output .\rvmdk\hello.bin .\rvmdk\hello.axf
".\rvmdk\hello.axf" - 0 Error(s), 4 Warning(s).
Load "C:\\SW-DK-LM3S9B96-9107\\boards\\dk-lm3s9b96\\Rhythm Master\\rvmdk\\hello.AXF" 
Connecting: Mode=JTAG, Speed=1000000Hz
Erase Done.
Programming Done.
Verify OK.
Build target 'hello'
compiling kitronix320x240x16_ssd2119_8bit.c...
compiling set_pinout.c...
assembling startup_rvmdk.S...
compiling touch.c...
compiling ff.c...
..\..\..\third_party\fatfs\src\ff.c(573): warning:  #1293-D: assignment in condition
..\..\..\third_party\fatfs\src\ff.c(648): warning:  #1293-D: assignment in condition
..\..\..\third_party\fatfs\src\ff.c(1255): warning:  #188-D: enumerated type mixed with another type
compiling mmc-dk-lm3s9b96.c...
compiling uart.c...
compiling gpio.c...
compiling ustdlib.c...
compiling tlv320aic23b.c...
compiling sound.c...
compiling rhythm.c...
rhythm.c(1200): warning:  #940-D: missing return statement at end of non-void function "populate"
compiling slider.c...
linking...
Program Size: Code=31280 RO-data=15000 RW-data=1440 ZI-data=40312  
User command #1: fromelf --bin --output .\rvmdk\hello.bin .\rvmdk\hello.axf
".\rvmdk\hello.axf" - 0 Error(s), 4 Warning(s).
Load "C:\\SW-DK-LM3S9B96-9107\\boards\\dk-lm3s9b96\\Rhythm Master\\rvmdk\\hello.AXF" 
Connecting: Mode=JTAG, Speed=1000000Hz
Erase Done.
Programming Done.
Verify OK.
Build target 'hello'
compiling kitronix320x240x16_ssd2119_8bit.c...
compiling set_pinout.c...
assembling startup_rvmdk.S...
compiling touch.c...
compiling ff.c...
..\..\..\third_party\fatfs\src\ff.c(573): warning:  #1293-D: assignment in condition
..\..\..\third_party\fatfs\src\ff.c(648): warning:  #1293-D: assignment in condition
..\..\..\third_party\fatfs\src\ff.c(1255): warning:  #188-D: enumerated type mixed with another type
compiling mmc-dk-lm3s9b96.c...
compiling uart.c...
compiling gpio.c...
compiling ustdlib.c...
compiling tlv320aic23b.c...
compiling sound.c...
compiling rhythm.c...
rhythm.c(1199): warning:  #940-D: missing return statement at end of non-void function "populate"
compiling slider.c...
linking...
Program Size: Code=31280 RO-data=15000 RW-data=1440 ZI-data=40312  
User command #1: fromelf --bin --output .\rvmdk\hello.bin .\rvmdk\hello.axf
".\rvmdk\hello.axf" - 0 Error(s), 4 Warning(s).
Load "C:\\SW-DK-LM3S9B96-9107\\boards\\dk-lm3s9b96\\Rhythm Master\\rvmdk\\hello.AXF" 
Connecting: Mode=JTAG, Speed=1000000Hz
Erase Done.
Programming Done.
Verify OK.
Build target 'hello'
compiling kitronix320x240x16_ssd2119_8bit.c...
compiling set_pinout.c...
assembling startup_rvmdk.S...
compiling touch.c...
compiling ff.c...
..\..\..\third_party\fatfs\src\ff.c(573): warning:  #1293-D: assignment in condition
..\..\..\third_party\fatfs\src\ff.c(648): warning:  #1293-D: assignment in condition
..\..\..\third_party\fatfs\src\ff.c(1255): warning:  #188-D: enumerated type mixed with another type
compiling mmc-dk-lm3s9b96.c...
compiling uart.c...
compiling gpio.c...
compiling ustdlib.c...
compiling tlv320aic23b.c...
compiling sound.c...
compiling rhythm.c...
rhythm.c(1200): warning:  #940-D: missing return statement at end of non-void function "populate"
compiling slider.c...
linking...
Program Size: Code=31280 RO-data=15000 RW-data=1440 ZI-data=40312  
User command #1: fromelf --bin --output .\rvmdk\hello.bin .\rvmdk\hello.axf
".\rvmdk\hello.axf" - 0 Error(s), 4 Warning(s).
Load "C:\\SW-DK-LM3S9B96-9107\\boards\\dk-lm3s9b96\\Rhythm Master\\rvmdk\\hello.AXF" 
Connecting: Mode=JTAG, Speed=1000000Hz
Erase Done.
Programming Done.
Verify OK.
Build target 'hello'
compiling kitronix320x240x16_ssd2119_8bit.c...
compiling set_pinout.c...
assembling startup_rvmdk.S...
compiling touch.c...
compiling ff.c...
..\..\..\third_party\fatfs\src\ff.c(573): warning:  #1293-D: assignment in condition
..\..\..\third_party\fatfs\src\ff.c(648): warning:  #1293-D: assignment in condition
..\..\..\third_party\fatfs\src\ff.c(1255): warning:  #188-D: enumerated type mixed with another type
compiling mmc-dk-lm3s9b96.c...
compiling uart.c...
compiling gpio.c...
compiling ustdlib.c...
compiling tlv320aic23b.c...
compiling sound.c...
compiling rhythm.c...
rhythm.c(1200): warning:  #940-D: missing return statement at end of non-void function "populate"
compiling slider.c...
linking...
Program Size: Code=31284 RO-data=15000 RW-data=1440 ZI-data=40312  
User command #1: fromelf --bin --output .\rvmdk\hello.bin .\rvmdk\hello.axf
".\rvmdk\hello.axf" - 0 Error(s), 4 Warning(s).
Load "C:\\SW-DK-LM3S9B96-9107\\boards\\dk-lm3s9b96\\Rhythm Master\\rvmdk\\hello.AXF" 
Connecting: Mode=JTAG, Speed=1000000Hz
Erase Done.
Programming Done.
Verify OK.
Build target 'hello'
compiling kitronix320x240x16_ssd2119_8bit.c...
compiling set_pinout.c...
assembling startup_rvmdk.S...
compiling touch.c...
compiling ff.c...
..\..\..\third_party\fatfs\src\ff.c(573): warning:  #1293-D: assignment in condition
..\..\..\third_party\fatfs\src\ff.c(648): warning:  #1293-D: assignment in condition
..\..\..\third_party\fatfs\src\ff.c(1255): warning:  #188-D: enumerated type mixed with another type
compiling mmc-dk-lm3s9b96.c...
compiling uart.c...
compiling gpio.c...
compiling ustdlib.c...
compiling tlv320aic23b.c...
compiling sound.c...
compiling rhythm.c...
rhythm.c(1200): warning:  #940-D: missing return statement at end of non-void function "populate"
compiling slider.c...
linking...
Program Size: Code=31284 RO-data=15000 RW-data=1440 ZI-data=40312  
User command #1: fromelf --bin --output .\rvmdk\hello.bin .\rvmdk\hello.axf
".\rvmdk\hello.axf" - 0 Error(s), 4 Warning(s).
Load "C:\\SW-DK-LM3S9B96-9107\\boards\\dk-lm3s9b96\\Rhythm Master\\rvmdk\\hello.AXF" 
Connecting: Mode=JTAG, Speed=1000000Hz
Erase Done.
Programming Done.
Verify OK.
Build target 'hello'
compiling kitronix320x240x16_ssd2119_8bit.c...
compiling set_pinout.c...
assembling startup_rvmdk.S...
compiling touch.c...
compiling ff.c...
..\..\..\third_party\fatfs\src\ff.c(573): warning:  #1293-D: assignment in condition
..\..\..\third_party\fatfs\src\ff.c(648): warning:  #1293-D: assignment in condition
..\..\..\third_party\fatfs\src\ff.c(1255): warning:  #188-D: enumerated type mixed with another type
compiling mmc-dk-lm3s9b96.c...
compiling uart.c...
compiling gpio.c...
compiling ustdlib.c...
compiling tlv320aic23b.c...
compiling sound.c...
compiling rhythm.c...
rhythm.c(1202): warning:  #940-D: missing return statement at end of non-void function "populate"
compiling slider.c...
linking...
Program Size: Code=31300 RO-data=15000 RW-data=1440 ZI-data=40312  
User command #1: fromelf --bin --output .\rvmdk\hello.bin .\rvmdk\hello.axf
".\rvmdk\hello.axf" - 0 Error(s), 4 Warning(s).
Load "C:\\SW-DK-LM3S9B96-9107\\boards\\dk-lm3s9b96\\Rhythm Master\\rvmdk\\hello.AXF" 
Connecting: Mode=JTAG, Speed=1000000Hz
Erase Done.
Programming Done.
Verify OK.
Build target 'hello'
compiling kitronix320x240x16_ssd2119_8bit.c...
compiling set_pinout.c...
assembling startup_rvmdk.S...
compiling touch.c...
compiling ff.c...
..\..\..\third_party\fatfs\src\ff.c(573): warning:  #1293-D: assignment in condition
..\..\..\third_party\fatfs\src\ff.c(648): warning:  #1293-D: assignment in condition
..\..\..\third_party\fatfs\src\ff.c(1255): warning:  #188-D: enumerated type mixed with another type
compiling mmc-dk-lm3s9b96.c...
compiling uart.c...
compiling gpio.c...
compiling ustdlib.c...
compiling tlv320aic23b.c...
compiling sound.c...
compiling rhythm.c...
rhythm.c(1203): warning:  #940-D: missing return statement at end of non-void function "populate"
compiling slider.c...
linking...
Program Size: Code=31304 RO-data=15000 RW-data=1440 ZI-data=40312  
User command #1: fromelf --bin --output .\rvmdk\hello.bin .\rvmdk\hello.axf
".\rvmdk\hello.axf" - 0 Error(s), 4 Warning(s).
Load "C:\\SW-DK-LM3S9B96-9107\\boards\\dk-lm3s9b96\\Rhythm Master\\rvmdk\\hello.AXF" 
Connecting: Mode=JTAG, Speed=1000000Hz
Erase Done.
Programming Done.
Verify OK.
